ARM Linker, 5.03 [Build 76] [MDK-ARM Standard]

==============================================================================

Section Cross References

    main.o(i.main) refers to bsp.o(i.BSP_Init) for BSP_Init
    main.o(i.main) refers to afe4490oxiprocess.o(i.Afe4490_Oxi_Handle) for Afe4490_Oxi_Handle
    main.o(i.main) refers to processpacket.o(i.AnalyseUart1Packet) for AnalyseUart1Packet
    main.o(i.main) refers to stm32f2xx_iwdg.o(i.IWDG_ReloadCounter) for IWDG_ReloadCounter
    global.o(i.SystickDelay1ms) refers to global.o(.data) for g_delay_tick
    global.o(i.WorkLed) refers to stm32f2xx_gpio.o(i.GPIO_ToggleBits) for GPIO_ToggleBits
    startup_stm32f2xx.o(RESET) refers to startup_stm32f2xx.o(.text) for Reset_Handler
    startup_stm32f2xx.o(RESET) refers to stm32f2xx_it.o(i.NMI_Handler) for NMI_Handler
    startup_stm32f2xx.o(RESET) refers to stm32f2xx_it.o(i.HardFault_Handler) for HardFault_Handler
    startup_stm32f2xx.o(RESET) refers to stm32f2xx_it.o(i.MemManage_Handler) for MemManage_Handler
    startup_stm32f2xx.o(RESET) refers to stm32f2xx_it.o(i.BusFault_Handler) for BusFault_Handler
    startup_stm32f2xx.o(RESET) refers to stm32f2xx_it.o(i.UsageFault_Handler) for UsageFault_Handler
    startup_stm32f2xx.o(RESET) refers to stm32f2xx_it.o(i.SVC_Handler) for SVC_Handler
    startup_stm32f2xx.o(RESET) refers to stm32f2xx_it.o(i.DebugMon_Handler) for DebugMon_Handler
    startup_stm32f2xx.o(RESET) refers to stm32f2xx_it.o(i.PendSV_Handler) for PendSV_Handler
    startup_stm32f2xx.o(RESET) refers to stm32f2xx_it.o(i.SysTick_Handler) for SysTick_Handler
    startup_stm32f2xx.o(RESET) refers to stm32f2xx_it.o(i.EXTI3_IRQHandler) for EXTI3_IRQHandler
    startup_stm32f2xx.o(RESET) refers to stm32f2xx_it.o(i.EXTI4_IRQHandler) for EXTI4_IRQHandler
    startup_stm32f2xx.o(RESET) refers to stm32f2xx_it.o(i.TIM1_CC_IRQHandler) for TIM1_CC_IRQHandler
    startup_stm32f2xx.o(RESET) refers to stm32f2xx_it.o(i.TIM2_IRQHandler) for TIM2_IRQHandler
    startup_stm32f2xx.o(RESET) refers to stm32f2xx_it.o(i.TIM3_IRQHandler) for TIM3_IRQHandler
    startup_stm32f2xx.o(RESET) refers to stm32f2xx_it.o(i.TIM4_IRQHandler) for TIM4_IRQHandler
    startup_stm32f2xx.o(RESET) refers to stm32f2xx_it.o(i.USART1_IRQHandler) for USART1_IRQHandler
    startup_stm32f2xx.o(RESET) refers to stm32f2xx_it.o(i.USART2_IRQHandler) for USART2_IRQHandler
    startup_stm32f2xx.o(RESET) refers to stm32f2xx_it.o(i.USART3_IRQHandler) for USART3_IRQHandler
    startup_stm32f2xx.o(RESET) refers to stm32f2xx_it.o(i.TIM5_IRQHandler) for TIM5_IRQHandler
    startup_stm32f2xx.o(RESET) refers to stm32f2xx_it.o(i.UART4_IRQHandler) for UART4_IRQHandler
    startup_stm32f2xx.o(RESET) refers to stm32f2xx_it.o(i.UART5_IRQHandler) for UART5_IRQHandler
    startup_stm32f2xx.o(RESET) refers to stm32f2xx_it.o(i.USART6_IRQHandler) for USART6_IRQHandler
    startup_stm32f2xx.o(.text) refers to system_stm32f2xx.o(i.SystemInit) for SystemInit
    startup_stm32f2xx.o(.text) refers to startup_stm32f2xx.o(STACK) for __initial_sp
    startup_stm32f2xx.o(.text) refers to entry.o(.ARM.Collect$$$$00000000) for __main
    system_stm32f2xx.o(i.SystemCoreClockUpdate) refers to system_stm32f2xx.o(.data) for SystemCoreClock
    system_stm32f2xx.o(i.SystemInit) refers to system_stm32f2xx.o(i.SetSysClock) for SetSysClock
    stm32f2xx_adc.o(i.ADC_DeInit) refers to stm32f2xx_rcc.o(i.RCC_APB2PeriphResetCmd) for RCC_APB2PeriphResetCmd
    stm32f2xx_can.o(i.CAN_DeInit) refers to stm32f2xx_rcc.o(i.RCC_APB1PeriphResetCmd) for RCC_APB1PeriphResetCmd
    stm32f2xx_can.o(i.CAN_GetITStatus) refers to stm32f2xx_can.o(i.CheckITStatus) for CheckITStatus
    stm32f2xx_cryp.o(i.CRYP_DeInit) refers to stm32f2xx_rcc.o(i.RCC_AHB2PeriphResetCmd) for RCC_AHB2PeriphResetCmd
    stm32f2xx_cryp_aes.o(i.CRYP_AES_CBC) refers to stm32f2xx_cryp.o(i.CRYP_KeyStructInit) for CRYP_KeyStructInit
    stm32f2xx_cryp_aes.o(i.CRYP_AES_CBC) refers to stm32f2xx_cryp.o(i.CRYP_FIFOFlush) for CRYP_FIFOFlush
    stm32f2xx_cryp_aes.o(i.CRYP_AES_CBC) refers to stm32f2xx_cryp.o(i.CRYP_Init) for CRYP_Init
    stm32f2xx_cryp_aes.o(i.CRYP_AES_CBC) refers to stm32f2xx_cryp.o(i.CRYP_KeyInit) for CRYP_KeyInit
    stm32f2xx_cryp_aes.o(i.CRYP_AES_CBC) refers to stm32f2xx_cryp.o(i.CRYP_Cmd) for CRYP_Cmd
    stm32f2xx_cryp_aes.o(i.CRYP_AES_CBC) refers to stm32f2xx_cryp.o(i.CRYP_GetFlagStatus) for CRYP_GetFlagStatus
    stm32f2xx_cryp_aes.o(i.CRYP_AES_CBC) refers to stm32f2xx_cryp.o(i.CRYP_IVInit) for CRYP_IVInit
    stm32f2xx_cryp_aes.o(i.CRYP_AES_CBC) refers to stm32f2xx_cryp.o(i.CRYP_DataIn) for CRYP_DataIn
    stm32f2xx_cryp_aes.o(i.CRYP_AES_CBC) refers to stm32f2xx_cryp.o(i.CRYP_DataOut) for CRYP_DataOut
    stm32f2xx_cryp_aes.o(i.CRYP_AES_CTR) refers to stm32f2xx_cryp.o(i.CRYP_KeyStructInit) for CRYP_KeyStructInit
    stm32f2xx_cryp_aes.o(i.CRYP_AES_CTR) refers to stm32f2xx_cryp.o(i.CRYP_KeyInit) for CRYP_KeyInit
    stm32f2xx_cryp_aes.o(i.CRYP_AES_CTR) refers to stm32f2xx_cryp.o(i.CRYP_Init) for CRYP_Init
[...]
    SpO2\piprocess.c                         0x00000000   Number         0  piprocess.o ABSOLUTE
    SpO2\plethwave.c                         0x00000000   Number         0  plethwave.o ABSOLUTE
    SpO2\rtable.c                            0x00000000   Number         0  rtable.o ABSOLUTE
    SpO2\spo2tools.c                         0x00000000   Number         0  spo2tools.o ABSOLUTE
    SpO2\threshold.c                         0x00000000   Number         0  threshold.o ABSOLUTE
    Usart\\processpacket.c                   0x00000000   Number         0  processpacket.o ABSOLUTE
    Usart\processpacket.c                    0x00000000   Number         0  processpacket.o ABSOLUTE
    cdrcmple.s                               0x00000000   Number         0  cdrcmple.o ABSOLUTE
    cfcmple.s                                0x00000000   Number         0  cfcmple.o ABSOLUTE
    cfrcmple.s                               0x00000000   Number         0  cfrcmple.o ABSOLUTE
    dc.s                                     0x00000000   Number         0  dc.o ABSOLUTE
    handlers.s                               0x00000000   Number         0  handlers.o ABSOLUTE
    init.s                                   0x00000000   Number         0  init.o ABSOLUTE
    RESET                                    0x08000000   Section      388  startup_stm32f2xx.o(RESET)
    .ARM.Collect$$$$00000000                 0x08000184   Section        0  entry.o(.ARM.Collect$$$$00000000)
    .ARM.Collect$$$$00000001                 0x08000184   Section        4  entry2.o(.ARM.Collect$$$$00000001)
    .ARM.Collect$$$$00000004                 0x08000188   Section        4  entry5.o(.ARM.Collect$$$$00000004)
    .ARM.Collect$$$$00000008                 0x0800018c   Section        0  entry7b.o(.ARM.Collect$$$$00000008)
    .ARM.Collect$$$$0000000A                 0x0800018c   Section        0  entry8b.o(.ARM.Collect$$$$0000000A)
    .ARM.Collect$$$$0000000B                 0x0800018c   Section        8  entry9a.o(.ARM.Collect$$$$0000000B)
    .ARM.Collect$$$$0000000D                 0x08000194   Section        0  entry10a.o(.ARM.Collect$$$$0000000D)
    .ARM.Collect$$$$0000000F                 0x08000194   Section        0  entry11a.o(.ARM.Collect$$$$0000000F)
    .ARM.Collect$$$$00002712                 0x08000194   Section        4  entry2.o(.ARM.Collect$$$$00002712)
    __lit__00000000                          0x08000194   Data           4  entry2.o(.ARM.Collect$$$$00002712)
    .emb_text                                0x08000198   Section        2  stm32f2xx_it.o(.emb_text)
    .text                                    0x0800019c   Section       48  startup_stm32f2xx.o(.text)
    .text                                    0x080001cc   Section        0  memmovea.o(.text)
    .text                                    0x0800020c   Section        0  memseta.o(.text)
    .text                                    0x08000230   Section        0  fadd.o(.text)
    .text                                    0x080002e0   Section        0  fmul.o(.text)
    .text                                    0x0800034c   Section        0  fdiv.o(.text)
    .text                                    0x080003cc   Section        0  dadd.o(.text)
    .text                                    0x0800051a   Section        0  dmul.o(.text)
    .text                                    0x080005fe   Section        0  ddiv.o(.text)
    .text                                    0x080006dc   Section        0  fflti.o(.text)
    .text                                    0x080006ee   Section        0  ffltui.o(.text)
    .text                                    0x080006f8   Section        0  dflti.o(.text)
    .text                                    0x0800071a   Section        0  dfltui.o(.text)
    .text                                    0x08000734   Section        0  ffixui.o(.text)
    .text                                    0x0800075c   Section        0  dfixi.o(.text)
    .text                                    0x0800079a   Section        0  dfixui.o(.text)
    .text                                    0x080007cc   Section        0  f2d.o(.text)
    .text                                    0x080007f4   Section       40  cdrcmple.o(.text)
    .text                                    0x0800081c   Section       20  cfcmple.o(.text)
    .text                                    0x08000830   Section       20  cfrcmple.o(.text)
    .text                                    0x08000844   Section        0  llshl.o(.text)
    .text                                    0x08000862   Section        0  llushr.o(.text)
    .text                                    0x08000882   Section        0  llsshr.o(.text)
    .text                                    0x080008a6   Section        0  iusefp.o(.text)
    .text                                    0x080008a6   Section        0  fepilogue.o(.text)
    .text                                    0x08000912   Section        0  depilogue.o(.text)
    .text                                    0x080009d0   Section       36  init.o(.text)
    .text                                    0x080009f4   Section        0  __dczerorl2.o(.text)
    i.AFE4490_Check_Sensor                   0x08000a50   Section        0  afe4490.o(i.AFE4490_Check_Sensor)
    i.AFE4490_Check_SensorNotConnect         0x08000acc   Section        0  afe4490.o(i.AFE4490_Check_SensorNotConnect)
    i.AFE4490_Enable                         0x08000ae4   Section        0  afe4490.o(i.AFE4490_Enable)
    i.AFE4490_Read_All_Register              0x08000b0c   Section        0  afe4490.o(i.AFE4490_Read_All_Register)
    i.AFE4490_Sampling                       0x08000b34   Section        0  afe4490.o(i.AFE4490_Sampling)
    i.AddLedCurrent                          0x08000bf4   Section        0  ledcurrent.o(i.AddLedCurrent)
    i.AddOriginalData                        0x08000c20   Section        0  algorithm.o(i.AddOriginalData)
    i.AddPIData                              0x08000ed4   Section        0  piprocess.o(i.AddPIData)
    i.AddSimulationWaveData                  0x08000f60   Section        0  plethwave.o(i.AddSimulationWaveData)
    i.Afe4490_Oxi_Handle                     0x08000fcc   Section        0  afe4490oxiprocess.o(i.Afe4490_Oxi_Handle)
    i.AnalyseUart1Packet                     0x08001070   Section        0  processpacket.o(i.AnalyseUart1Packet)
    i.BSP_Init                               0x080010ac   Section        0  bsp.o(i.BSP_Init)
    i.BusFault_Handler                       0x080010d8   Section        0  stm32f2xx_it.o(i.BusFault_Handler)
    i.CalcPI                                 0x080010dc   Section        0  piprocess.o(i.CalcPI)
    i.CalcPR                                 0x08001150   Section        0  spo2tools.o(i.CalcPR)
    i.CalcRValue                             0x080011a2   Section        0  spo2tools.o(i.CalcRValue)
    i.CheckHeartBeat                         0x08001204   Section        0  plethwave.o(i.CheckHeartBeat)
    i.CheckP2P                               0x080012c0   Section        0  parameterprocess.o(i.CheckP2P)
    i.CheckPulseBeat                         0x0800149c   Section        0  parameterprocess.o(i.CheckPulseBeat)
    i.ClearPIData                            0x08001524   Section        0  piprocess.o(i.ClearPIData)
    i.ClearParameterData                     0x08001550   Section        0  algorithm.o(i.ClearParameterData)
    i.ClearProcessOxiData                    0x080015cc   Section        0  algorithm.o(i.ClearProcessOxiData)
    i.ClearSimulationWaveData                0x0800168c   Section        0  plethwave.o(i.ClearSimulationWaveData)
    i.CopyPlethData                          0x080016c4   Section        0  plethwave.o(i.CopyPlethData)
    i.DebugMon_Handler                       0x08001708   Section        0  stm32f2xx_it.o(i.DebugMon_Handler)
    i.EXTI3_IRQHandler                       0x0800170c   Section        0  stm32f2xx_it.o(i.EXTI3_IRQHandler)
    i.EXTI4_IRQHandler                       0x0800172c   Section        0  stm32f2xx_it.o(i.EXTI4_IRQHandler)
    i.EXTI_ClearITPendingBit                 0x08001740   Section        0  stm32f2xx_exti.o(i.EXTI_ClearITPendingBit)
    i.EXTI_Configuration                     0x0800174c   Section        0  bsp.o(i.EXTI_Configuration)
    i.EXTI_GenerateSWInterrupt               0x080017f4   Section        0  stm32f2xx_exti.o(i.EXTI_GenerateSWInterrupt)
    i.EXTI_GetITStatus                       0x08001804   Section        0  stm32f2xx_exti.o(i.EXTI_GetITStatus)
    i.EXTI_Init                              0x0800182c   Section        0  stm32f2xx_exti.o(i.EXTI_Init)
    i.EnableWrite                            0x080018c0   Section        0  afe4490.o(i.EnableWrite)
    i.FLASH_SetLatency                       0x08001914   Section        0  stm32f2xx_flash.o(i.FLASH_SetLatency)
    i.FillBciBuffer                          0x08001920   Section        0  bciprotocol.o(i.FillBciBuffer)
    i.FillRspPacket                          0x08001cd8   Section        0  processpacket.o(i.FillRspPacket)
    i.FindOptimalP2P                         0x08001dbc   Section        0  parameterprocess.o(i.FindOptimalP2P)
    i.FindP2P                                0x080020c8   Section        0  algorithm.o(i.FindP2P)
    i.FindP2P_Method1                        0x08002378   Section        0  algorithm.o(i.FindP2P_Method1)
    i.GPIO_Config                            0x08002590   Section        0  bsp.o(i.GPIO_Config)
    i.GPIO_Init                              0x08002664   Section        0  stm32f2xx_gpio.o(i.GPIO_Init)
    i.GPIO_PinAFConfig                       0x080026f4   Section        0  stm32f2xx_gpio.o(i.GPIO_PinAFConfig)
    i.GPIO_PinAFConfig1                      0x080028c4   Section        0  stm32f2xx_gpio.o(i.GPIO_PinAFConfig1)
    i.GPIO_ReadInputDataBit                  0x0800290a   Section        0  stm32f2xx_gpio.o(i.GPIO_ReadInputDataBit)
    i.GPIO_ResetBits                         0x0800291c   Section        0  stm32f2xx_gpio.o(i.GPIO_ResetBits)
    i.GPIO_SetBits                           0x08002920   Section        0  stm32f2xx_gpio.o(i.GPIO_SetBits)
    i.GPIO_ToggleBits                        0x08002924   Section        0  stm32f2xx_gpio.o(i.GPIO_ToggleBits)
    i.GetBciPlethData                        0x0800292c   Section        0  plethwave.o(i.GetBciPlethData)
    i.GetFilterData                          0x08002a4c   Section        0  algorithm.o(i.GetFilterData)
    i.GetP2PValue                            0x08002aa4   Section        0  algorithm.o(i.GetP2PValue)
    i.GetValueInterval                       0x08002b3c   Section        0  spo2tools.o(i.GetValueInterval)
    i.HardFault_Handler                      0x08002b4a   Section        0  stm32f2xx_it.o(i.HardFault_Handler)
    i.IWDG_Configuration                     0x08002b52   Section        0  bsp.o(i.IWDG_Configuration)
    i.IWDG_Enable                            0x08002b74   Section        0  stm32f2xx_iwdg.o(i.IWDG_Enable)
    i.IWDG_ReloadCounter                     0x08002b84   Section        0  stm32f2xx_iwdg.o(i.IWDG_ReloadCounter)
    i.IWDG_SetPrescaler                      0x08002b94   Section        0  stm32f2xx_iwdg.o(i.IWDG_SetPrescaler)
    i.IWDG_SetReload                         0x08002ba0   Section        0  stm32f2xx_iwdg.o(i.IWDG_SetReload)
    i.IWDG_WriteAccessCmd                    0x08002bac   Section        0  stm32f2xx_iwdg.o(i.IWDG_WriteAccessCmd)
    i.InitAfe4490                            0x08002bb8   Section        0  afe4490.o(i.InitAfe4490)
    i.IntCoeff                               0x08002d68   Section        0  intcoeff.o(i.IntCoeff)
    i.LedCurrentControl                      0x08002f94   Section        0  ledcurrent.o(i.LedCurrentControl)
    i.MaxMinPlethData                        0x080030b4   Section        0  plethwave.o(i.MaxMinPlethData)
    i.MaxMinSn_S32                           0x08003158   Section        0  spo2tools.o(i.MaxMinSn_S32)
    i.MemManage_Handler                      0x080031b8   Section        0  stm32f2xx_it.o(i.MemManage_Handler)
    i.NMI_Handler                            0x080031bc   Section        0  stm32f2xx_it.o(i.NMI_Handler)
    i.NVIC_Init                              0x080031c0   Section        0  misc.o(i.NVIC_Init)
    i.NVIC_init                              0x08003238   Section        0  bsp.o(i.NVIC_init)
    i.OXI_Handle                             0x08003294   Section        0  algorithm.o(i.OXI_Handle)
    i.PI_Process                             0x080032c0   Section        0  parameterprocess.o(i.PI_Process)
    i.PRIsValid                              0x08003328   Section        0  spo2tools.o(i.PRIsValid)
    i.PRSpO2_Process                         0x0800333c   Section        0  parameterprocess.o(i.PRSpO2_Process)
    i.PR_Process                             0x08003370   Section        0  parameterprocess.o(i.PR_Process)
    i.PendSV_Handler                         0x080036f4   Section        0  stm32f2xx_it.o(i.PendSV_Handler)
    i.RCC_AHB1PeriphClockCmd                 0x080036f8   Section        0  stm32f2xx_rcc.o(i.RCC_AHB1PeriphClockCmd)
    i.RCC_APB1PeriphClockCmd                 0x08003718   Section        0  stm32f2xx_rcc.o(i.RCC_APB1PeriphClockCmd)
    i.RCC_APB1PeriphResetCmd                 0x08003738   Section        0  stm32f2xx_rcc.o(i.RCC_APB1PeriphResetCmd)
    i.RCC_APB2PeriphClockCmd                 0x08003758   Section        0  stm32f2xx_rcc.o(i.RCC_APB2PeriphClockCmd)
    i.RCC_APB2PeriphResetCmd                 0x08003778   Section        0  stm32f2xx_rcc.o(i.RCC_APB2PeriphResetCmd)
    i.RCC_Configuration                      0x08003798   Section        0  bsp.o(i.RCC_Configuration)
    i.RCC_DeInit                             0x08003820   Section        0  stm32f2xx_rcc.o(i.RCC_DeInit)
    i.RCC_GetClocksFreq                      0x08003868   Section        0  stm32f2xx_rcc.o(i.RCC_GetClocksFreq)
    i.RCC_GetFlagStatus                      0x08003950   Section        0  stm32f2xx_rcc.o(i.RCC_GetFlagStatus)
    i.RCC_GetSYSCLKSource                    0x08003990   Section        0  stm32f2xx_rcc.o(i.RCC_GetSYSCLKSource)
    i.RCC_HCLKConfig                         0x080039a0   Section        0  stm32f2xx_rcc.o(i.RCC_HCLKConfig)
    i.RCC_HSEConfig                          0x080039b8   Section        0  stm32f2xx_rcc.o(i.RCC_HSEConfig)
    i.RCC_PCLK1Config                        0x080039c8   Section        0  stm32f2xx_rcc.o(i.RCC_PCLK1Config)
    i.RCC_PCLK2Config                        0x080039e0   Section        0  stm32f2xx_rcc.o(i.RCC_PCLK2Config)
    i.RCC_PLLCmd                             0x080039f8   Section        0  stm32f2xx_rcc.o(i.RCC_PLLCmd)
    i.RCC_PLLConfig                          0x08003a04   Section        0  stm32f2xx_rcc.o(i.RCC_PLLConfig)
    i.RCC_SYSCLKConfig                       0x08003a28   Section        0  stm32f2xx_rcc.o(i.RCC_SYSCLKConfig)
    i.RCC_WaitForHSEStartUp                  0x08003a40   Section        0  stm32f2xx_rcc.o(i.RCC_WaitForHSEStartUp)
    i.ReadCommand                            0x08003a78   Section        0  afe4490.o(i.ReadCommand)
    i.ReduceLedCurrent                       0x08003ac0   Section        0  ledcurrent.o(i.ReduceLedCurrent)
    i.ResetIntCoeff                          0x08003ae8   Section        0  intcoeff.o(i.ResetIntCoeff)
    i.SPI1_SendByte                          0x08003b30   Section        0  afe4490.o(i.SPI1_SendByte)
    i.SPI_Cmd                                0x08003b6c   Section        0  stm32f2xx_spi.o(i.SPI_Cmd)
    i.SPI_I2S_GetFlagStatus                  0x08003b84   Section        0  stm32f2xx_spi.o(i.SPI_I2S_GetFlagStatus)
    i.SPI_I2S_ReceiveData                    0x08003b96   Section        0  stm32f2xx_spi.o(i.SPI_I2S_ReceiveData)
    i.SPI_I2S_SendData                       0x08003b9c   Section        0  stm32f2xx_spi.o(i.SPI_I2S_SendData)
    i.SPI_Init                               0x08003ba0   Section        0  stm32f2xx_spi.o(i.SPI_Init)
    i.SVC_Handler                            0x08003bdc   Section        0  stm32f2xx_it.o(i.SVC_Handler)
    i.SYSCFG_EXTILineConfig                  0x08003be0   Section        0  stm32f2xx_syscfg.o(i.SYSCFG_EXTILineConfig)
    i.SetLedCurrent                          0x08003c20   Section        0  ledcurrent.o(i.SetLedCurrent)
    i.SetSysClock                            0x08003c70   Section        0  system_stm32f2xx.o(i.SetSysClock)
    SetSysClock                              0x08003c71   Thumb Code   190  system_stm32f2xx.o(i.SetSysClock)
    i.SortU16                                0x08003d3c   Section        0  spo2tools.o(i.SortU16)
    i.SpO2IsValid                            0x08003d7a   Section        0  spo2tools.o(i.SpO2IsValid)
    i.SpO2LookupTable                        0x08003d8c   Section        0  rtable.o(i.SpO2LookupTable)
    i.SpO2_Process                           0x08003e58   Section        0  parameterprocess.o(i.SpO2_Process)
    i.Spi_Init                               0x080042bc   Section        0  bsp.o(i.Spi_Init)
    i.SysTickConfig                          0x08004388   Section        0  bsp.o(i.SysTickConfig)
    i.SysTick_Handler                        0x080043f0   Section        0  stm32f2xx_it.o(i.SysTick_Handler)
    i.SystemCoreClockUpdate                  0x08004408   Section        0  system_stm32f2xx.o(i.SystemCoreClockUpdate)
    i.SystemInit                             0x080044c8   Section        0  system_stm32f2xx.o(i.SystemInit)
    i.SystickDelay1ms                        0x08004524   Section        0  global.o(i.SystickDelay1ms)
    i.TIM1_CC_IRQHandler                     0x08004538   Section        0  stm32f2xx_it.o(i.TIM1_CC_IRQHandler)
    i.TIM2_IRQHandler                        0x08004558   Section        0  stm32f2xx_it.o(i.TIM2_IRQHandler)
    i.TIM3_IRQHandler                        0x08004570   Section        0  stm32f2xx_it.o(i.TIM3_IRQHandler)
    i.TIM4_IRQHandler                        0x0800458c   Section        0  stm32f2xx_it.o(i.TIM4_IRQHandler)
    i.TIM5_IRQHandler                        0x080045a8   Section        0  stm32f2xx_it.o(i.TIM5_IRQHandler)
    i.TIM_ClearITPendingBit                  0x080045c4   Section        0  stm32f2xx_tim.o(i.TIM_ClearITPendingBit)
    i.TIM_Configuration                      0x080045ca   Section        0  bsp.o(i.TIM_Configuration)
    i.TIM_GetITStatus                        0x080045cc   Section        0  stm32f2xx_tim.o(i.TIM_GetITStatus)
    i.UART4_IRQHandler                       0x080045f0   Section        0  stm32f2xx_it.o(i.UART4_IRQHandler)
    i.UART5_IRQHandler                       0x08004670   Section        0  stm32f2xx_it.o(i.UART5_IRQHandler)
    i.USART1_IRQHandler                      0x080046a4   Section        0  stm32f2xx_it.o(i.USART1_IRQHandler)
    i.USART2_IRQHandler                      0x08004748   Section        0  stm32f2xx_it.o(i.USART2_IRQHandler)
    i.USART3_IRQHandler                      0x08004788   Section        0  stm32f2xx_it.o(i.USART3_IRQHandler)
    i.USART6_IRQHandler                      0x080047bc   Section        0  stm32f2xx_it.o(i.USART6_IRQHandler)
    i.USART_ClearFlag                        0x0800483c   Section        0  stm32f2xx_usart.o(i.USART_ClearFlag)
    i.USART_ClearITPendingBit                0x0800484e   Section        0  stm32f2xx_usart.o(i.USART_ClearITPendingBit)
    i.USART_Cmd                              0x0800486c   Section        0  stm32f2xx_usart.o(i.USART_Cmd)
    i.USART_DeInit                           0x08004884   Section        0  stm32f2xx_usart.o(i.USART_DeInit)
    i.USART_GetITStatus                      0x08004938   Section        0  stm32f2xx_usart.o(i.USART_GetITStatus)
    i.USART_ITConfig                         0x0800498c   Section        0  stm32f2xx_usart.o(i.USART_ITConfig)
    i.USART_Init                             0x080049d8   Section        0  stm32f2xx_usart.o(i.USART_Init)
    i.USART_ReceiveData                      0x08004aac   Section        0  stm32f2xx_usart.o(i.USART_ReceiveData)
    i.USART_SendData                         0x08004ab6   Section        0  stm32f2xx_usart.o(i.USART_SendData)
    i.UsageFault_Handler                     0x08004abe   Section        0  stm32f2xx_it.o(i.UsageFault_Handler)
    i.Usart_Init                             0x08004ac4   Section        0  bsp.o(i.Usart_Init)
    i.WorkLed                                0x08004c60   Section        0  global.o(i.WorkLed)
    i.WriteCommand                           0x08004c74   Section        0  afe4490.o(i.WriteCommand)
    i.__scatterload_copy                     0x08004cb8   Section       14  handlers.o(i.__scatterload_copy)
    i.__scatterload_null                     0x08004cc6   Section        2  handlers.o(i.__scatterload_null)
    i.__scatterload_zeroinit                 0x08004cc8   Section       14  handlers.o(i.__scatterload_zeroinit)
    i.main                                   0x08004cd6   Section        0  main.o(i.main)
    i.sort_dunk_float                        0x08004cea   Section        0  spo2tools.o(i.sort_dunk_float)
    .data                                    0x20000000   Section      354  global.o(.data)
    .data                                    0x20000164   Section       20  system_stm32f2xx.o(.data)
    .data                                    0x20000178   Section       16  stm32f2xx_rcc.o(.data)
    APBAHBPrescTable                         0x20000178   Data          16  stm32f2xx_rcc.o(.data)
    .data                                    0x20000188   Section        4  bsp.o(.data)
    HSEStartUpStatus                         0x20000188   Data           4  bsp.o(.data)
    .data                                    0x2000018c   Section       56  spo2tools.o(.data)
    .data                                    0x200001c4   Section        2  afe4490.o(.data)
    counttimes                               0x200001c4   Data           1  afe4490.o(.data)
    flag                                     0x200001c5   Data           1  afe4490.o(.data)
    .data                                    0x200001c8   Section       16  afe4490oxiprocess.o(.data)
    .data                                    0x200001d8   Section       12  bciprotocol.o(.data)
    .data                                    0x200001e4   Section       94  algorithm.o(.data)
    pTopValue                                0x20000210   Data           4  algorithm.o(.data)
    pTopStep                                 0x20000214   Data           4  algorithm.o(.data)
    pBottomValue                             0x20000218   Data           4  algorithm.o(.data)
    pBottomStep                              0x2000021c   Data           4  algorithm.o(.data)
    pTopNumber                               0x20000220   Data           4  algorithm.o(.data)
    pBottomNumber                            0x20000224   Data           4  algorithm.o(.data)
    top_number                               0x20000228   Data           1  algorithm.o(.data)
    bottom_number                            0x20000229   Data           1  algorithm.o(.data)
    count_top                                0x2000022a   Data           2  algorithm.o(.data)
    count_bottom                             0x2000022c   Data           2  algorithm.o(.data)
    pIRed                                    0x20000238   Data           4  algorithm.o(.data)
    pRed                                     0x2000023c   Data           4  algorithm.o(.data)
    point_interval                           0x20000240   Data           2  algorithm.o(.data)
    .data                                    0x20000244   Section       33  plethwave.o(.data)
    .data                                    0x20000268   Section       42  parameterprocess.o(.data)
    .data                                    0x20000294   Section      408  piprocess.o(.data)
    .data                                    0x2000042c   Section       16  ledcurrent.o(.data)
    .data                                    0x2000043c   Section      128  rtable.o(.data)
    .data                                    0x200004bc   Section       12  intcoeff.o(.data)
    .data                                    0x200004c8   Section        2  processpacket.o(.data)
    .bss                                     0x200004cc   Section     2336  global.o(.bss)
    .bss                                     0x20000dec   Section      280  afe4490.o(.bss)
    .bss                                     0x20000f04   Section    21152  afe4490oxiprocess.o(.bss)
    .bss                                     0x200061a4   Section       64  bciprotocol.o(.bss)
    .bss                                     0x200061e4   Section      928  algorithm.o(.bss)
    .bss                                     0x20006584   Section     5400  plethwave.o(.bss)
    .bss                                     0x20007a9c   Section     3120  parameterprocess.o(.bss)
    .bss                                     0x200086cc   Section     2400  piprocess.o(.bss)
    .bss                                     0x20009030   Section     2640  intcoeff.o(.bss)
    STACK                                    0x20009a80   Section    30720  startup_stm32f2xx.o(STACK)

    Global Symbols

    Symbol Name                              Value     Ov Type        Size  Object(Section)

    BuildAttributes$$THM_ISAv4$P$D$K$B$S$PE$A:L22UL41UL21$X:L11$S22US41US21$IEEE1$IW$USESV6$~STKCKD$USESV7$~SHL$OTIME$ROPI$IEEEX$EBA8$MICROLIB$REQ8$PRES8$EABIv2 0x00000000   Number         0  anon$$obj.o ABSOLUTE
    __ARM_use_no_argv                        0x00000000   Number         0  main.o ABSOLUTE
    __cpp_initialize__aeabi_                  - Undefined Weak Reference
    __cxa_finalize                            - Undefined Weak Reference
    _clock_init                               - Undefined Weak Reference
    _microlib_exit                            - Undefined Weak Reference
    __Vectors_Size                           0x00000184   Number         0  startup_stm32f2xx.o ABSOLUTE
    __Vectors                                0x08000000   Data           4  startup_stm32f2xx.o(RESET)
    __Vectors_End                            0x08000184   Data           0  startup_stm32f2xx.o(RESET)
    __main                                   0x08000185   Thumb Code     0  entry.o(.ARM.Collect$$$$00000000)
    _main_stk                                0x08000185   Thumb Code     0  entry2.o(.ARM.Collect$$$$00000001)
    _main_scatterload                        0x08000189   Thumb Code     0  entry5.o(.ARM.Collect$$$$00000004)
    __main_after_scatterload                 0x0800018d   Thumb Code     0  entry5.o(.ARM.Collect$$$$00000004)
    _main_clock                              0x0800018d   Thumb Code     0  entry7b.o(.ARM.Collect$$$$00000008)
    _main_cpp_init                           0x0800018d   Thumb Code     0  entry8b.o(.ARM.Collect$$$$0000000A)
    _main_init                               0x0800018d   Thumb Code     0  entry9a.o(.ARM.Collect$$$$0000000B)
    __rt_final_cpp                           0x08000195   Thumb Code     0  entry10a.o(.ARM.Collect$$$$0000000D)
    __rt_final_exit                          0x08000195   Thumb Code     0  entry11a.o(.ARM.Collect$$$$0000000F)
    wait                                     0x08000199   Thumb Code     2  stm32f2xx_it.o(.emb_text)
    Reset_Handler                            0x0800019d   Thumb Code    14  startup_stm32f2xx.o(.text)
    ADC_IRQHandler                           0x080001bd   Thumb Code     0  startup_stm32f2xx.o(.text)
    CAN1_RX0_IRQHandler                      0x080001bd   Thumb Code     0  startup_stm32f2xx.o(.text)
    CAN1_RX1_IRQHandler                      0x080001bd   Thumb Code     0  startup_stm32f2xx.o(.text)
    CAN1_SCE_IRQHandler                      0x080001bd   Thumb Code     0  startup_stm32f2xx.o(.text)
    CAN1_TX_IRQHandler                       0x080001bd   Thumb Code     0  startup_stm32f2xx.o(.text)
    CAN2_RX0_IRQHandler                      0x080001bd   Thumb Code     0  startup_stm32f2xx.o(.text)
    CAN2_RX1_IRQHandler                      0x080001bd   Thumb Code     0  startup_stm32f2xx.o(.text)
    CAN2_SCE_IRQHandler                      0x080001bd   Thumb Code     0  startup_stm32f2xx.o(.text)
    CAN2_TX_IRQHandler                       0x080001bd   Thumb Code     0  startup_stm32f2xx.o(.text)
    CRYP_IRQHandler                          0x080001bd   Thumb Code     0  startup_stm32f2xx.o(.text)
    DCMI_IRQHandler                          0x080001bd   Thumb Code     0  startup_stm32f2xx.o(.text)
    DMA1_Stream0_IRQHandler                  0x080001bd   Thumb Code     0  startup_stm32f2xx.o(.text)
    DMA1_Stream1_IRQHandler                  0x080001bd   Thumb Code     0  startup_stm32f2xx.o(.text)
    DMA1_Stream2_IRQHandler                  0x080001bd   Thumb Code     0  startup_stm32f2xx.o(.text)
    DMA1_Stream3_IRQHandler                  0x080001bd   Thumb Code     0  startup_stm32f2xx.o(.text)
    DMA1_Stream4_IRQHandler                  0x080001bd   Thumb Code     0  startup_stm32f2xx.o(.text)
    DMA1_Stream5_IRQHandler                  0x080001bd   Thumb Code     0  startup_stm32f2xx.o(.text)
    DMA1_Stream6_IRQHandler                  0x080001bd   Thumb Code     0  startup_stm32f2xx.o(.text)
    DMA1_Stream7_IRQHandler                  0x080001bd   Thumb Code     0  startup_stm32f2xx.o(.text)
    DMA2_Stream0_IRQHandler                  0x080001bd   Thumb Code     0  startup_stm32f2xx.o(.text)
    DMA2_Stream1_IRQHandler                  0x080001bd   Thumb Code     0  startup_stm32f2xx.o(.text)
    DMA2_Stream2_IRQHandler                  0x080001bd   Thumb Code     0  startup_stm32f2xx.o(.text)
    DMA2_Stream3_IRQHandler                  0x080001bd   Thumb Code     0  startup_stm32f2xx.o(.text)
    DMA2_Stream4_IRQHandler                  0x080001bd   Thumb Code     0  startup_stm32f2xx.o(.text)
    DMA2_Stream5_IRQHandler                  0x080001bd   Thumb Code     0  startup_stm32f2xx.o(.text)
    DMA2_Stream6_IRQHandler                  0x080001bd   Thumb Code     0  startup_stm32f2xx.o(.text)
    DMA2_Stream7_IRQHandler                  0x080001bd   Thumb Code     0  startup_stm32f2xx.o(.text)
    ETH_IRQHandler                           0x080001bd   Thumb Code     0  startup_stm32f2xx.o(.text)
    ETH_WKUP_IRQHandler                      0x080001bd   Thumb Code     0  startup_stm32f2xx.o(.text)
    EXTI0_IRQHandler                         0x080001bd   Thumb Code     0  startup_stm32f2xx.o(.text)
    EXTI15_10_IRQHandler                     0x080001bd   Thumb Code     0  startup_stm32f2xx.o(.text)
    EXTI1_IRQHandler                         0x080001bd   Thumb Code     0  startup_stm32f2xx.o(.text)
    EXTI2_IRQHandler                         0x080001bd   Thumb Code     0  startup_stm32f2xx.o(.text)
    EXTI9_5_IRQHandler                       0x080001bd   Thumb Code     0  startup_stm32f2xx.o(.text)
    FLASH_IRQHandler                         0x080001bd   Thumb Code     0  startup_stm32f2xx.o(.text)
    FSMC_IRQHandler                          0x080001bd   Thumb Code     0  startup_stm32f2xx.o(.text)
    HASH_RNG_IRQHandler                      0x080001bd   Thumb Code     0  startup_stm32f2xx.o(.text)
    I2C1_ER_IRQHandler                       0x080001bd   Thumb Code     0  startup_stm32f2xx.o(.text)
    I2C1_EV_IRQHandler                       0x080001bd   Thumb Code     0  startup_stm32f2xx.o(.text)
    I2C2_ER_IRQHandler                       0x080001bd   Thumb Code     0  startup_stm32f2xx.o(.text)
    I2C2_EV_IRQHandler                       0x080001bd   Thumb Code     0  startup_stm32f2xx.o(.text)
    I2C3_ER_IRQHandler                       0x080001bd   Thumb Code     0  startup_stm32f2xx.o(.text)
    I2C3_EV_IRQHandler                       0x080001bd   Thumb Code     0  startup_stm32f2xx.o(.text)
    OTG_FS_IRQHandler                        0x080001bd   Thumb Code     0  startup_stm32f2xx.o(.text)
    OTG_FS_WKUP_IRQHandler                   0x080001bd   Thumb Code     0  startup_stm32f2xx.o(.text)
    OTG_HS_EP1_IN_IRQHandler                 0x080001bd   Thumb Code     0  startup_stm32f2xx.o(.text)
    OTG_HS_EP1_OUT_IRQHandler                0x080001bd   Thumb Code     0  startup_stm32f2xx.o(.text)
    OTG_HS_IRQHandler                        0x080001bd   Thumb Code     0  startup_stm32f2xx.o(.text)
    OTG_HS_WKUP_IRQHandler                   0x080001bd   Thumb Code     0  startup_stm32f2xx.o(.text)
    PVD_IRQHandler                           0x080001bd   Thumb Code     0  startup_stm32f2xx.o(.text)
    RCC_IRQHandler                           0x080001bd   Thumb Code     0  startup_stm32f2xx.o(.text)
    RTC_Alarm_IRQHandler                     0x080001bd   Thumb Code     0  startup_stm32f2xx.o(.text)
    RTC_WKUP_IRQHandler                      0x080001bd   Thumb Code     0  startup_stm32f2xx.o(.text)
    SDIO_IRQHandler                          0x080001bd   Thumb Code     0  startup_stm32f2xx.o(.text)
    SPI1_IRQHandler                          0x080001bd   Thumb Code     0  startup_stm32f2xx.o(.text)
    SPI2_IRQHandler                          0x080001bd   Thumb Code     0  startup_stm32f2xx.o(.text)
    SPI3_IRQHandler                          0x080001bd   Thumb Code     0  startup_stm32f2xx.o(.text)
    TAMP_STAMP_IRQHandler                    0x080001bd   Thumb Code     0  startup_stm32f2xx.o(.text)
    TIM1_BRK_TIM9_IRQHandler                 0x080001bd   Thumb Code     0  startup_stm32f2xx.o(.text)
    TIM1_TRG_COM_TIM11_IRQHandler            0x080001bd   Thumb Code     0  startup_stm32f2xx.o(.text)
    TIM1_UP_TIM10_IRQHandler                 0x080001bd   Thumb Code     0  startup_stm32f2xx.o(.text)
    TIM6_DAC_IRQHandler                      0x080001bd   Thumb Code     0  startup_stm32f2xx.o(.text)
    TIM7_IRQHandler                          0x080001bd   Thumb Code     0  startup_stm32f2xx.o(.text)
    TIM8_BRK_TIM12_IRQHandler                0x080001bd   Thumb Code     0  startup_stm32f2xx.o(.text)
    TIM8_CC_IRQHandler                       0x080001bd   Thumb Code     0  startup_stm32f2xx.o(.text)
    TIM8_TRG_COM_TIM14_IRQHandler            0x080001bd   Thumb Code     0  startup_stm32f2xx.o(.text)
    TIM8_UP_TIM13_IRQHandler                 0x080001bd   Thumb Code     0  startup_stm32f2xx.o(.text)
    WWDG_IRQHandler                          0x080001bd   Thumb Code     0  startup_stm32f2xx.o(.text)
    ___aeabi_memcpy8$move                    0x080001cd   Thumb Code     0  memmovea.o(.text)
    __aeabi_memcpy                           0x080001cd   Thumb Code    64  memmovea.o(.text)
    __aeabi_memcpy4                          0x080001cd   Thumb Code     0  memmovea.o(.text)
    __aeabi_memmove                          0x080001cd   Thumb Code     0  memmovea.o(.text)
    __aeabi_memmove4                         0x080001cd   Thumb Code     0  memmovea.o(.text)
    __aeabi_memmove8                         0x080001cd   Thumb Code     0  memmovea.o(.text)
    __aeabi_memset                           0x0800020d   Thumb Code    14  memseta.o(.text)
    __aeabi_memset4                          0x0800020d   Thumb Code     0  memseta.o(.text)
    __aeabi_memset8                          0x0800020d   Thumb Code     0  memseta.o(.text)
    __aeabi_memclr                           0x0800021b   Thumb Code     4  memseta.o(.text)
    __aeabi_memclr4                          0x0800021b   Thumb Code     0  memseta.o(.text)
    __aeabi_memclr8                          0x0800021b   Thumb Code     0  memseta.o(.text)
    _memset$wrapper                          0x0800021f   Thumb Code    18  memseta.o(.text)
    __aeabi_fadd                             0x08000231   Thumb Code   164  fadd.o(.text)
    __aeabi_fsub                             0x080002d5   Thumb Code     6  fadd.o(.text)
    __aeabi_frsub                            0x080002db   Thumb Code     6  fadd.o(.text)
    __aeabi_fmul                             0x080002e1   Thumb Code   108  fmul.o(.text)
    __aeabi_fdiv                             0x0800034d   Thumb Code   128  fdiv.o(.text)
    __aeabi_dadd                             0x080003cd   Thumb Code   322  dadd.o(.text)
    __aeabi_dsub                             0x0800050f   Thumb Code     6  dadd.o(.text)
    __aeabi_drsub                            0x08000515   Thumb Code     6  dadd.o(.text)
    __aeabi_dmul                             0x0800051b   Thumb Code   228  dmul.o(.text)
    __aeabi_ddiv                             0x080005ff   Thumb Code   222  ddiv.o(.text)
    __aeabi_i2f                              0x080006dd   Thumb Code    18  fflti.o(.text)
    __aeabi_ui2f                             0x080006ef   Thumb Code    10  ffltui.o(.text)
    __aeabi_i2d                              0x080006f9   Thumb Code    34  dflti.o(.text)
    __aeabi_ui2d                             0x0800071b   Thumb Code    26  dfltui.o(.text)
    __aeabi_f2uiz                            0x08000735   Thumb Code    40  ffixui.o(.text)
    __aeabi_d2iz                             0x0800075d   Thumb Code    62  dfixi.o(.text)
    __aeabi_d2uiz                            0x0800079b   Thumb Code    50  dfixui.o(.text)
    __aeabi_f2d                              0x080007cd   Thumb Code    38  f2d.o(.text)
    __aeabi_cdrcmple                         0x080007f5   Thumb Code    38  cdrcmple.o(.text)
    __aeabi_cfcmpeq                          0x0800081d   Thumb Code     0  cfcmple.o(.text)
    __aeabi_cfcmple                          0x0800081d   Thumb Code    20  cfcmple.o(.text)
    __aeabi_cfrcmple                         0x08000831   Thumb Code    20  cfrcmple.o(.text)
    __aeabi_llsl                             0x08000845   Thumb Code    30  llshl.o(.text)
    _ll_shift_l                              0x08000845   Thumb Code     0  llshl.o(.text)
    __aeabi_llsr                             0x08000863   Thumb Code    32  llushr.o(.text)
    _ll_ushift_r                             0x08000863   Thumb Code     0  llushr.o(.text)
    __aeabi_lasr                             0x08000883   Thumb Code    36  llsshr.o(.text)
    _ll_sshift_r                             0x08000883   Thumb Code     0  llsshr.o(.text)
    __I$use$fp                               0x080008a7   Thumb Code     0  iusefp.o(.text)
    _float_round                             0x080008a7   Thumb Code    18  fepilogue.o(.text)
    _float_epilogue                          0x080008b9   Thumb Code    90  fepilogue.o(.text)
    _double_round                            0x08000913   Thumb Code    26  depilogue.o(.text)
    _double_epilogue                         0x0800092d   Thumb Code   164  depilogue.o(.text)
    __scatterload                            0x080009d1   Thumb Code    28  init.o(.text)
    __scatterload_rt2                        0x080009d1   Thumb Code     0  init.o(.text)
    __decompress                             0x080009f5   Thumb Code     0  __dczerorl2.o(.text)
    __decompress1                            0x080009f5   Thumb Code    92  __dczerorl2.o(.text)
    AFE4490_Check_Sensor                     0x08000a51   Thumb Code   110  afe4490.o(i.AFE4490_Check_Sensor)
    AFE4490_Check_SensorNotConnect           0x08000acd   Thumb Code    20  afe4490.o(i.AFE4490_Check_SensorNotConnect)
    AFE4490_Enable                           0x08000ae5   Thumb Code    36  afe4490.o(i.AFE4490_Enable)
    AFE4490_Read_All_Register                0x08000b0d   Thumb Code    34  afe4490.o(i.AFE4490_Read_All_Register)
    AFE4490_Sampling                         0x08000b35   Thumb Code   180  afe4490.o(i.AFE4490_Sampling)
    AddLedCurrent                            0x08000bf5   Thumb Code    38  ledcurrent.o(i.AddLedCurrent)
    AddOriginalData                          0x08000c21   Thumb Code   632  algorithm.o(i.AddOriginalData)
    AddPIData                                0x08000ed5   Thumb Code   122  piprocess.o(i.AddPIData)
    AddSimulationWaveData                    0x08000f61   Thumb Code    90  plethwave.o(i.AddSimulationWaveData)
    Afe4490_Oxi_Handle                       0x08000fcd   Thumb Code   122  afe4490oxiprocess.o(i.Afe4490_Oxi_Handle)
    AnalyseUart1Packet                       0x08001071   Thumb Code    48  processpacket.o(i.AnalyseUart1Packet)
    BSP_Init                                 0x080010ad   Thumb Code    44  bsp.o(i.BSP_Init)
    BusFault_Handler                         0x080010d9   Thumb Code     4  stm32f2xx_it.o(i.BusFault_Handler)
    CalcPI                                   0x080010dd   Thumb Code    92  piprocess.o(i.CalcPI)
    CalcPR                                   0x08001151   Thumb Code    82  spo2tools.o(i.CalcPR)
    CalcRValue                               0x080011a3   Thumb Code    96  spo2tools.o(i.CalcRValue)
    CheckHeartBeat                           0x08001205   Thumb Code   166  plethwave.o(i.CheckHeartBeat)
    CheckP2P                                 0x080012c1   Thumb Code   456  parameterprocess.o(i.CheckP2P)
    CheckPulseBeat                           0x0800149d   Thumb Code   120  parameterprocess.o(i.CheckPulseBeat)
    ClearPIData                              0x08001525   Thumb Code    32  piprocess.o(i.ClearPIData)
    ClearParameterData                       0x08001551   Thumb Code    70  algorithm.o(i.ClearParameterData)
    ClearProcessOxiData                      0x080015cd   Thumb Code   130  algorithm.o(i.ClearProcessOxiData)
    ClearSimulationWaveData                  0x0800168d   Thumb Code    34  plethwave.o(i.ClearSimulationWaveData)
    CopyPlethData                            0x080016c5   Thumb Code    52  plethwave.o(i.CopyPlethData)
    DebugMon_Handler                         0x08001709   Thumb Code     2  stm32f2xx_it.o(i.DebugMon_Handler)
    EXTI3_IRQHandler                         0x0800170d   Thumb Code    28  stm32f2xx_it.o(i.EXTI3_IRQHandler)
    EXTI4_IRQHandler                         0x0800172d   Thumb Code    18  stm32f2xx_it.o(i.EXTI4_IRQHandler)
    EXTI_ClearITPendingBit                   0x08001741   Thumb Code     6  stm32f2xx_exti.o(i.EXTI_ClearITPendingBit)
    EXTI_Configuration                       0x0800174d   Thumb Code   168  bsp.o(i.EXTI_Configuration)
    EXTI_GenerateSWInterrupt                 0x080017f5   Thumb Code    12  stm32f2xx_exti.o(i.EXTI_GenerateSWInterrupt)
    EXTI_GetITStatus                         0x08001805   Thumb Code    34  stm32f2xx_exti.o(i.EXTI_GetITStatus)
    EXTI_Init                                0x0800182d   Thumb Code   142  stm32f2xx_exti.o(i.EXTI_Init)
    EnableWrite                              0x080018c1   Thumb Code    76  afe4490.o(i.EnableWrite)
    FLASH_SetLatency                         0x08001915   Thumb Code     6  stm32f2xx_flash.o(i.FLASH_SetLatency)
    FillBciBuffer                            0x08001921   Thumb Code   894  bciprotocol.o(i.FillBciBuffer)
    FillRspPacket                            0x08001cd9   Thumb Code   212  processpacket.o(i.FillRspPacket)
    FindOptimalP2P                           0x08001dbd   Thumb Code   750  parameterprocess.o(i.FindOptimalP2P)
    FindP2P                                  0x080020c9   Thumb Code   640  algorithm.o(i.FindP2P)
    FindP2P_Method1                          0x08002379   Thumb Code   490  algorithm.o(i.FindP2P_Method1)
    GPIO_Config                              0x08002591   Thumb Code   200  bsp.o(i.GPIO_Config)
    GPIO_Init                                0x08002665   Thumb Code   144  stm32f2xx_gpio.o(i.GPIO_Init)
    GPIO_PinAFConfig                         0x080026f5   Thumb Code   464  stm32f2xx_gpio.o(i.GPIO_PinAFConfig)
    GPIO_PinAFConfig1                        0x080028c5   Thumb Code    70  stm32f2xx_gpio.o(i.GPIO_PinAFConfig1)
    GPIO_ReadInputDataBit                    0x0800290b   Thumb Code    18  stm32f2xx_gpio.o(i.GPIO_ReadInputDataBit)
    GPIO_ResetBits                           0x0800291d   Thumb Code     4  stm32f2xx_gpio.o(i.GPIO_ResetBits)
    GPIO_SetBits                             0x08002921   Thumb Code     4  stm32f2xx_gpio.o(i.GPIO_SetBits)
    GPIO_ToggleBits                          0x08002925   Thumb Code     8  stm32f2xx_gpio.o(i.GPIO_ToggleBits)
    GetBciPlethData                          0x0800292d   Thumb Code   258  plethwave.o(i.GetBciPlethData)
    GetFilterData                            0x08002a4d   Thumb Code    86  algorithm.o(i.GetFilterData)
    GetP2PValue                              0x08002aa5   Thumb Code   136  algorithm.o(i.GetP2PValue)
    GetValueInterval                         0x08002b3d   Thumb Code    14  spo2tools.o(i.GetValueInterval)
    HardFault_Handler                        0x08002b4b   Thumb Code     8  stm32f2xx_it.o(i.HardFault_Handler)
    IWDG_Configuration                       0x08002b53   Thumb Code    34  bsp.o(i.IWDG_Configuration)
    IWDG_Enable                              0x08002b75   Thumb Code    10  stm32f2xx_iwdg.o(i.IWDG_Enable)
    IWDG_ReloadCounter                       0x08002b85   Thumb Code    10  stm32f2xx_iwdg.o(i.IWDG_ReloadCounter)
    IWDG_SetPrescaler                        0x08002b95   Thumb Code     6  stm32f2xx_iwdg.o(i.IWDG_SetPrescaler)
    IWDG_SetReload                           0x08002ba1   Thumb Code     6  stm32f2xx_iwdg.o(i.IWDG_SetReload)
    IWDG_WriteAccessCmd                      0x08002bad   Thumb Code     6  stm32f2xx_iwdg.o(i.IWDG_WriteAccessCmd)
    InitAfe4490                              0x08002bb9   Thumb Code   430  afe4490.o(i.InitAfe4490)
    IntCoeff                                 0x08002d69   Thumb Code   528  intcoeff.o(i.IntCoeff)
    LedCurrentControl                        0x08002f95   Thumb Code   230  ledcurrent.o(i.LedCurrentControl)
    MaxMinPlethData                          0x080030b5   Thumb Code   148  plethwave.o(i.MaxMinPlethData)
    MaxMinSn_S32                             0x08003159   Thumb Code    80  spo2tools.o(i.MaxMinSn_S32)
    MemManage_Handler                        0x080031b9   Thumb Code     4  stm32f2xx_it.o(i.MemManage_Handler)
    NMI_Handler                              0x080031bd   Thumb Code     2  stm32f2xx_it.o(i.NMI_Handler)
    NVIC_Init                                0x080031c1   Thumb Code   108  misc.o(i.NVIC_Init)
    NVIC_init                                0x08003239   Thumb Code    92  bsp.o(i.NVIC_init)
    OXI_Handle                               0x08003295   Thumb Code    30  algorithm.o(i.OXI_Handle)
    PI_Process                               0x080032c1   Thumb Code    90  parameterprocess.o(i.PI_Process)
    PRIsValid                                0x08003329   Thumb Code    18  spo2tools.o(i.PRIsValid)
    PRSpO2_Process                           0x0800333d   Thumb Code    44  parameterprocess.o(i.PRSpO2_Process)
    PR_Process                               0x08003371   Thumb Code   830  parameterprocess.o(i.PR_Process)
    PendSV_Handler                           0x080036f5   Thumb Code     2  stm32f2xx_it.o(i.PendSV_Handler)
    RCC_AHB1PeriphClockCmd                   0x080036f9   Thumb Code    26  stm32f2xx_rcc.o(i.RCC_AHB1PeriphClockCmd)
    RCC_APB1PeriphClockCmd                   0x08003719   Thumb Code    26  stm32f2xx_rcc.o(i.RCC_APB1PeriphClockCmd)
    RCC_APB1PeriphResetCmd                   0x08003739   Thumb Code    26  stm32f2xx_rcc.o(i.RCC_APB1PeriphResetCmd)
    RCC_APB2PeriphClockCmd                   0x08003759   Thumb Code    26  stm32f2xx_rcc.o(i.RCC_APB2PeriphClockCmd)
    RCC_APB2PeriphResetCmd                   0x08003779   Thumb Code    26  stm32f2xx_rcc.o(i.RCC_APB2PeriphResetCmd)
    RCC_Configuration                        0x08003799   Thumb Code   130  bsp.o(i.RCC_Configuration)
    RCC_DeInit                               0x08003821   Thumb Code    60  stm32f2xx_rcc.o(i.RCC_DeInit)
    RCC_GetClocksFreq                        0x08003869   Thumb Code   214  stm32f2xx_rcc.o(i.RCC_GetClocksFreq)
    RCC_GetFlagStatus                        0x08003951   Thumb Code    60  stm32f2xx_rcc.o(i.RCC_GetFlagStatus)
    RCC_GetSYSCLKSource                      0x08003991   Thumb Code    10  stm32f2xx_rcc.o(i.RCC_GetSYSCLKSource)
    RCC_HCLKConfig                           0x080039a1   Thumb Code    18  stm32f2xx_rcc.o(i.RCC_HCLKConfig)
    RCC_HSEConfig                            0x080039b9   Thumb Code    12  stm32f2xx_rcc.o(i.RCC_HSEConfig)
    RCC_PCLK1Config                          0x080039c9   Thumb Code    18  stm32f2xx_rcc.o(i.RCC_PCLK1Config)
    RCC_PCLK2Config                          0x080039e1   Thumb Code    20  stm32f2xx_rcc.o(i.RCC_PCLK2Config)
    RCC_PLLCmd                               0x080039f9   Thumb Code     6  stm32f2xx_rcc.o(i.RCC_PLLCmd)
    RCC_PLLConfig                            0x08003a05   Thumb Code    30  stm32f2xx_rcc.o(i.RCC_PLLConfig)
    RCC_SYSCLKConfig                         0x08003a29   Thumb Code    18  stm32f2xx_rcc.o(i.RCC_SYSCLKConfig)
    RCC_WaitForHSEStartUp                    0x08003a41   Thumb Code    56  stm32f2xx_rcc.o(i.RCC_WaitForHSEStartUp)
    ReadCommand                              0x08003a79   Thumb Code    68  afe4490.o(i.ReadCommand)
    ReduceLedCurrent                         0x08003ac1   Thumb Code    36  ledcurrent.o(i.ReduceLedCurrent)
    ResetIntCoeff                            0x08003ae9   Thumb Code    46  intcoeff.o(i.ResetIntCoeff)
    SPI1_SendByte                            0x08003b31   Thumb Code    54  afe4490.o(i.SPI1_SendByte)
    SPI_Cmd                                  0x08003b6d   Thumb Code    24  stm32f2xx_spi.o(i.SPI_Cmd)
    SPI_I2S_GetFlagStatus                    0x08003b85   Thumb Code    18  stm32f2xx_spi.o(i.SPI_I2S_GetFlagStatus)
    SPI_I2S_ReceiveData                      0x08003b97   Thumb Code     6  stm32f2xx_spi.o(i.SPI_I2S_ReceiveData)
    SPI_I2S_SendData                         0x08003b9d   Thumb Code     4  stm32f2xx_spi.o(i.SPI_I2S_SendData)
    SPI_Init                                 0x08003ba1   Thumb Code    60  stm32f2xx_spi.o(i.SPI_Init)
    SVC_Handler                              0x08003bdd   Thumb Code     2  stm32f2xx_it.o(i.SVC_Handler)
    SYSCFG_EXTILineConfig                    0x08003be1   Thumb Code    60  stm32f2xx_syscfg.o(i.SYSCFG_EXTILineConfig)
    SetLedCurrent                            0x08003c21   Thumb Code    74  ledcurrent.o(i.SetLedCurrent)
    SortU16                                  0x08003d3d   Thumb Code    62  spo2tools.o(i.SortU16)
    SpO2IsValid                              0x08003d7b   Thumb Code    18  spo2tools.o(i.SpO2IsValid)
    SpO2LookupTable                          0x08003d8d   Thumb Code   176  rtable.o(i.SpO2LookupTable)
    SpO2_Process                             0x08003e59   Thumb Code  1030  parameterprocess.o(i.SpO2_Process)
    Spi_Init                                 0x080042bd   Thumb Code   196  bsp.o(i.Spi_Init)
    SysTickConfig                            0x08004389   Thumb Code    90  bsp.o(i.SysTickConfig)
    SysTick_Handler                          0x080043f1   Thumb Code    18  stm32f2xx_it.o(i.SysTick_Handler)
    SystemCoreClockUpdate                    0x08004409   Thumb Code   170  system_stm32f2xx.o(i.SystemCoreClockUpdate)
    SystemInit                               0x080044c9   Thumb Code    74  system_stm32f2xx.o(i.SystemInit)
    SystickDelay1ms                          0x08004525   Thumb Code    16  global.o(i.SystickDelay1ms)
    TIM1_CC_IRQHandler                       0x08004539   Thumb Code    28  stm32f2xx_it.o(i.TIM1_CC_IRQHandler)
    TIM2_IRQHandler                          0x08004559   Thumb Code    22  stm32f2xx_it.o(i.TIM2_IRQHandler)
    TIM3_IRQHandler                          0x08004571   Thumb Code    22  stm32f2xx_it.o(i.TIM3_IRQHandler)
    TIM4_IRQHandler                          0x0800458d   Thumb Code    22  stm32f2xx_it.o(i.TIM4_IRQHandler)
    TIM5_IRQHandler                          0x080045a9   Thumb Code    22  stm32f2xx_it.o(i.TIM5_IRQHandler)
    TIM_ClearITPendingBit                    0x080045c5   Thumb Code     6  stm32f2xx_tim.o(i.TIM_ClearITPendingBit)
    TIM_Configuration                        0x080045cb   Thumb Code     2  bsp.o(i.TIM_Configuration)
    TIM_GetITStatus                          0x080045cd   Thumb Code    34  stm32f2xx_tim.o(i.TIM_GetITStatus)
    UART4_IRQHandler                         0x080045f1   Thumb Code   110  stm32f2xx_it.o(i.UART4_IRQHandler)
    UART5_IRQHandler                         0x08004671   Thumb Code    48  stm32f2xx_it.o(i.UART5_IRQHandler)
    USART1_IRQHandler                        0x080046a5   Thumb Code   138  stm32f2xx_it.o(i.USART1_IRQHandler)
    USART2_IRQHandler                        0x08004749   Thumb Code    60  stm32f2xx_it.o(i.USART2_IRQHandler)
    USART3_IRQHandler                        0x08004789   Thumb Code    48  stm32f2xx_it.o(i.USART3_IRQHandler)
    USART6_IRQHandler                        0x080047bd   Thumb Code   110  stm32f2xx_it.o(i.USART6_IRQHandler)
    USART_ClearFlag                          0x0800483d   Thumb Code    18  stm32f2xx_usart.o(i.USART_ClearFlag)
    USART_ClearITPendingBit                  0x0800484f   Thumb Code    30  stm32f2xx_usart.o(i.USART_ClearITPendingBit)
    USART_Cmd                                0x0800486d   Thumb Code    24  stm32f2xx_usart.o(i.USART_Cmd)
    USART_DeInit                             0x08004885   Thumb Code   156  stm32f2xx_usart.o(i.USART_DeInit)
    USART_GetITStatus                        0x08004939   Thumb Code    84  stm32f2xx_usart.o(i.USART_GetITStatus)
    USART_ITConfig                           0x0800498d   Thumb Code    74  stm32f2xx_usart.o(i.USART_ITConfig)
    USART_Init                               0x080049d9   Thumb Code   204  stm32f2xx_usart.o(i.USART_Init)
    USART_ReceiveData                        0x08004aad   Thumb Code    10  stm32f2xx_usart.o(i.USART_ReceiveData)
    USART_SendData                           0x08004ab7   Thumb Code     8  stm32f2xx_usart.o(i.USART_SendData)
    UsageFault_Handler                       0x08004abf   Thumb Code     4  stm32f2xx_it.o(i.UsageFault_Handler)
    Usart_Init                               0x08004ac5   Thumb Code   396  bsp.o(i.Usart_Init)
    WorkLed                                  0x08004c61   Thumb Code    14  global.o(i.WorkLed)
    WriteCommand                             0x08004c75   Thumb Code    62  afe4490.o(i.WriteCommand)
    __scatterload_copy                       0x08004cb9   Thumb Code    14  handlers.o(i.__scatterload_copy)
    __scatterload_null                       0x08004cc7   Thumb Code     2  handlers.o(i.__scatterload_null)
    __scatterload_zeroinit                   0x08004cc9   Thumb Code    14  handlers.o(i.__scatterload_zeroinit)
    main                                     0x08004cd7   Thumb Code    20  main.o(i.main)
    sort_dunk_float                          0x08004ceb   Thumb Code    70  spo2tools.o(i.sort_dunk_float)
    Region$$Table$$Base                      0x08004d30   Number         0  anon$$obj.o(Region$$Table)
    Region$$Table$$Limit                     0x08004d50   Number         0  anon$$obj.o(Region$$Table)
    B                                        0x20000000   Data         320  global.o(.data)
    g_Rx0WrIdx                               0x20000140   Data           2  global.o(.data)
    g_Rx0RdIdx                               0x20000142   Data           2  global.o(.data)
    g_RspRdIdx                               0x20000144   Data           2  global.o(.data)
    g_RspWrIdx                               0x20000146   Data           2  global.o(.data)
    g_delay_tick                             0x20000148   Data           2  global.o(.data)
    g_AFE4490_DIAG_EN                        0x2000014a   Data           1  global.o(.data)
    g_ClearTimes                             0x2000014b   Data           2  global.o(.data)
    g_SpO2                                   0x2000014d   Data           2  global.o(.data)
    g_PR                                     0x20000150   Data           4  global.o(.data)
    g_SenserOff                              0x20000154   Data           2  global.o(.data)
    g_100us_times                            0x20000156   Data           1  global.o(.data)
    g_Simulation_Process_Flag                0x20000157   Data           1  global.o(.data)
    g_Simulation_Have_Signal_Num             0x20000158   Data           4  global.o(.data)
    g_PRStepInterval                         0x2000015c   Data           1  global.o(.data)
    g_BakPR                                  0x2000015e   Data           2  global.o(.data)
    g_CalcDataType                           0x20000160   Data           1  global.o(.data)
    g_PI                                     0x20000161   Data           1  global.o(.data)
    SystemCoreClock                          0x20000164   Data           4  system_stm32f2xx.o(.data)
    AHBPrescTable                            0x20000168   Data          16  system_stm32f2xx.o(.data)
    NbrOfDataToUart                          0x2000018c   Data           2  spo2tools.o(.data)
    data_pt                                  0x20000190   Data           4  spo2tools.o(.data)
    data_pt_byte                             0x20000194   Data           4  spo2tools.o(.data)
    pt_floatdata                             0x20000198   Data           4  spo2tools.o(.data)
    sn_min                                   0x2000019c   Data           4  spo2tools.o(.data)
    sn_max                                   0x200001a0   Data           4  spo2tools.o(.data)
    value_min                                0x200001a4   Data           4  spo2tools.o(.data)
    value_max                                0x200001a8   Data           4  spo2tools.o(.data)
    value_fired_min                          0x200001ac   Data           4  spo2tools.o(.data)
    value_fired_max                          0x200001b0   Data           4  spo2tools.o(.data)
    value_fred_min                           0x200001b4   Data           4  spo2tools.o(.data)
    value_fred_max                           0x200001b8   Data           4  spo2tools.o(.data)
    s32_value_min                            0x200001bc   Data           4  spo2tools.o(.data)
    s32_value_max                            0x200001c0   Data           4  spo2tools.o(.data)
    TmpFirOxiSignalBufIdx                    0x200001c8   Data           4  afe4490oxiprocess.o(.data)
    TmpIntOxiSignalBufIdx                    0x200001cc   Data           8  afe4490oxiprocess.o(.data)
    TmpIntOxiSignalBufFullFirst              0x200001d4   Data           2  afe4490oxiprocess.o(.data)
    Old_TmpIntOxiSignalBufFullFirst          0x200001d6   Data           2  afe4490oxiprocess.o(.data)
    g_SearchPulseTime                        0x200001d8   Data           2  bciprotocol.o(.data)
    g_BciBufferRdIdx                         0x200001da   Data           2  bciprotocol.o(.data)
    g_BciBufferWrIdx                         0x200001dc   Data           2  bciprotocol.o(.data)
    bciprotocol                              0x200001de   Data           6  bciprotocol.o(.data)
    g_PR_V_Idx                               0x200001e4   Data           2  algorithm.o(.data)
    g_PR_V_Count                             0x200001e6   Data           2  algorithm.o(.data)
    g_R_V_Idx                                0x200001e8   Data           2  algorithm.o(.data)
    g_R_V_Count                              0x200001ea   Data           2  algorithm.o(.data)
    g_Bak_PR_Value                           0x200001ec   Data           4  algorithm.o(.data)
    g_Bak_PR_V_Idx                           0x200001f0   Data           2  algorithm.o(.data)
    g_Bak_PR_V_Count                         0x200001f2   Data           2  algorithm.o(.data)
    g_Bak_R_Value                            0x200001f4   Data           8  algorithm.o(.data)
    g_Bak_R_V_Idx                            0x200001fc   Data           2  algorithm.o(.data)
    g_Bak_R_V_Count                          0x200001fe   Data           2  algorithm.o(.data)
    FirLowPassTmpInIdx                       0x20000200   Data           2  algorithm.o(.data)
    g_SampleCount                            0x20000202   Data           1  algorithm.o(.data)
    g_DelayIntCoef                           0x20000203   Data           2  algorithm.o(.data)
    g_LostIntDataNum                         0x20000206   Data           4  algorithm.o(.data)
    g_LostFirDataNum                         0x2000020a   Data           4  algorithm.o(.data)
    Bak_Bot1_Num_IR                          0x2000022e   Data           2  algorithm.o(.data)
    g_R_Value                                0x20000230   Data           8  algorithm.o(.data)
    g_Afe4490WaveBuf_WrIdx                   0x20000244   Data           4  plethwave.o(.data)
    g_Afe4490WaveBuf_RdIdx                   0x20000248   Data           4  plethwave.o(.data)
    g_WaveBufFull                            0x2000024c   Data           2  plethwave.o(.data)
    g_MaxPlethData                           0x20000250   Data           8  plethwave.o(.data)
    g_MinPlethData                           0x20000258   Data           8  plethwave.o(.data)
    g_HeartBeat                              0x20000260   Data           1  plethwave.o(.data)
    g_HeartBeatInterval                      0x20000262   Data           2  plethwave.o(.data)
    g_MaxPleth                               0x20000264   Data           1  plethwave.o(.data)
    g_PI_Num                                 0x20000268   Data           1  parameterprocess.o(.data)
    g_PI_Idx                                 0x20000269   Data           1  parameterprocess.o(.data)
    Step_Idx_Start                           0x2000026a   Data           8  parameterprocess.o(.data)
    Step_Idx_End                             0x20000272   Data           8  parameterprocess.o(.data)
    aver_step                                0x2000027c   Data           8  parameterprocess.o(.data)
    P2P_Num                                  0x20000284   Data           4  parameterprocess.o(.data)
    SpO2_P2P_Num                             0x20000288   Data           4  parameterprocess.o(.data)
    g_P2P_InterVal                           0x2000028c   Data           1  parameterprocess.o(.data)
    g_FirstTestValue                         0x2000028d   Data           1  parameterprocess.o(.data)
    Bak_P2P_Num                              0x2000028e   Data           4  parameterprocess.o(.data)
    g_PIBuf_WrIdx                            0x20000294   Data           4  piprocess.o(.data)
    g_PIBuf_Full                             0x20000298   Data           2  piprocess.o(.data)
    g_CurrentPILevel                         0x2000029a   Data           1  piprocess.o(.data)
    g_BarLevel                               0x2000029c   Data         400  piprocess.o(.data)
    g_LedCurrentLevel                        0x2000042c   Data           2  ledcurrent.o(.data)
    g_SensorOffTime                          0x2000042e   Data           1  ledcurrent.o(.data)
    g_LedCurrentAdjustTime                   0x20000430   Data           2  ledcurrent.o(.data)
    g_LastSampleValue                        0x20000434   Data           8  ledcurrent.o(.data)
    RTable                                   0x2000043c   Data         128  rtable.o(.data)
    XInTmpPos                                0x200004bc   Data           4  intcoeff.o(.data)
    Y1OutTmpPos                              0x200004c0   Data           4  intcoeff.o(.data)
    Y2OutTmpPos                              0x200004c4   Data           4  intcoeff.o(.data)
    g_PatientType                            0x200004c8   Data           1  processpacket.o(.data)
    g_AverCycle                              0x200004c9   Data           1  processpacket.o(.data)
    g_RspBuffer                              0x200004cc   Data        2048  global.o(.bss)
    g_Rx0Buffer                              0x20000ccc   Data         256  global.o(.bss)
    uartbuffer                               0x20000dcc   Data          32  global.o(.bss)
    Afe4490DataBuf                           0x20000dec   Data          24  afe4490.o(.bss)
    RBuffer                                  0x20000e04   Data         256  afe4490.o(.bss)
    FirOxiSignalBuf                          0x20000f04   Data        4800  afe4490oxiprocess.o(.bss)
    IntOxiSignalBuf                          0x200021c4   Data        5776  afe4490oxiprocess.o(.bss)
    TmpFirOxiSignalBuf                       0x20003854   Data        4800  afe4490oxiprocess.o(.bss)
    TmpIntOxiSignalBuf                       0x20004b14   Data        5776  afe4490oxiprocess.o(.bss)
    g_BciBuffer                              0x200061a4   Data          64  bciprotocol.o(.bss)
    Bak_Bot_Step_IR                          0x200061e4   Data         168  algorithm.o(.bss)
    buffer_rline                             0x2000628c   Data         160  algorithm.o(.bss)
    bak_buffer_pr                            0x2000632c   Data          40  algorithm.o(.bss)
    bak_buffer_rline                         0x20006354   Data         160  algorithm.o(.bss)
    buffer_pr                                0x200063f4   Data          80  algorithm.o(.bss)
    FirLowPassTmpBuffer                      0x20006444   Data         320  algorithm.o(.bss)
    HeartBeatFlag                            0x20006584   Data         600  plethwave.o(.bss)
    Afe4490WaveBuf                           0x200067dc   Data        4800  plethwave.o(.bss)
    Independent_Aver_Step                    0x20007a9c   Data          16  parameterprocess.o(.bss)
    g_PI_Bak                                 0x20007aac   Data          80  parameterprocess.o(.bss)
    P2P_Value                                0x20007afc   Data         672  parameterprocess.o(.bss)
    P2P_Step                                 0x20007d9c   Data         336  parameterprocess.o(.bss)
    SpO2_P2P_Value                           0x20007eec   Data         672  parameterprocess.o(.bss)
    SpO2_P2P_Step                            0x2000818c   Data         336  parameterprocess.o(.bss)
    Bak_P2P_Value                            0x200082dc   Data         672  parameterprocess.o(.bss)
    Bak_P2P_Step                             0x2000857c   Data         336  parameterprocess.o(.bss)
    g_PIBuffer                               0x200086cc   Data        2400  piprocess.o(.bss)
    XInTmp                                   0x20009030   Data        1296  intcoeff.o(.bss)
    Y1OutTmp                                 0x20009540   Data        1296  intcoeff.o(.bss)
    Y2OutBuf                                 0x20009a50   Data          48  intcoeff.o(.bss)
    __initial_sp                             0x20011280   Data           0  startup_stm32f2xx.o(STACK)



==============================================================================

Memory Map of the image

  Image Entry point : 0x08000185

  Load Region LR_IROM1 (Base: 0x08000000, Size: 0x0000521c, Max: 0x00100000, ABSOLUTE, COMPRESSED[0x00004f08])

    Execution Region ER_IROM1 (Base: 0x08000000, Size: 0x00004d50, Max: 0x00100000, ABSOLUTE)

    Base Addr    Size         Type   Attr      Idx    E Section Name        Object

    0x08000000   0x00000184   Data   RO          213    RESET               startup_stm32f2xx.o
    0x08000184   0x00000000   Code   RO         5415  * .ARM.Collect$$$$00000000  mc_w.l(entry.o)
    0x08000184   0x00000004   Code   RO         5476    .ARM.Collect$$$$00000001  mc_w.l(entry2.o)
    0x08000188   0x00000004   Code   RO         5479    .ARM.Collect$$$$00000004  mc_w.l(entry5.o)
    0x0800018c   0x00000000   Code   RO         5481    .ARM.Collect$$$$00000008  mc_w.l(entry7b.o)
    0x0800018c   0x00000000   Code   RO         5483    .ARM.Collect$$$$0000000A  mc_w.l(entry8b.o)
    0x0800018c   0x00000008   Code   RO         5484    .ARM.Collect$$$$0000000B  mc_w.l(entry9a.o)
    0x08000194   0x00000000   Code   RO         5486    .ARM.Collect$$$$0000000D  mc_w.l(entry10a.o)
    0x08000194   0x00000000   Code   RO         5488    .ARM.Collect$$$$0000000F  mc_w.l(entry11a.o)
    0x08000194   0x00000004   Code   RO         5477    .ARM.Collect$$$$00002712  mc_w.l(entry2.o)
    0x08000198   0x00000002   Code   RO         2289    .emb_text           stm32f2xx_it.o
    0x0800019a   0x00000002   PAD
    0x0800019c   0x00000030   Code   RO          214    .text               startup_stm32f2xx.o
    0x080001cc   0x00000040   Code   RO         5420    .text               mc_w.l(memmovea.o)
    0x0800020c   0x00000024   Code   RO         5422    .text               mc_w.l(memseta.o)
    0x08000230   0x000000b0   Code   RO         5428    .text               mf_w.l(fadd.o)
    0x080002e0   0x0000006c   Code   RO         5430    .text               mf_w.l(fmul.o)
    0x0800034c   0x00000080   Code   RO         5432    .text               mf_w.l(fdiv.o)
    0x080003cc   0x0000014e   Code   RO         5434    .text               mf_w.l(dadd.o)
    0x0800051a   0x000000e4   Code   RO         5436    .text               mf_w.l(dmul.o)
    0x080005fe   0x000000de   Code   RO         5438    .text               mf_w.l(ddiv.o)
    0x080006dc   0x00000012   Code   RO         5440    .text               mf_w.l(fflti.o)
    0x080006ee   0x0000000a   Code   RO         5442    .text               mf_w.l(ffltui.o)
    0x080006f8   0x00000022   Code   RO         5444    .text               mf_w.l(dflti.o)
    0x0800071a   0x0000001a   Code   RO         5446    .text               mf_w.l(dfltui.o)
    0x08000734   0x00000028   Code   RO         5448    .text               mf_w.l(ffixui.o)
    0x0800075c   0x0000003e   Code   RO         5450    .text               mf_w.l(dfixi.o)
    0x0800079a   0x00000032   Code   RO         5452    .text               mf_w.l(dfixui.o)
    0x080007cc   0x00000026   Code   RO         5454    .text               mf_w.l(f2d.o)
    0x080007f2   0x00000002   PAD
    0x080007f4   0x00000028   Code   RO         5456    .text               mf_w.l(cdrcmple.o)
    0x0800081c   0x00000014   Code   RO         5458    .text               mf_w.l(cfcmple.o)
    0x08000830   0x00000014   Code   RO         5460    .text               mf_w.l(cfrcmple.o)
    0x08000844   0x0000001e   Code   RO         5490    .text               mc_w.l(llshl.o)
    0x08000862   0x00000020   Code   RO         5492    .text               mc_w.l(llushr.o)
    0x08000882   0x00000024   Code   RO         5494    .text               mc_w.l(llsshr.o)
    0x080008a6   0x00000000   Code   RO         5503    .text               mc_w.l(iusefp.o)
    0x080008a6   0x0000006c   Code   RO         5504    .text               mf_w.l(fepilogue.o)
    0x08000912   0x000000be   Code   RO         5506    .text               mf_w.l(depilogue.o)
    0x080009d0   0x00000024   Code   RO         5516    .text               mc_w.l(init.o)
    0x080009f4   0x0000005c   Code   RO         5526    .text               mc_w.l(__dczerorl2.o)
    0x08000a50   0x0000007c   Code   RO         4724    i.AFE4490_Check_Sensor  afe4490.o
    0x08000acc   0x00000018   Code   RO         4725    i.AFE4490_Check_SensorNotConnect  afe4490.o
    0x08000ae4   0x00000028   Code   RO         4726    i.AFE4490_Enable    afe4490.o
    0x08000b0c   0x00000028   Code   RO         4729    i.AFE4490_Read_All_Register  afe4490.o
    0x08000b34   0x000000c0   Code   RO         4730    i.AFE4490_Sampling  afe4490.o
    0x08000bf4   0x0000002c   Code   RO         5198    i.AddLedCurrent     ledcurrent.o
    0x08000c20   0x000002b4   Code   RO         4927    i.AddOriginalData   algorithm.o
    0x08000ed4   0x0000008c   Code   RO         5159    i.AddPIData         piprocess.o
    0x08000f60   0x0000006c   Code   RO         5026    i.AddSimulationWaveData  plethwave.o
    0x08000fcc   0x000000a4   Code   RO         4858    i.Afe4490_Oxi_Handle  afe4490oxiprocess.o
    0x08001070   0x0000003c   Code   RO         5369    i.AnalyseUart1Packet  processpacket.o
    0x080010ac   0x0000002c   Code   RO         4454    i.BSP_Init          bsp.o
    0x080010d8   0x00000004   Code   RO         2290    i.BusFault_Handler  stm32f2xx_it.o
    0x080010dc   0x00000074   Code   RO         5160    i.CalcPI            piprocess.o
    0x08001150   0x00000052   Code   RO         4543    i.CalcPR            spo2tools.o
    0x080011a2   0x00000060   Code   RO         4544    i.CalcRValue        spo2tools.o
    0x08001202   0x00000002   PAD
    0x08001204   0x000000bc   Code   RO         5027    i.CheckHeartBeat    plethwave.o
    0x080012c0   0x000001dc   Code   RO         5084    i.CheckP2P          parameterprocess.o
    0x0800149c   0x00000088   Code   RO         5085    i.CheckPulseBeat    parameterprocess.o
    0x08001524   0x0000002c   Code   RO         5161    i.ClearPIData       piprocess.o
    0x08001550   0x0000007c   Code   RO         4928    i.ClearParameterData  algorithm.o
    0x080015cc   0x000000c0   Code   RO         4929    i.ClearProcessOxiData  algorithm.o
    0x0800168c   0x00000038   Code   RO         5028    i.ClearSimulationWaveData  plethwave.o
    0x080016c4   0x00000044   Code   RO         5029    i.CopyPlethData     plethwave.o
    0x08001708   0x00000002   Code   RO         2291    i.DebugMon_Handler  stm32f2xx_it.o
    0x0800170a   0x00000002   PAD
    0x0800170c   0x00000020   Code   RO         2292    i.EXTI3_IRQHandler  stm32f2xx_it.o
    0x0800172c   0x00000012   Code   RO         2293    i.EXTI4_IRQHandler  stm32f2xx_it.o
    0x0800173e   0x00000002   PAD
    0x08001740   0x0000000c   Code   RO         1404    i.EXTI_ClearITPendingBit  stm32f2xx_exti.o
    0x0800174c   0x000000a8   Code   RO         4455    i.EXTI_Configuration  bsp.o
    0x080017f4   0x00000010   Code   RO         1406    i.EXTI_GenerateSWInterrupt  stm32f2xx_exti.o
    0x08001804   0x00000028   Code   RO         1408    i.EXTI_GetITStatus  stm32f2xx_exti.o
    0x0800182c   0x00000094   Code   RO         1409    i.EXTI_Init         stm32f2xx_exti.o
    0x080018c0   0x00000054   Code   RO         4731    i.EnableWrite       afe4490.o
    0x08001914   0x0000000c   Code   RO         1495    i.FLASH_SetLatency  stm32f2xx_flash.o
    0x08001920   0x000003b8   Code   RO         4900    i.FillBciBuffer     bciprotocol.o
    0x08001cd8   0x000000e4   Code   RO         5370    i.FillRspPacket     processpacket.o
    0x08001dbc   0x0000030c   Code   RO         5086    i.FindOptimalP2P    parameterprocess.o
    0x080020c8   0x000002b0   Code   RO         4930    i.FindP2P           algorithm.o
    0x08002378   0x00000218   Code   RO         4931    i.FindP2P_Method1   algorithm.o
    0x08002590   0x000000d4   Code   RO         4456    i.GPIO_Config       bsp.o
    0x08002664   0x00000090   Code   RO         1797    i.GPIO_Init         stm32f2xx_gpio.o
    0x080026f4   0x000001d0   Code   RO         1798    i.GPIO_PinAFConfig  stm32f2xx_gpio.o
    0x080028c4   0x00000046   Code   RO         1799    i.GPIO_PinAFConfig1  stm32f2xx_gpio.o
    0x0800290a   0x00000012   Code   RO         1802    i.GPIO_ReadInputDataBit  stm32f2xx_gpio.o
    0x0800291c   0x00000004   Code   RO         1805    i.GPIO_ResetBits    stm32f2xx_gpio.o
    0x08002920   0x00000004   Code   RO         1806    i.GPIO_SetBits      stm32f2xx_gpio.o
    0x08002924   0x00000008   Code   RO         1808    i.GPIO_ToggleBits   stm32f2xx_gpio.o
    0x0800292c   0x00000120   Code   RO         5030    i.GetBciPlethData   plethwave.o
    0x08002a4c   0x00000056   Code   RO         4932    i.GetFilterData     algorithm.o
    0x08002aa2   0x00000002   PAD
    0x08002aa4   0x00000098   Code   RO         4933    i.GetP2PValue       algorithm.o
    0x08002b3c   0x0000000e   Code   RO         4550    i.GetValueInterval  spo2tools.o
    0x08002b4a   0x00000008   Code   RO         2294    i.HardFault_Handler  stm32f2xx_it.o
    0x08002b52   0x00000022   Code   RO         4457    i.IWDG_Configuration  bsp.o
    0x08002b74   0x00000010   Code   RO         2459    i.IWDG_Enable       stm32f2xx_iwdg.o
    0x08002b84   0x00000010   Code   RO         2461    i.IWDG_ReloadCounter  stm32f2xx_iwdg.o
    0x08002b94   0x0000000c   Code   RO         2462    i.IWDG_SetPrescaler  stm32f2xx_iwdg.o
    0x08002ba0   0x0000000c   Code   RO         2463    i.IWDG_SetReload    stm32f2xx_iwdg.o
    0x08002bac   0x0000000c   Code   RO         2464    i.IWDG_WriteAccessCmd  stm32f2xx_iwdg.o
    0x08002bb8   0x000001ae   Code   RO         4734    i.InitAfe4490       afe4490.o
    0x08002d66   0x00000002   PAD
    0x08002d68   0x0000022c   Code   RO         5339    i.IntCoeff          intcoeff.o
    0x08002f94   0x00000120   Code   RO         5199    i.LedCurrentControl  ledcurrent.o
    0x080030b4   0x000000a4   Code   RO         5031    i.MaxMinPlethData   plethwave.o
    0x08003158   0x00000060   Code   RO         4554    i.MaxMinSn_S32      spo2tools.o
    0x080031b8   0x00000004   Code   RO         2295    i.MemManage_Handler  stm32f2xx_it.o
    0x080031bc   0x00000002   Code   RO         2296    i.NMI_Handler       stm32f2xx_it.o
    0x080031be   0x00000002   PAD
    0x080031c0   0x00000078   Code   RO          282    i.NVIC_Init         misc.o
    0x08003238   0x0000005c   Code   RO         4458    i.NVIC_init         bsp.o
    0x08003294   0x0000002c   Code   RO         4934    i.OXI_Handle        algorithm.o
    0x080032c0   0x00000068   Code   RO         5087    i.PI_Process        parameterprocess.o
    0x08003328   0x00000012   Code   RO         4556    i.PRIsValid         spo2tools.o
    0x0800333a   0x00000002   PAD
    0x0800333c   0x00000034   Code   RO         5088    i.PRSpO2_Process    parameterprocess.o
    0x08003370   0x00000384   Code   RO         5089    i.PR_Process        parameterprocess.o
    0x080036f4   0x00000002   Code   RO         2297    i.PendSV_Handler    stm32f2xx_it.o
    0x080036f6   0x00000002   PAD
    0x080036f8   0x00000020   Code   RO         2595    i.RCC_AHB1PeriphClockCmd  stm32f2xx_rcc.o
    0x08003718   0x00000020   Code   RO         2604    i.RCC_APB1PeriphClockCmd  stm32f2xx_rcc.o
    0x08003738   0x00000020   Code   RO         2606    i.RCC_APB1PeriphResetCmd  stm32f2xx_rcc.o
    0x08003758   0x00000020   Code   RO         2607    i.RCC_APB2PeriphClockCmd  stm32f2xx_rcc.o
    0x08003778   0x00000020   Code   RO         2609    i.RCC_APB2PeriphResetCmd  stm32f2xx_rcc.o
    0x08003798   0x00000088   Code   RO         4459    i.RCC_Configuration  bsp.o
    0x08003820   0x00000048   Code   RO         2615    i.RCC_DeInit        stm32f2xx_rcc.o
    0x08003868   0x000000e8   Code   RO         2616    i.RCC_GetClocksFreq  stm32f2xx_rcc.o
    0x08003950   0x00000040   Code   RO         2617    i.RCC_GetFlagStatus  stm32f2xx_rcc.o
    0x08003990   0x00000010   Code   RO         2619    i.RCC_GetSYSCLKSource  stm32f2xx_rcc.o
    0x080039a0   0x00000018   Code   RO         2620    i.RCC_HCLKConfig    stm32f2xx_rcc.o
    0x080039b8   0x00000010   Code   RO         2621    i.RCC_HSEConfig     stm32f2xx_rcc.o
    0x080039c8   0x00000018   Code   RO         2629    i.RCC_PCLK1Config   stm32f2xx_rcc.o
    0x080039e0   0x00000018   Code   RO         2630    i.RCC_PCLK2Config   stm32f2xx_rcc.o
    0x080039f8   0x0000000c   Code   RO         2631    i.RCC_PLLCmd        stm32f2xx_rcc.o
    0x08003a04   0x00000024   Code   RO         2632    i.RCC_PLLConfig     stm32f2xx_rcc.o
    0x08003a28   0x00000018   Code   RO         2637    i.RCC_SYSCLKConfig  stm32f2xx_rcc.o
    0x08003a40   0x00000038   Code   RO         2638    i.RCC_WaitForHSEStartUp  stm32f2xx_rcc.o
    0x08003a78   0x00000048   Code   RO         4735    i.ReadCommand       afe4490.o
    0x08003ac0   0x00000028   Code   RO         5200    i.ReduceLedCurrent  ledcurrent.o
    0x08003ae8   0x00000048   Code   RO         5340    i.ResetIntCoeff     intcoeff.o
    0x08003b30   0x0000003c   Code   RO         4736    i.SPI1_SendByte     afe4490.o
    0x08003b6c   0x00000018   Code   RO         3424    i.SPI_Cmd           stm32f2xx_spi.o
    0x08003b84   0x00000012   Code   RO         3432    i.SPI_I2S_GetFlagStatus  stm32f2xx_spi.o
    0x08003b96   0x00000006   Code   RO         3435    i.SPI_I2S_ReceiveData  stm32f2xx_spi.o
    0x08003b9c   0x00000004   Code   RO         3436    i.SPI_I2S_SendData  stm32f2xx_spi.o
    0x08003ba0   0x0000003c   Code   RO         3437    i.SPI_Init          stm32f2xx_spi.o
    0x08003bdc   0x00000002   Code   RO         2298    i.SVC_Handler       stm32f2xx_it.o
    0x08003bde   0x00000002   PAD
    0x08003be0   0x00000040   Code   RO         3583    i.SYSCFG_EXTILineConfig  stm32f2xx_syscfg.o
    0x08003c20   0x00000050   Code   RO         5201    i.SetLedCurrent     ledcurrent.o
    0x08003c70   0x000000cc   Code   RO          220    i.SetSysClock       system_stm32f2xx.o
    0x08003d3c   0x0000003e   Code   RO         4558    i.SortU16           spo2tools.o
    0x08003d7a   0x00000012   Code   RO         4561    i.SpO2IsValid       spo2tools.o
    0x08003d8c   0x000000cc   Code   RO         5245    i.SpO2LookupTable   rtable.o
    0x08003e58   0x00000464   Code   RO         5090    i.SpO2_Process      parameterprocess.o
    0x080042bc   0x000000cc   Code   RO         4460    i.Spi_Init          bsp.o
    0x08004388   0x00000068   Code   RO         4461    i.SysTickConfig     bsp.o
    0x080043f0   0x00000018   Code   RO         2299    i.SysTick_Handler   stm32f2xx_it.o
    0x08004408   0x000000c0   Code   RO          221    i.SystemCoreClockUpdate  system_stm32f2xx.o
    0x080044c8   0x0000005c   Code   RO          222    i.SystemInit        system_stm32f2xx.o
    0x08004524   0x00000014   Code   RO          168    i.SystickDelay1ms   global.o
    0x08004538   0x00000020   Code   RO         2300    i.TIM1_CC_IRQHandler  stm32f2xx_it.o
    0x08004558   0x00000016   Code   RO         2301    i.TIM2_IRQHandler   stm32f2xx_it.o
    0x0800456e   0x00000002   PAD
    0x08004570   0x0000001c   Code   RO         2302    i.TIM3_IRQHandler   stm32f2xx_it.o
    0x0800458c   0x0000001c   Code   RO         2303    i.TIM4_IRQHandler   stm32f2xx_it.o
    0x080045a8   0x0000001c   Code   RO         2304    i.TIM5_IRQHandler   stm32f2xx_it.o
    0x080045c4   0x00000006   Code   RO         3644    i.TIM_ClearITPendingBit  stm32f2xx_tim.o
    0x080045ca   0x00000002   Code   RO         4462    i.TIM_Configuration  bsp.o
    0x080045cc   0x00000022   Code   RO         3670    i.TIM_GetITStatus   stm32f2xx_tim.o
    0x080045ee   0x00000002   PAD
    0x080045f0   0x00000080   Code   RO         2305    i.UART4_IRQHandler  stm32f2xx_it.o
    0x08004670   0x00000034   Code   RO         2306    i.UART5_IRQHandler  stm32f2xx_it.o
    0x080046a4   0x000000a4   Code   RO         2307    i.USART1_IRQHandler  stm32f2xx_it.o
    0x08004748   0x00000040   Code   RO         2308    i.USART2_IRQHandler  stm32f2xx_it.o
    0x08004788   0x00000034   Code   RO         2309    i.USART3_IRQHandler  stm32f2xx_it.o
    0x080047bc   0x00000080   Code   RO         2310    i.USART6_IRQHandler  stm32f2xx_it.o
    0x0800483c   0x00000012   Code   RO         4198    i.USART_ClearFlag   stm32f2xx_usart.o
    0x0800484e   0x0000001e   Code   RO         4199    i.USART_ClearITPendingBit  stm32f2xx_usart.o
    0x0800486c   0x00000018   Code   RO         4202    i.USART_Cmd         stm32f2xx_usart.o
    0x08004884   0x000000b4   Code   RO         4204    i.USART_DeInit      stm32f2xx_usart.o
    0x08004938   0x00000054   Code   RO         4206    i.USART_GetITStatus  stm32f2xx_usart.o
    0x0800498c   0x0000004a   Code   RO         4208    i.USART_ITConfig    stm32f2xx_usart.o
    0x080049d6   0x00000002   PAD
    0x080049d8   0x000000d4   Code   RO         4209    i.USART_Init        stm32f2xx_usart.o
    0x08004aac   0x0000000a   Code   RO         4216    i.USART_ReceiveData  stm32f2xx_usart.o
    0x08004ab6   0x00000008   Code   RO         4219    i.USART_SendData    stm32f2xx_usart.o
    0x08004abe   0x00000004   Code   RO         2311    i.UsageFault_Handler  stm32f2xx_it.o
    0x08004ac2   0x00000002   PAD
    0x08004ac4   0x0000019c   Code   RO         4463    i.Usart_Init        bsp.o
    0x08004c60   0x00000014   Code   RO          169    i.WorkLed           global.o
    0x08004c74   0x00000044   Code   RO         4738    i.WriteCommand      afe4490.o
    0x08004cb8   0x0000000e   Code   RO         5520    i.__scatterload_copy  mc_w.l(handlers.o)
    0x08004cc6   0x00000002   Code   RO         5521    i.__scatterload_null  mc_w.l(handlers.o)
    0x08004cc8   0x0000000e   Code   RO         5522    i.__scatterload_zeroinit  mc_w.l(handlers.o)
    0x08004cd6   0x00000014   Code   RO            3    i.main              main.o
    0x08004cea   0x00000046   Code   RO         4566    i.sort_dunk_float   spo2tools.o
    0x08004d30   0x00000020   Data   RO         5518    Region$$Table       anon$$obj.o


    Execution Region RW_IRAM1 (Base: 0x20000000, Size: 0x00011280, Max: 0x00020000, ABSOLUTE, COMPRESSED[0x000001b8])

    Base Addr    Size         Type   Attr      Idx    E Section Name        Object

    0x20000000   0x00000162   Data   RW          171    .data               global.o
    0x20000162   0x00000002   PAD
    0x20000164   0x00000014   Data   RW          223    .data               system_stm32f2xx.o
    0x20000178   0x00000010   Data   RW         2639    .data               stm32f2xx_rcc.o
    0x20000188   0x00000004   Data   RW         4465    .data               bsp.o
    0x2000018c   0x00000038   Data   RW         4567    .data               spo2tools.o
    0x200001c4   0x00000002   Data   RW         4740    .data               afe4490.o
    0x200001c6   0x00000002   PAD
    0x200001c8   0x00000010   Data   RW         4860    .data               afe4490oxiprocess.o
    0x200001d8   0x0000000c   Data   RW         4902    .data               bciprotocol.o
    0x200001e4   0x0000005e   Data   RW         4936    .data               algorithm.o
    0x20000242   0x00000002   PAD
    0x20000244   0x00000021   Data   RW         5033    .data               plethwave.o
    0x20000265   0x00000003   PAD
    0x20000268   0x0000002a   Data   RW         5092    .data               parameterprocess.o
    0x20000292   0x00000002   PAD
    0x20000294   0x00000198   Data   RW         5163    .data               piprocess.o
    0x2000042c   0x00000010   Data   RW         5202    .data               ledcurrent.o
    0x2000043c   0x00000080   Data   RW         5246    .data               rtable.o
    0x200004bc   0x0000000c   Data   RW         5342    .data               intcoeff.o
    0x200004c8   0x00000002   Data   RW         5371    .data               processpacket.o
    0x200004ca   0x00000002   PAD
    0x200004cc   0x00000920   Zero   RW          170    .bss                global.o
    0x20000dec   0x00000118   Zero   RW         4739    .bss                afe4490.o
    0x20000f04   0x000052a0   Zero   RW         4859    .bss                afe4490oxiprocess.o
    0x200061a4   0x00000040   Zero   RW         4901    .bss                bciprotocol.o
    0x200061e4   0x000003a0   Zero   RW         4935    .bss                algorithm.o
    0x20006584   0x00001518   Zero   RW         5032    .bss                plethwave.o
    0x20007a9c   0x00000c30   Zero   RW         5091    .bss                parameterprocess.o
    0x200086cc   0x00000960   Zero   RW         5162    .bss                piprocess.o
    0x2000902c   0x00000004   PAD
    0x20009030   0x00000a50   Zero   RW         5341    .bss                intcoeff.o
    0x20009a80   0x00007800   Zero   RW          211    STACK               startup_stm32f2xx.o


==============================================================================

Image component sizes


      Code (inc. data)   RO Data    RW Data    ZI Data      Debug   Object Name

      1134         64          0          2        280       5510   afe4490.o
       164         42          0         16      21152       1697   afe4490oxiprocess.o
      2514        300          0         94        928       7613   algorithm.o
       952         58          0         12         64       2590   bciprotocol.o
      1408         56          0          4          0      28598   bsp.o
        40         10          0        354       2336       2045   global.o
       628         54          0         12       2640       1596   intcoeff.o
       452         74          0         16          0       2784   ledcurrent.o
        20          0          0          0          0     244303   main.o
       120         12          0          0          0       2516   misc.o
      3572        252          0         42       3120       7932   parameterprocess.o
       300         54          0        408       2400       2123   piprocess.o
       872        124          0         33       5400       4215   plethwave.o
       288         28          0          2          0       1249   processpacket.o
       204         28          0        128          0       1023   rtable.o
       456         16          0         56          0       5206   spo2tools.o
        48         14        388          0      30720        712   startup_stm32f2xx.o
       216         22          0          0          0       4635   stm32f2xx_exti.o
        12          6          0          0          0        455   stm32f2xx_flash.o
       712          0          0          0          0      10629   stm32f2xx_gpio.o
       830        106          0          0          0       9799   stm32f2xx_it.o
        68         30          0          0          0       2178   stm32f2xx_iwdg.o
       760        108          0         16          0      23185   stm32f2xx_rcc.o
       112          0          0          0          0      10698   stm32f2xx_spi.o
        64          4          0          0          0        572   stm32f2xx_syscfg.o
        40          0          0          0          0      21326   stm32f2xx_tim.o
       640         32          0          0          0      11654   stm32f2xx_usart.o
       488         54          0         20          0       1989   system_stm32f2xx.o

    ----------------------------------------------------------------------
     17142       1548        420       1228      69044     418832   Object Totals
         0          0         32          0          0          0   (incl. Generated)
        28          0          0         13          4          0   (incl. Padding)

    ----------------------------------------------------------------------

      Code (inc. data)   RO Data    RW Data    ZI Data      Debug   Library Member Name

        92          0          0          0          0          0   __dczerorl2.o
         0          0          0          0          0          0   entry.o
         0          0          0          0          0          0   entry10a.o
         0          0          0          0          0          0   entry11a.o
         8          4          0          0          0          0   entry2.o
         4          0          0          0          0          0   entry5.o
         0          0          0          0          0          0   entry7b.o
         0          0          0          0          0          0   entry8b.o
         8          4          0          0          0          0   entry9a.o
        30          0          0          0          0          0   handlers.o
        36          8          0          0          0         68   init.o
         0          0          0          0          0          0   iusefp.o
        30          0          0          0          0         68   llshl.o
        36          0          0          0          0         68   llsshr.o
        32          0          0          0          0         68   llushr.o
        64          0          0          0          0         76   memmovea.o
        36          0          0          0          0        108   memseta.o
        40          2          0          0          0         68   cdrcmple.o
        20          0          0          0          0         68   cfcmple.o
        20          0          0          0          0         68   cfrcmple.o
       334          0          0          0          0        148   dadd.o
       222          0          0          0          0        100   ddiv.o
       190          0          0          0          0        176   depilogue.o
        62          0          0          0          0         80   dfixi.o
        50          0          0          0          0         76   dfixui.o
        34          0          0          0          0         76   dflti.o
        26          0          0          0          0         76   dfltui.o
       228          0          0          0          0         96   dmul.o
        38          0          0          0          0         68   f2d.o
       176          0          0          0          0        140   fadd.o
       128          0          0          0          0         88   fdiv.o
       108          0          0          0          0        168   fepilogue.o
        40          0          0          0          0         68   ffixui.o
        18          0          0          0          0         68   fflti.o
        10          0          0          0          0         68   ffltui.o
       108          0          0          0          0         76   fmul.o

    ----------------------------------------------------------------------
      2230         18          0          0          0       2232   Library Totals
         2          0          0          0          0          0   (incl. Padding)

    ----------------------------------------------------------------------

      Code (inc. data)   RO Data    RW Data    ZI Data      Debug   Library Name

       376         16          0          0          0        456   mc_w.l
      1852          2          0          0          0       1776   mf_w.l

    ----------------------------------------------------------------------
      2230         18          0          0          0       2232   Library Totals

    ----------------------------------------------------------------------

==============================================================================


      Code (inc. data)   RO Data    RW Data    ZI Data      Debug   

     19372       1566        420       1228      69044     412588   Grand Totals
     19372       1566        420        440      69044     412588   ELF Image Totals (compressed)
     19372       1566        420        440          0          0   ROM Totals

==============================================================================

    Total RO  Size (Code + RO Data)                19792 (  19.33kB)
    Total RW  Size (RW Data + ZI Data)             70272 (  68.63kB)
    Total ROM Size (Code + RO Data + RW Data)      20232 (  19.76kB)

==============================================================================

