ARM Linker, 5.03 [Build 76] [MDK-ARM Standard]

==============================================================================

Section Cross References

    main.o(i.main) refers to fmul.o(.text) for __aeabi_fmul
    main.o(i.main) refers to test.o(.text) for test
    main.o(i.main) refers to afe4490.o(i.AFE4490_Sampling) for AFE4490_Sampling
    main.o(i.main) refers to strategy.o(i.bpfilter) for bpfilter
    main.o(i.main) refers to uart.o(i.bci_send) for bci_send
    main.o(i.main) refers to strategy.o(.data) for Bx
    main.o(i.main) refers to global.o(.data) for dataready
    main.o(i.main) refers to uart.o(.data) for BmpSoundflag1
    global.o(i.SystickDelay1ms) refers to global.o(.data) for g_delay_tick
    global.o(i.WorkLed) refers to stm32f2xx_gpio.o(i.GPIO_ToggleBits) for GPIO_ToggleBits
    startup_stm32f2xx.o(STACK) refers (Special) to system_stm32f2xx.o(i.SystemInit) for SystemInit
    startup_stm32f2xx.o(HEAP) refers (Special) to system_stm32f2xx.o(i.SystemInit) for SystemInit
    startup_stm32f2xx.o(RESET) refers (Special) to system_stm32f2xx.o(i.SystemInit) for SystemInit
    startup_stm32f2xx.o(RESET) refers to startup_stm32f2xx.o(.text) for Reset_Handler
    startup_stm32f2xx.o(RESET) refers to stm32f2xx_it.o(i.NMI_Handler) for NMI_Handler
    startup_stm32f2xx.o(RESET) refers to stm32f2xx_it.o(i.HardFault_Handler) for HardFault_Handler
    startup_stm32f2xx.o(RESET) refers to stm32f2xx_it.o(i.MemManage_Handler) for MemManage_Handler
    startup_stm32f2xx.o(RESET) refers to stm32f2xx_it.o(i.BusFault_Handler) for BusFault_Handler
    startup_stm32f2xx.o(RESET) refers to stm32f2xx_it.o(i.UsageFault_Handler) for UsageFault_Handler
    startup_stm32f2xx.o(RESET) refers to stm32f2xx_it.o(i.SVC_Handler) for SVC_Handler
    startup_stm32f2xx.o(RESET) refers to stm32f2xx_it.o(i.DebugMon_Handler) for DebugMon_Handler
    startup_stm32f2xx.o(RESET) refers to stm32f2xx_it.o(i.PendSV_Handler) for PendSV_Handler
    startup_stm32f2xx.o(RESET) refers to stm32f2xx_it.o(i.SysTick_Handler) for SysTick_Handler
    startup_stm32f2xx.o(RESET) refers to stm32f2xx_it.o(i.EXTI3_IRQHandler) for EXTI3_IRQHandler
    startup_stm32f2xx.o(RESET) refers to stm32f2xx_it.o(i.EXTI4_IRQHandler) for EXTI4_IRQHandler
    startup_stm32f2xx.o(RESET) refers to stm32f2xx_it.o(i.TIM1_CC_IRQHandler) for TIM1_CC_IRQHandler
    startup_stm32f2xx.o(RESET) refers to stm32f2xx_it.o(i.TIM2_IRQHandler) for TIM2_IRQHandler
    startup_stm32f2xx.o(RESET) refers to stm32f2xx_it.o(i.TIM3_IRQHandler) for TIM3_IRQHandler
    startup_stm32f2xx.o(RESET) refers to stm32f2xx_it.o(i.TIM4_IRQHandler) for TIM4_IRQHandler
    startup_stm32f2xx.o(RESET) refers to stm32f2xx_it.o(i.USART1_IRQHandler) for USART1_IRQHandler
    startup_stm32f2xx.o(RESET) refers to stm32f2xx_it.o(i.USART2_IRQHandler) for USART2_IRQHandler
    startup_stm32f2xx.o(RESET) refers to stm32f2xx_it.o(i.USART3_IRQHandler) for USART3_IRQHandler
    startup_stm32f2xx.o(RESET) refers to stm32f2xx_it.o(i.TIM5_IRQHandler) for TIM5_IRQHandler
    startup_stm32f2xx.o(RESET) refers to stm32f2xx_it.o(i.UART4_IRQHandler) for UART4_IRQHandler
    startup_stm32f2xx.o(RESET) refers to stm32f2xx_it.o(i.UART5_IRQHandler) for UART5_IRQHandler
    startup_stm32f2xx.o(RESET) refers to stm32f2xx_it.o(i.USART6_IRQHandler) for USART6_IRQHandler
    startup_stm32f2xx.o(.text) refers (Special) to system_stm32f2xx.o(i.SystemInit) for SystemInit
    startup_stm32f2xx.o(.text) refers to entry.o(.ARM.Collect$$$$00000000) for __main
    startup_stm32f2xx.o(.text) refers to startup_stm32f2xx.o(STACK) for __initial_sp
    system_stm32f2xx.o(i.SystemCoreClockUpdate) refers to system_stm32f2xx.o(.data) for SystemCoreClock
    system_stm32f2xx.o(i.SystemInit) refers to system_stm32f2xx.o(i.SetSysClock) for SetSysClock
    strategy.o(i.Adaptive) refers to dflti.o(.text) for __aeabi_i2d
    strategy.o(i.Adaptive) refers to dmul.o(.text) for __aeabi_dmul
    strategy.o(i.Adaptive) refers to dadd.o(.text) for __aeabi_dadd
    strategy.o(i.Adaptive) refers to ddiv.o(.text) for __aeabi_ddiv
    strategy.o(i.Adaptive) refers to dfixi.o(.text) for __aeabi_d2iz
    strategy.o(i.Adaptive) refers to strategy.o(.data) for dst_ref
    strategy.o(i.Adaptive2) refers to dflti.o(.text) for __aeabi_i2d
    strategy.o(i.Adaptive2) refers to dmul.o(.text) for __aeabi_dmul
    strategy.o(i.Adaptive2) refers to dadd.o(.text) for __aeabi_dadd
    strategy.o(i.Adaptive2) refers to ddiv.o(.text) for __aeabi_ddiv
    strategy.o(i.Adaptive2) refers to dfixi.o(.text) for __aeabi_d2iz
    strategy.o(i.Adaptive2) refers to strategy.o(.data) for dst_ref
    strategy.o(i.FreqCompare) refers to ffltui.o(.text) for __aeabi_ui2f
    strategy.o(i.FreqCompare) refers to fadd.o(.text) for __aeabi_fadd
    strategy.o(i.FreqCompare) refers to fdiv.o(.text) for __aeabi_fdiv
    strategy.o(i.FreqCompare) refers to ffixi.o(.text) for __aeabi_f2iz
    strategy.o(i.FreqCompare) refers to fflti.o(.text) for __aeabi_i2f
[...]
    Removing stm32f2xx_spi.o(i.SPI_DataSizeConfig), (18 bytes).
    Removing stm32f2xx_spi.o(i.SPI_GetCRC), (16 bytes).
    Removing stm32f2xx_spi.o(i.SPI_GetCRCPolynomial), (6 bytes).
    Removing stm32f2xx_spi.o(i.SPI_I2S_ClearFlag), (6 bytes).
    Removing stm32f2xx_spi.o(i.SPI_I2S_ClearITPendingBit), (20 bytes).
    Removing stm32f2xx_spi.o(i.SPI_I2S_DMACmd), (18 bytes).
    Removing stm32f2xx_spi.o(i.SPI_I2S_DeInit), (88 bytes).
    Removing stm32f2xx_spi.o(i.SPI_I2S_GetITStatus), (52 bytes).
    Removing stm32f2xx_spi.o(i.SPI_I2S_ITConfig), (32 bytes).
    Removing stm32f2xx_spi.o(i.SPI_Init), (60 bytes).
    Removing stm32f2xx_spi.o(i.SPI_NSSInternalSoftwareConfig), (30 bytes).
    Removing stm32f2xx_spi.o(i.SPI_SSOutputCmd), (24 bytes).
    Removing stm32f2xx_spi.o(i.SPI_StructInit), (24 bytes).
    Removing stm32f2xx_spi.o(i.SPI_TIModeCmd), (24 bytes).
    Removing stm32f2xx_spi.o(i.SPI_TransmitCRC), (10 bytes).
    Removing stm32f2xx_syscfg.o(.rev16_text), (4 bytes).
    Removing stm32f2xx_syscfg.o(.revsh_text), (4 bytes).
    Removing stm32f2xx_syscfg.o(i.SYSCFG_CompensationCellCmd), (12 bytes).
    Removing stm32f2xx_syscfg.o(i.SYSCFG_DeInit), (22 bytes).
    Removing stm32f2xx_syscfg.o(i.SYSCFG_ETH_MediaInterfaceConfig), (12 bytes).
    Removing stm32f2xx_syscfg.o(i.SYSCFG_EXTILineConfig), (64 bytes).
    Removing stm32f2xx_syscfg.o(i.SYSCFG_GetCompensationCellStatus), (24 bytes).
    Removing stm32f2xx_syscfg.o(i.SYSCFG_MemoryRemapConfig), (12 bytes).
    Removing stm32f2xx_tim.o(.rev16_text), (4 bytes).
    Removing stm32f2xx_tim.o(.revsh_text), (4 bytes).
    Removing stm32f2xx_tim.o(i.TI1_Config), (58 bytes).
    Removing stm32f2xx_tim.o(i.TI2_Config), (80 bytes).
    Removing stm32f2xx_tim.o(i.TI3_Config), (72 bytes).
    Removing stm32f2xx_tim.o(i.TI4_Config), (80 bytes).
    Removing stm32f2xx_tim.o(i.TIM_ARRPreloadConfig), (24 bytes).
    Removing stm32f2xx_tim.o(i.TIM_BDTRConfig), (32 bytes).
    Removing stm32f2xx_tim.o(i.TIM_BDTRStructInit), (18 bytes).
    Removing stm32f2xx_tim.o(i.TIM_CCPreloadControl), (24 bytes).
    Removing stm32f2xx_tim.o(i.TIM_CCxCmd), (30 bytes).
    Removing stm32f2xx_tim.o(i.TIM_CCxNCmd), (30 bytes).
    Removing stm32f2xx_tim.o(i.TIM_ClearFlag), (6 bytes).
    Removing stm32f2xx_tim.o(i.TIM_ClearOC1Ref), (18 bytes).
    Removing stm32f2xx_tim.o(i.TIM_ClearOC2Ref), (24 bytes).
    Removing stm32f2xx_tim.o(i.TIM_ClearOC3Ref), (18 bytes).
    Removing stm32f2xx_tim.o(i.TIM_ClearOC4Ref), (24 bytes).
    Removing stm32f2xx_tim.o(i.TIM_Cmd), (24 bytes).
    Removing stm32f2xx_tim.o(i.TIM_CounterModeConfig), (18 bytes).
    Removing stm32f2xx_tim.o(i.TIM_CtrlPWMOutputs), (30 bytes).
    Removing stm32f2xx_tim.o(i.TIM_DMACmd), (18 bytes).
    Removing stm32f2xx_tim.o(i.TIM_DMAConfig), (10 bytes).
    Removing stm32f2xx_tim.o(i.TIM_DeInit), (400 bytes).
    Removing stm32f2xx_tim.o(i.TIM_ETRClockMode1Config), (54 bytes).
    Removing stm32f2xx_tim.o(i.TIM_ETRClockMode2Config), (32 bytes).
    Removing stm32f2xx_tim.o(i.TIM_ETRConfig), (28 bytes).
    Removing stm32f2xx_tim.o(i.TIM_EncoderInterfaceConfig), (66 bytes).
    Removing stm32f2xx_tim.o(i.TIM_ForcedOC1Config), (18 bytes).
    Removing stm32f2xx_tim.o(i.TIM_ForcedOC2Config), (26 bytes).
    Removing stm32f2xx_tim.o(i.TIM_ForcedOC3Config), (18 bytes).
    Removing stm32f2xx_tim.o(i.TIM_ForcedOC4Config), (26 bytes).
    Removing stm32f2xx_tim.o(i.TIM_GenerateEvent), (4 bytes).
    Removing stm32f2xx_tim.o(i.TIM_GetCapture1), (6 bytes).
    Removing stm32f2xx_tim.o(i.TIM_GetCapture2), (6 bytes).
    Removing stm32f2xx_tim.o(i.TIM_GetCapture3), (6 bytes).
    Removing stm32f2xx_tim.o(i.TIM_GetCapture4), (6 bytes).
    Removing stm32f2xx_tim.o(i.TIM_GetCounter), (6 bytes).
    Removing stm32f2xx_tim.o(i.TIM_GetFlagStatus), (18 bytes).
    Removing stm32f2xx_tim.o(i.TIM_GetPrescaler), (6 bytes).
    Removing stm32f2xx_tim.o(i.TIM_ICInit), (110 bytes).
    Removing stm32f2xx_tim.o(i.TIM_ICStructInit), (18 bytes).
    Removing stm32f2xx_tim.o(i.TIM_ITConfig), (18 bytes).
    Removing stm32f2xx_tim.o(i.TIM_ITRxExternalClockConfig), (24 bytes).
    Removing stm32f2xx_tim.o(i.TIM_InternalClockConfig), (12 bytes).
    Removing stm32f2xx_tim.o(i.TIM_OC1FastConfig), (18 bytes).
    Removing stm32f2xx_tim.o(i.TIM_OC1Init), (124 bytes).
    Removing stm32f2xx_tim.o(i.TIM_OC1NPolarityConfig), (18 bytes).
    Removing stm32f2xx_tim.o(i.TIM_OC1PolarityConfig), (18 bytes).
    Removing stm32f2xx_tim.o(i.TIM_OC1PreloadConfig), (18 bytes).
    Removing stm32f2xx_tim.o(i.TIM_OC2FastConfig), (26 bytes).
    Removing stm32f2xx_tim.o(i.TIM_OC2Init), (164 bytes).
    Removing stm32f2xx_tim.o(i.TIM_OC2NPolarityConfig), (26 bytes).
    Removing stm32f2xx_tim.o(i.TIM_OC2PolarityConfig), (26 bytes).
    Removing stm32f2xx_tim.o(i.TIM_OC2PreloadConfig), (26 bytes).
    Removing stm32f2xx_tim.o(i.TIM_OC3FastConfig), (18 bytes).
    Removing stm32f2xx_tim.o(i.TIM_OC3Init), (160 bytes).
    Removing stm32f2xx_tim.o(i.TIM_OC3NPolarityConfig), (26 bytes).
    Removing stm32f2xx_tim.o(i.TIM_OC3PolarityConfig), (26 bytes).
    Removing stm32f2xx_tim.o(i.TIM_OC3PreloadConfig), (18 bytes).
    Removing stm32f2xx_tim.o(i.TIM_OC4FastConfig), (26 bytes).
    Removing stm32f2xx_tim.o(i.TIM_OC4Init), (120 bytes).
    Removing stm32f2xx_tim.o(i.TIM_OC4PolarityConfig), (26 bytes).
    Removing stm32f2xx_tim.o(i.TIM_OC4PreloadConfig), (26 bytes).
    Removing stm32f2xx_tim.o(i.TIM_OCStructInit), (20 bytes).
    Removing stm32f2xx_tim.o(i.TIM_PWMIConfig), (124 bytes).
    Removing stm32f2xx_tim.o(i.TIM_PrescalerConfig), (6 bytes).
    Removing stm32f2xx_tim.o(i.TIM_RemapConfig), (6 bytes).
    Removing stm32f2xx_tim.o(i.TIM_SelectCCDMA), (24 bytes).
    Removing stm32f2xx_tim.o(i.TIM_SelectCOM), (24 bytes).
    Removing stm32f2xx_tim.o(i.TIM_SelectHallSensor), (24 bytes).
    Removing stm32f2xx_tim.o(i.TIM_SelectInputTrigger), (18 bytes).
    Removing stm32f2xx_tim.o(i.TIM_SelectMasterSlaveMode), (18 bytes).
    Removing stm32f2xx_tim.o(i.TIM_SelectOCxM), (86 bytes).
    Removing stm32f2xx_tim.o(i.TIM_SelectOnePulseMode), (18 bytes).
    Removing stm32f2xx_tim.o(i.TIM_SelectOutputTrigger), (18 bytes).
    Removing stm32f2xx_tim.o(i.TIM_SelectSlaveMode), (18 bytes).
    Removing stm32f2xx_tim.o(i.TIM_SetAutoreload), (4 bytes).
    Removing stm32f2xx_tim.o(i.TIM_SetClockDivision), (18 bytes).
    Removing stm32f2xx_tim.o(i.TIM_SetCompare1), (4 bytes).
    Removing stm32f2xx_tim.o(i.TIM_SetCompare2), (4 bytes).
    Removing stm32f2xx_tim.o(i.TIM_SetCompare3), (4 bytes).
    Removing stm32f2xx_tim.o(i.TIM_SetCompare4), (4 bytes).
    Removing stm32f2xx_tim.o(i.TIM_SetCounter), (4 bytes).
    Removing stm32f2xx_tim.o(i.TIM_SetIC1Prescaler), (18 bytes).
    Removing stm32f2xx_tim.o(i.TIM_SetIC2Prescaler), (26 bytes).
    Removing stm32f2xx_tim.o(i.TIM_SetIC3Prescaler), (18 bytes).
    Removing stm32f2xx_tim.o(i.TIM_SetIC4Prescaler), (26 bytes).
    Removing stm32f2xx_tim.o(i.TIM_TIxExternalClockConfig), (62 bytes).
    Removing stm32f2xx_tim.o(i.TIM_TimeBaseInit), (132 bytes).
    Removing stm32f2xx_tim.o(i.TIM_TimeBaseStructInit), (18 bytes).
    Removing stm32f2xx_tim.o(i.TIM_UpdateDisableConfig), (24 bytes).
    Removing stm32f2xx_tim.o(i.TIM_UpdateRequestConfig), (24 bytes).
    Removing stm32f2xx_usart.o(.rev16_text), (4 bytes).
    Removing stm32f2xx_usart.o(.revsh_text), (4 bytes).
    Removing stm32f2xx_usart.o(i.USART_ClearFlag), (18 bytes).
    Removing stm32f2xx_usart.o(i.USART_ClockInit), (32 bytes).
    Removing stm32f2xx_usart.o(i.USART_ClockStructInit), (12 bytes).
    Removing stm32f2xx_usart.o(i.USART_Cmd), (24 bytes).
    Removing stm32f2xx_usart.o(i.USART_DMACmd), (18 bytes).
    Removing stm32f2xx_usart.o(i.USART_DeInit), (180 bytes).
    Removing stm32f2xx_usart.o(i.USART_GetFlagStatus), (26 bytes).
    Removing stm32f2xx_usart.o(i.USART_HalfDuplexCmd), (24 bytes).
    Removing stm32f2xx_usart.o(i.USART_Init), (212 bytes).
    Removing stm32f2xx_usart.o(i.USART_IrDACmd), (24 bytes).
    Removing stm32f2xx_usart.o(i.USART_IrDAConfig), (18 bytes).
    Removing stm32f2xx_usart.o(i.USART_LINBreakDetectLengthConfig), (18 bytes).
    Removing stm32f2xx_usart.o(i.USART_LINCmd), (24 bytes).
    Removing stm32f2xx_usart.o(i.USART_OneBitMethodCmd), (24 bytes).
    Removing stm32f2xx_usart.o(i.USART_OverSampling8Cmd), (22 bytes).
    Removing stm32f2xx_usart.o(i.USART_ReceiveData), (10 bytes).
    Removing stm32f2xx_usart.o(i.USART_ReceiverWakeUpCmd), (24 bytes).
    Removing stm32f2xx_usart.o(i.USART_SendBreak), (10 bytes).
    Removing stm32f2xx_usart.o(i.USART_SetAddress), (18 bytes).
    Removing stm32f2xx_usart.o(i.USART_SetGuardTime), (16 bytes).
    Removing stm32f2xx_usart.o(i.USART_SetPrescaler), (16 bytes).
    Removing stm32f2xx_usart.o(i.USART_SmartCardCmd), (24 bytes).
    Removing stm32f2xx_usart.o(i.USART_SmartCardNACKCmd), (24 bytes).
    Removing stm32f2xx_usart.o(i.USART_StructInit), (24 bytes).
    Removing stm32f2xx_usart.o(i.USART_WakeUpConfig), (18 bytes).
    Removing stm32f2xx_wwdg.o(.rev16_text), (4 bytes).
    Removing stm32f2xx_wwdg.o(.revsh_text), (4 bytes).
    Removing stm32f2xx_wwdg.o(i.WWDG_ClearFlag), (12 bytes).
    Removing stm32f2xx_wwdg.o(i.WWDG_DeInit), (22 bytes).
    Removing stm32f2xx_wwdg.o(i.WWDG_Enable), (16 bytes).
    Removing stm32f2xx_wwdg.o(i.WWDG_EnableIT), (12 bytes).
    Removing stm32f2xx_wwdg.o(i.WWDG_GetFlagStatus), (20 bytes).
    Removing stm32f2xx_wwdg.o(i.WWDG_SetCounter), (16 bytes).
    Removing stm32f2xx_wwdg.o(i.WWDG_SetPrescaler), (24 bytes).
    Removing stm32f2xx_wwdg.o(i.WWDG_SetWindowValue), (40 bytes).
    Removing bsp.o(.rev16_text), (4 bytes).
    Removing bsp.o(.revsh_text), (4 bytes).
    Removing bsp.o(i.BSP_Init), (36 bytes).
    Removing bsp.o(i.EXTI_Configuration), (82 bytes).
    Removing bsp.o(i.GPIO_Config), (244 bytes).
    Removing bsp.o(i.IWDG_Configuration), (34 bytes).
    Removing bsp.o(i.NVIC_init), (40 bytes).
    Removing bsp.o(i.RCC_Configuration), (136 bytes).
    Removing bsp.o(i.Spi_Init), (204 bytes).
    Removing bsp.o(i.SysTickConfig), (104 bytes).
    Removing bsp.o(i.TIM_Configuration), (2 bytes).
    Removing bsp.o(i.Usart_Init), (212 bytes).
    Removing bsp.o(i.WWDG_Configuration), (32 bytes).
    Removing bsp.o(.data), (4 bytes).
    Removing afe4490.o(.rev16_text), (4 bytes).
    Removing afe4490.o(.revsh_text), (4 bytes).
    Removing afe4490.o(i.AFE4490_Check_Sensor), (64 bytes).
    Removing afe4490.o(i.AFE4490_Check_SensorNotConnect), (24 bytes).
    Removing afe4490.o(i.AFE4490_Enable), (40 bytes).
    Removing afe4490.o(i.AFE4490_Hardware_Reset), (32 bytes).
    Removing afe4490.o(i.AFE4490_PowerDown), (40 bytes).
    Removing afe4490.o(i.AFE4490_Read_All_Register), (32 bytes).
    Removing afe4490.o(i.AddSampleData), (88 bytes).
    Removing afe4490.o(i.CheckFingerOff), (128 bytes).
    Removing afe4490.o(i.Enable_Diagnostic), (84 bytes).
    Removing afe4490.o(i.Enable_Stage2Gain), (34 bytes).
    Removing afe4490.o(i.InitAfe4490), (444 bytes).
    Removing afe4490.o(i.SetTxReferenceVoltage), (60 bytes).
    Removing ledcurrent.o(.rev16_text), (4 bytes).
    Removing ledcurrent.o(.revsh_text), (4 bytes).
    Removing ledcurrent.o(i.AddLedCurrent), (48 bytes).
    Removing ledcurrent.o(i.AdjustCurrent), (86 bytes).
    Removing ledcurrent.o(i.AdjustGain), (172 bytes).
    Removing ledcurrent.o(i.LedCurrentControl), (256 bytes).
    Removing ledcurrent.o(i.ReduceLedCurrent), (48 bytes).
    Removing ledcurrent.o(i.SetMaxCurrentGain), (36 bytes).
    Removing uart.o(.rev16_text), (4 bytes).
    Removing uart.o(.revsh_text), (4 bytes).
    Removing uart.o(i.Convert_Str), (72 bytes).
    Removing uart.o(i.UART3_Send_Str), (48 bytes).
    Removing uart.o(i.UART3_Send_bit), (32 bytes).
    Removing dfltui.o(.text), (26 bytes).
    Removing cdcmple.o(.text), (40 bytes).
    Removing dscalb.o(.text), (46 bytes).
    Removing dsqrt.o(.text), (162 bytes).

711 unused section(s) (total 45338 bytes) removed from the image.

==============================================================================

Image Symbol Table

    Local Symbols

    Symbol Name                              Value     Ov Type        Size  Object(Section)

    ../clib/../cmprslib/lz77c.c              0x00000000   Number         0  __dclz77c.o ABSOLUTE
    ../clib/microlib/errno.c                 0x00000000   Number         0  errno.o ABSOLUTE
    ../clib/microlib/init/entry.s            0x00000000   Number         0  entry7b.o ABSOLUTE
    ../clib/microlib/init/entry.s            0x00000000   Number         0  entry8a.o ABSOLUTE
    ../clib/microlib/init/entry.s            0x00000000   Number         0  entry.o ABSOLUTE
    ../clib/microlib/init/entry.s            0x00000000   Number         0  entry8b.o ABSOLUTE
    ../clib/microlib/init/entry.s            0x00000000   Number         0  entry7a.o ABSOLUTE
    ../clib/microlib/init/entry.s            0x00000000   Number         0  entry5.o ABSOLUTE
    ../clib/microlib/init/entry.s            0x00000000   Number         0  entry9b.o ABSOLUTE
    ../clib/microlib/init/entry.s            0x00000000   Number         0  entry10b.o ABSOLUTE
    ../clib/microlib/init/entry.s            0x00000000   Number         0  entry11a.o ABSOLUTE
    ../clib/microlib/init/entry.s            0x00000000   Number         0  entry11b.o ABSOLUTE
    ../clib/microlib/init/entry.s            0x00000000   Number         0  entry10a.o ABSOLUTE
    ../clib/microlib/init/entry.s            0x00000000   Number         0  entry2.o ABSOLUTE
    ../clib/microlib/init/entry.s            0x00000000   Number         0  entry9a.o ABSOLUTE
    ../clib/microlib/longlong.c              0x00000000   Number         0  llshl.o ABSOLUTE
    ../clib/microlib/longlong.c              0x00000000   Number         0  llushr.o ABSOLUTE
    ../clib/microlib/longlong.c              0x00000000   Number         0  llsshr.o ABSOLUTE
    ../clib/microlib/malloc/malloc.c         0x00000000   Number         0  malloc.o ABSOLUTE
    ../clib/microlib/malloc/malloc.c         0x00000000   Number         0  mallocr.o ABSOLUTE
    ../clib/microlib/malloc/malloc.c         0x00000000   Number         0  malloca.o ABSOLUTE
    ../clib/microlib/malloc/malloc.c         0x00000000   Number         0  mallocra.o ABSOLUTE
    ../clib/microlib/malloc/mvars.c          0x00000000   Number         0  mvars.o ABSOLUTE
    ../clib/microlib/string/memcpy.c         0x00000000   Number         0  memcpya.o ABSOLUTE
    ../clib/microlib/string/memcpy.c         0x00000000   Number         0  memcpyb.o ABSOLUTE
    ../clib/microlib/stubs.s                 0x00000000   Number         0  iusefp.o ABSOLUTE
    ../fplib/microlib/d2f.c                  0x00000000   Number         0  d2f.o ABSOLUTE
    ../fplib/microlib/f2d.c                  0x00000000   Number         0  f2d.o ABSOLUTE
    ../fplib/microlib/fpadd.c                0x00000000   Number         0  fadd.o ABSOLUTE
    ../fplib/microlib/fpadd.c                0x00000000   Number         0  dadd.o ABSOLUTE
    ../fplib/microlib/fpdiv.c                0x00000000   Number         0  fdiv.o ABSOLUTE
    ../fplib/microlib/fpdiv.c                0x00000000   Number         0  ddiv.o ABSOLUTE
    ../fplib/microlib/fpepilogue.c           0x00000000   Number         0  depilogue.o ABSOLUTE
    ../fplib/microlib/fpepilogue.c           0x00000000   Number         0  fepilogue.o ABSOLUTE
    ../fplib/microlib/fpfix.c                0x00000000   Number         0  ffixi.o ABSOLUTE
    ../fplib/microlib/fpfix.c                0x00000000   Number         0  dfixi.o ABSOLUTE
    ../fplib/microlib/fpfix.c                0x00000000   Number         0  ffixui.o ABSOLUTE
    ../fplib/microlib/fpflt.c                0x00000000   Number         0  fflti.o ABSOLUTE
    ../fplib/microlib/fpflt.c                0x00000000   Number         0  ffltui.o ABSOLUTE
    ../fplib/microlib/fpflt.c                0x00000000   Number         0  dflti.o ABSOLUTE
    ../fplib/microlib/fpflt.c                0x00000000   Number         0  dfltui.o ABSOLUTE
    ../fplib/microlib/fpmul.c                0x00000000   Number         0  fmul.o ABSOLUTE
    ../fplib/microlib/fpmul.c                0x00000000   Number         0  dmul.o ABSOLUTE
    ../fplib/microlib/fpscalb.c              0x00000000   Number         0  dscalb.o ABSOLUTE
    ../fplib/microlib/fpsqrt.c               0x00000000   Number         0  dsqrt.o ABSOLUTE
    ../mathlib/cos.c                         0x00000000   Number         0  cos.o ABSOLUTE
    ../mathlib/cos.c                         0x00000000   Number         0  cos_x.o ABSOLUTE
    ../mathlib/cos_i.c                       0x00000000   Number         0  cos_i.o ABSOLUTE
    ../mathlib/dunder.c                      0x00000000   Number         0  dunder.o ABSOLUTE
    ../mathlib/fpclassify.c                  0x00000000   Number         0  fpclassify.o ABSOLUTE
    ../mathlib/poly.c                        0x00000000   Number         0  poly.o ABSOLUTE
    ../mathlib/pow.c                         0x00000000   Number         0  pow.o ABSOLUTE
    ../mathlib/pow.c                         0x00000000   Number         0  pow_x.o ABSOLUTE
    ../mathlib/qnan.c                        0x00000000   Number         0  qnan.o ABSOLUTE
    ../mathlib/rred.c                        0x00000000   Number         0  rred.o ABSOLUTE
    ../mathlib/sin.c                         0x00000000   Number         0  sin_x.o ABSOLUTE
    ../mathlib/sin.c                         0x00000000   Number         0  sin.o ABSOLUTE
    ../mathlib/sin_i.c                       0x00000000   Number         0  sin_i.o ABSOLUTE
    ../mathlib/sin_i.c                       0x00000000   Number         0  sin_i_x.o ABSOLUTE
    ../mathlib/sqrt.c                        0x00000000   Number         0  sqrt_x.o ABSOLUTE
    ../mathlib/sqrt.c                        0x00000000   Number         0  sqrt.o ABSOLUTE
    App\\global.c                            0x00000000   Number         0  global.o ABSOLUTE
    App\\main.c                              0x00000000   Number         0  main.o ABSOLUTE
    App\\strategy.c                          0x00000000   Number         0  strategy.o ABSOLUTE
    App\\system_stm32f2xx.c                  0x00000000   Number         0  system_stm32f2xx.o ABSOLUTE
    App\fft.c                                0x00000000   Number         0  fft.o ABSOLUTE
    App\fir_stm32.s                          0x00000000   Number         0  fir_stm32.o ABSOLUTE
    App\global.c                             0x00000000   Number         0  global.o ABSOLUTE
    App\iirarma_stm32.s                      0x00000000   Number         0  iirarma_stm32.o ABSOLUTE
    App\main.c                               0x00000000   Number         0  main.o ABSOLUTE
    App\startup_stm32f2xx.s                  0x00000000   Number         0  startup_stm32f2xx.o ABSOLUTE
    App\strategy.c                           0x00000000   Number         0  strategy.o ABSOLUTE
    App\system_stm32f2xx.c                   0x00000000   Number         0  system_stm32f2xx.o ABSOLUTE
    BSP\\bsp.c                               0x00000000   Number         0  bsp.o ABSOLUTE
    BSP\bsp.c                                0x00000000   Number         0  bsp.o ABSOLUTE
    STM32F2xx_StdPeriph_Driver\\misc.c       0x00000000   Number         0  misc.o ABSOLUTE
    STM32F2xx_StdPeriph_Driver\\stm32f2xx_adc.c 0x00000000   Number         0  stm32f2xx_adc.o ABSOLUTE
    STM32F2xx_StdPeriph_Driver\\stm32f2xx_can.c 0x00000000   Number         0  stm32f2xx_can.o ABSOLUTE
    STM32F2xx_StdPeriph_Driver\\stm32f2xx_crc.c 0x00000000   Number         0  stm32f2xx_crc.o ABSOLUTE
    STM32F2xx_StdPeriph_Driver\\stm32f2xx_cryp.c 0x00000000   Number         0  stm32f2xx_cryp.o ABSOLUTE
    STM32F2xx_StdPeriph_Driver\\stm32f2xx_cryp_aes.c 0x00000000   Number         0  stm32f2xx_cryp_aes.o ABSOLUTE
    STM32F2xx_StdPeriph_Driver\\stm32f2xx_cryp_des.c 0x00000000   Number         0  stm32f2xx_cryp_des.o ABSOLUTE
    STM32F2xx_StdPeriph_Driver\\stm32f2xx_cryp_tdes.c 0x00000000   Number         0  stm32f2xx_cryp_tdes.o ABSOLUTE
    STM32F2xx_StdPeriph_Driver\\stm32f2xx_dac.c 0x00000000   Number         0  stm32f2xx_dac.o ABSOLUTE
    STM32F2xx_StdPeriph_Driver\\stm32f2xx_dbgmcu.c 0x00000000   Number         0  stm32f2xx_dbgmcu.o ABSOLUTE
    STM32F2xx_StdPeriph_Driver\\stm32f2xx_dcmi.c 0x00000000   Number         0  stm32f2xx_dcmi.o ABSOLUTE
    STM32F2xx_StdPeriph_Driver\\stm32f2xx_dma.c 0x00000000   Number         0  stm32f2xx_dma.o ABSOLUTE
    STM32F2xx_StdPeriph_Driver\\stm32f2xx_exti.c 0x00000000   Number         0  stm32f2xx_exti.o ABSOLUTE
    STM32F2xx_StdPeriph_Driver\\stm32f2xx_flash.c 0x00000000   Number         0  stm32f2xx_flash.o ABSOLUTE
    STM32F2xx_StdPeriph_Driver\\stm32f2xx_fsmc.c 0x00000000   Number         0  stm32f2xx_fsmc.o ABSOLUTE
    STM32F2xx_StdPeriph_Driver\\stm32f2xx_gpio.c 0x00000000   Number         0  stm32f2xx_gpio.o ABSOLUTE
    STM32F2xx_StdPeriph_Driver\\stm32f2xx_hash.c 0x00000000   Number         0  stm32f2xx_hash.o ABSOLUTE
    STM32F2xx_StdPeriph_Driver\\stm32f2xx_hash_md5.c 0x00000000   Number         0  stm32f2xx_hash_md5.o ABSOLUTE
    STM32F2xx_StdPeriph_Driver\\stm32f2xx_hash_sha1.c 0x00000000   Number         0  stm32f2xx_hash_sha1.o ABSOLUTE
    STM32F2xx_StdPeriph_Driver\\stm32f2xx_i2c.c 0x00000000   Number         0  stm32f2xx_i2c.o ABSOLUTE
    STM32F2xx_StdPeriph_Driver\\stm32f2xx_it.c 0x00000000   Number         0  stm32f2xx_it.o ABSOLUTE
    STM32F2xx_StdPeriph_Driver\\stm32f2xx_iwdg.c 0x00000000   Number         0  stm32f2xx_iwdg.o ABSOLUTE
    STM32F2xx_StdPeriph_Driver\\stm32f2xx_pwr.c 0x00000000   Number         0  stm32f2xx_pwr.o ABSOLUTE
    STM32F2xx_StdPeriph_Driver\\stm32f2xx_rcc.c 0x00000000   Number         0  stm32f2xx_rcc.o ABSOLUTE
    STM32F2xx_StdPeriph_Driver\\stm32f2xx_rng.c 0x00000000   Number         0  stm32f2xx_rng.o ABSOLUTE
    STM32F2xx_StdPeriph_Driver\\stm32f2xx_rtc.c 0x00000000   Number         0  stm32f2xx_rtc.o ABSOLUTE
    STM32F2xx_StdPeriph_Driver\\stm32f2xx_sdio.c 0x00000000   Number         0  stm32f2xx_sdio.o ABSOLUTE
    STM32F2xx_StdPeriph_Driver\\stm32f2xx_spi.c 0x00000000   Number         0  stm32f2xx_spi.o ABSOLUTE
    STM32F2xx_StdPeriph_Driver\\stm32f2xx_syscfg.c 0x00000000   Number         0  stm32f2xx_syscfg.o ABSOLUTE
    STM32F2xx_StdPeriph_Driver\\stm32f2xx_tim.c 0x00000000   Number         0  stm32f2xx_tim.o ABSOLUTE
    STM32F2xx_StdPeriph_Driver\\stm32f2xx_usart.c 0x00000000   Number         0  stm32f2xx_usart.o ABSOLUTE
    STM32F2xx_StdPeriph_Driver\\stm32f2xx_wwdg.c 0x00000000   Number         0  stm32f2xx_wwdg.o ABSOLUTE
    STM32F2xx_StdPeriph_Driver\misc.c        0x00000000   Number         0  misc.o ABSOLUTE
    STM32F2xx_StdPeriph_Driver\stm32f2xx_adc.c 0x00000000   Number         0  stm32f2xx_adc.o ABSOLUTE
    STM32F2xx_StdPeriph_Driver\stm32f2xx_can.c 0x00000000   Number         0  stm32f2xx_can.o ABSOLUTE
    STM32F2xx_StdPeriph_Driver\stm32f2xx_crc.c 0x00000000   Number         0  stm32f2xx_crc.o ABSOLUTE
    STM32F2xx_StdPeriph_Driver\stm32f2xx_cryp.c 0x00000000   Number         0  stm32f2xx_cryp.o ABSOLUTE
    STM32F2xx_StdPeriph_Driver\stm32f2xx_cryp_aes.c 0x00000000   Number         0  stm32f2xx_cryp_aes.o ABSOLUTE
    STM32F2xx_StdPeriph_Driver\stm32f2xx_cryp_des.c 0x00000000   Number         0  stm32f2xx_cryp_des.o ABSOLUTE
    STM32F2xx_StdPeriph_Driver\stm32f2xx_cryp_tdes.c 0x00000000   Number         0  stm32f2xx_cryp_tdes.o ABSOLUTE
    STM32F2xx_StdPeriph_Driver\stm32f2xx_dac.c 0x00000000   Number         0  stm32f2xx_dac.o ABSOLUTE
    STM32F2xx_StdPeriph_Driver\stm32f2xx_dbgmcu.c 0x00000000   Number         0  stm32f2xx_dbgmcu.o ABSOLUTE
    STM32F2xx_StdPeriph_Driver\stm32f2xx_dcmi.c 0x00000000   Number         0  stm32f2xx_dcmi.o ABSOLUTE
    STM32F2xx_StdPeriph_Driver\stm32f2xx_dma.c 0x00000000   Number         0  stm32f2xx_dma.o ABSOLUTE
    STM32F2xx_StdPeriph_Driver\stm32f2xx_exti.c 0x00000000   Number         0  stm32f2xx_exti.o ABSOLUTE
    STM32F2xx_StdPeriph_Driver\stm32f2xx_flash.c 0x00000000   Number         0  stm32f2xx_flash.o ABSOLUTE
    STM32F2xx_StdPeriph_Driver\stm32f2xx_fsmc.c 0x00000000   Number         0  stm32f2xx_fsmc.o ABSOLUTE
    STM32F2xx_StdPeriph_Driver\stm32f2xx_gpio.c 0x00000000   Number         0  stm32f2xx_gpio.o ABSOLUTE
    STM32F2xx_StdPeriph_Driver\stm32f2xx_hash.c 0x00000000   Number         0  stm32f2xx_hash.o ABSOLUTE
    STM32F2xx_StdPeriph_Driver\stm32f2xx_hash_md5.c 0x00000000   Number         0  stm32f2xx_hash_md5.o ABSOLUTE
    STM32F2xx_StdPeriph_Driver\stm32f2xx_hash_sha1.c 0x00000000   Number         0  stm32f2xx_hash_sha1.o ABSOLUTE
    STM32F2xx_StdPeriph_Driver\stm32f2xx_i2c.c 0x00000000   Number         0  stm32f2xx_i2c.o ABSOLUTE
    STM32F2xx_StdPeriph_Driver\stm32f2xx_it.c 0x00000000   Number         0  stm32f2xx_it.o ABSOLUTE
    STM32F2xx_StdPeriph_Driver\stm32f2xx_iwdg.c 0x00000000   Number         0  stm32f2xx_iwdg.o ABSOLUTE
    STM32F2xx_StdPeriph_Driver\stm32f2xx_pwr.c 0x00000000   Number         0  stm32f2xx_pwr.o ABSOLUTE
    STM32F2xx_StdPeriph_Driver\stm32f2xx_rcc.c 0x00000000   Number         0  stm32f2xx_rcc.o ABSOLUTE
    STM32F2xx_StdPeriph_Driver\stm32f2xx_rng.c 0x00000000   Number         0  stm32f2xx_rng.o ABSOLUTE
    STM32F2xx_StdPeriph_Driver\stm32f2xx_rtc.c 0x00000000   Number         0  stm32f2xx_rtc.o ABSOLUTE
    STM32F2xx_StdPeriph_Driver\stm32f2xx_sdio.c 0x00000000   Number         0  stm32f2xx_sdio.o ABSOLUTE
    STM32F2xx_StdPeriph_Driver\stm32f2xx_spi.c 0x00000000   Number         0  stm32f2xx_spi.o ABSOLUTE
    STM32F2xx_StdPeriph_Driver\stm32f2xx_syscfg.c 0x00000000   Number         0  stm32f2xx_syscfg.o ABSOLUTE
    STM32F2xx_StdPeriph_Driver\stm32f2xx_tim.c 0x00000000   Number         0  stm32f2xx_tim.o ABSOLUTE
    STM32F2xx_StdPeriph_Driver\stm32f2xx_usart.c 0x00000000   Number         0  stm32f2xx_usart.o ABSOLUTE
    STM32F2xx_StdPeriph_Driver\stm32f2xx_wwdg.c 0x00000000   Number         0  stm32f2xx_wwdg.o ABSOLUTE
    SpO2\\afe4490.c                          0x00000000   Number         0  afe4490.o ABSOLUTE
    SpO2\\ledcurrent.c                       0x00000000   Number         0  ledcurrent.o ABSOLUTE
    SpO2\afe4490.c                           0x00000000   Number         0  afe4490.o ABSOLUTE
    SpO2\ledcurrent.c                        0x00000000   Number         0  ledcurrent.o ABSOLUTE
    Usart\\uart.c                            0x00000000   Number         0  uart.o ABSOLUTE
    Usart\uart.c                             0x00000000   Number         0  uart.o ABSOLUTE
    cdcmple.s                                0x00000000   Number         0  cdcmple.o ABSOLUTE
    cdrcmple.s                               0x00000000   Number         0  cdrcmple.o ABSOLUTE
    cfcmple.s                                0x00000000   Number         0  cfcmple.o ABSOLUTE
    cfrcmple.s                               0x00000000   Number         0  cfrcmple.o ABSOLUTE
    dc.s                                     0x00000000   Number         0  dc.o ABSOLUTE
    handlers.s                               0x00000000   Number         0  handlers.o ABSOLUTE
    init.s                                   0x00000000   Number         0  init.o ABSOLUTE
    test.c                                   0x00000000   Number         0  test.o ABSOLUTE
    RESET                                    0x08000000   Section      388  startup_stm32f2xx.o(RESET)
    .ARM.Collect$$$$00000000                 0x08000184   Section        0  entry.o(.ARM.Collect$$$$00000000)
    .ARM.Collect$$$$00000001                 0x08000184   Section        4  entry2.o(.ARM.Collect$$$$00000001)
    .ARM.Collect$$$$00000004                 0x08000188   Section        4  entry5.o(.ARM.Collect$$$$00000004)
    .ARM.Collect$$$$00000008                 0x0800018c   Section        0  entry7b.o(.ARM.Collect$$$$00000008)
    .ARM.Collect$$$$0000000A                 0x0800018c   Section        0  entry8b.o(.ARM.Collect$$$$0000000A)
    .ARM.Collect$$$$0000000B                 0x0800018c   Section        8  entry9a.o(.ARM.Collect$$$$0000000B)
    .ARM.Collect$$$$0000000D                 0x08000194   Section        0  entry10a.o(.ARM.Collect$$$$0000000D)
    .ARM.Collect$$$$0000000F                 0x08000194   Section        0  entry11a.o(.ARM.Collect$$$$0000000F)
    .ARM.Collect$$$$00002712                 0x08000194   Section        4  entry2.o(.ARM.Collect$$$$00002712)
    __lit__00000000                          0x08000194   Data           4  entry2.o(.ARM.Collect$$$$00002712)
    .emb_text                                0x08000198   Section        2  stm32f2xx_it.o(.emb_text)
    .text                                    0x0800019c   Section       44  startup_stm32f2xx.o(.text)
    .text                                    0x080001c8   Section        0  test.o(.text)
    .text                                    0x080001ce   Section        0  fadd.o(.text)
    .text                                    0x0800027e   Section        0  fmul.o(.text)
    .text                                    0x080002ea   Section        0  fdiv.o(.text)
    .text                                    0x0800036a   Section        0  dadd.o(.text)
    .text                                    0x080004b8   Section        0  dmul.o(.text)
    .text                                    0x0800059c   Section        0  ddiv.o(.text)
    .text                                    0x0800067a   Section        0  fflti.o(.text)
    .text                                    0x0800068c   Section        0  ffltui.o(.text)
    .text                                    0x08000696   Section        0  dflti.o(.text)
    .text                                    0x080006b8   Section        0  ffixi.o(.text)
    .text                                    0x080006ea   Section        0  ffixui.o(.text)
    .text                                    0x08000712   Section        0  dfixi.o(.text)
    .text                                    0x08000750   Section        0  f2d.o(.text)
    .text                                    0x08000778   Section       40  cdrcmple.o(.text)
    .text                                    0x080007a0   Section        0  d2f.o(.text)
    .text                                    0x080007d8   Section       20  cfcmple.o(.text)
    .text                                    0x080007ec   Section       20  cfrcmple.o(.text)
    .text                                    0x08000800   Section        0  llshl.o(.text)
    .text                                    0x0800081e   Section        0  llushr.o(.text)
    .text                                    0x0800083e   Section        0  llsshr.o(.text)
    .text                                    0x08000862   Section        0  fepilogue.o(.text)
    .text                                    0x08000862   Section        0  iusefp.o(.text)
    .text                                    0x080008ce   Section        0  depilogue.o(.text)
    .text                                    0x0800098c   Section       36  init.o(.text)
    .text                                    0x080009b0   Section        0  __dclz77c.o(.text)
    i.AFE4490_Sampling                       0x08000a10   Section        0  afe4490.o(i.AFE4490_Sampling)
    i.BusFault_Handler                       0x08000b68   Section        0  stm32f2xx_it.o(i.BusFault_Handler)
    i.DebugMon_Handler                       0x08000b6c   Section        0  stm32f2xx_it.o(i.DebugMon_Handler)
    i.EXTI3_IRQHandler                       0x08000b70   Section        0  stm32f2xx_it.o(i.EXTI3_IRQHandler)
    i.EXTI4_IRQHandler                       0x08000b9c   Section        0  stm32f2xx_it.o(i.EXTI4_IRQHandler)
    i.EXTI_ClearITPendingBit                 0x08000bb0   Section        0  stm32f2xx_exti.o(i.EXTI_ClearITPendingBit)
    i.EXTI_GetITStatus                       0x08000bbc   Section        0  stm32f2xx_exti.o(i.EXTI_GetITStatus)
    i.EnableWrite                            0x08000be4   Section        0  afe4490.o(i.EnableWrite)
    i.Fillbuffer2                            0x08000c38   Section        0  uart.o(i.Fillbuffer2)
    i.FreqCompare                            0x08000d0c   Section        0  strategy.o(i.FreqCompare)
    i.GPIO_ReadInputDataBit                  0x08000ed4   Section        0  stm32f2xx_gpio.o(i.GPIO_ReadInputDataBit)
    i.GPIO_ResetBits                         0x08000ee6   Section        0  stm32f2xx_gpio.o(i.GPIO_ResetBits)
    i.GPIO_SetBits                           0x08000eea   Section        0  stm32f2xx_gpio.o(i.GPIO_SetBits)
    i.GetEnvelope2                           0x08000ef0   Section        0  strategy.o(i.GetEnvelope2)
    i.HardFault_Handler                      0x0800117c   Section        0  stm32f2xx_it.o(i.HardFault_Handler)
    i.MemManage_Handler                      0x08001184   Section        0  stm32f2xx_it.o(i.MemManage_Handler)
    i.NMI_Handler                            0x08001188   Section        0  stm32f2xx_it.o(i.NMI_Handler)
    i.PendSV_Handler                         0x0800118a   Section        0  stm32f2xx_it.o(i.PendSV_Handler)
    i.ReadCommand                            0x0800118c   Section        0  afe4490.o(i.ReadCommand)
    i.SPI1_SendByte                          0x080011d4   Section        0  afe4490.o(i.SPI1_SendByte)
    i.SPI_I2S_GetFlagStatus                  0x08001210   Section        0  stm32f2xx_spi.o(i.SPI_I2S_GetFlagStatus)
    i.SPI_I2S_ReceiveData                    0x08001222   Section        0  stm32f2xx_spi.o(i.SPI_I2S_ReceiveData)
    i.SPI_I2S_SendData                       0x08001228   Section        0  stm32f2xx_spi.o(i.SPI_I2S_SendData)
    i.SVC_Handler                            0x0800122c   Section        0  stm32f2xx_it.o(i.SVC_Handler)
    i.SetGain                                0x08001230   Section        0  ledcurrent.o(i.SetGain)
    i.SetLedCurrent                          0x08001268   Section        0  ledcurrent.o(i.SetLedCurrent)
    i.SetSysClock                            0x080012bc   Section        0  system_stm32f2xx.o(i.SetSysClock)
    SetSysClock                              0x080012bd   Thumb Code   190  system_stm32f2xx.o(i.SetSysClock)
    i.SysTick_Handler                        0x08001388   Section        0  stm32f2xx_it.o(i.SysTick_Handler)
    i.SystemInit                             0x080013a0   Section        0  system_stm32f2xx.o(i.SystemInit)
    i.TIM1_CC_IRQHandler                     0x080013fc   Section        0  stm32f2xx_it.o(i.TIM1_CC_IRQHandler)
    i.TIM2_IRQHandler                        0x0800141c   Section        0  stm32f2xx_it.o(i.TIM2_IRQHandler)
    i.TIM3_IRQHandler                        0x08001434   Section        0  stm32f2xx_it.o(i.TIM3_IRQHandler)
    i.TIM4_IRQHandler                        0x08001450   Section        0  stm32f2xx_it.o(i.TIM4_IRQHandler)
    i.TIM5_IRQHandler                        0x0800146c   Section        0  stm32f2xx_it.o(i.TIM5_IRQHandler)
    i.TIM_ClearITPendingBit                  0x08001488   Section        0  stm32f2xx_tim.o(i.TIM_ClearITPendingBit)
    i.TIM_GetITStatus                        0x0800148e   Section        0  stm32f2xx_tim.o(i.TIM_GetITStatus)
    i.UART4_IRQHandler                       0x080014b0   Section        0  stm32f2xx_it.o(i.UART4_IRQHandler)
    i.UART5_IRQHandler                       0x080014b4   Section        0  stm32f2xx_it.o(i.UART5_IRQHandler)
    i.USART1_IRQHandler                      0x080014e8   Section        0  stm32f2xx_it.o(i.USART1_IRQHandler)
    i.USART2_IRQHandler                      0x080014f0   Section        0  stm32f2xx_it.o(i.USART2_IRQHandler)
    i.USART3_IRQHandler                      0x080014f4   Section        0  stm32f2xx_it.o(i.USART3_IRQHandler)
    i.USART6_IRQHandler                      0x08001528   Section        0  stm32f2xx_it.o(i.USART6_IRQHandler)
    i.USART_ClearITPendingBit                0x0800152a   Section        0  stm32f2xx_usart.o(i.USART_ClearITPendingBit)
    i.USART_GetITStatus                      0x08001548   Section        0  stm32f2xx_usart.o(i.USART_GetITStatus)
    i.USART_ITConfig                         0x0800159c   Section        0  stm32f2xx_usart.o(i.USART_ITConfig)
    i.USART_SendData                         0x080015e6   Section        0  stm32f2xx_usart.o(i.USART_SendData)
    i.UsageFault_Handler                     0x080015ee   Section        0  stm32f2xx_it.o(i.UsageFault_Handler)
    i.WriteCommand                           0x080015f4   Section        0  afe4490.o(i.WriteCommand)
    i.__scatterload_copy                     0x08001638   Section       14  handlers.o(i.__scatterload_copy)
    i.__scatterload_null                     0x08001646   Section        2  handlers.o(i.__scatterload_null)
    i.__scatterload_zeroinit                 0x08001648   Section       14  handlers.o(i.__scatterload_zeroinit)
    i.bci_send                               0x08001658   Section        0  uart.o(i.bci_send)
    i.bci_send2                              0x080018ec   Section        0  uart.o(i.bci_send2)
    i.bpfilter                               0x08001940   Section        0  strategy.o(i.bpfilter)
    i.found                                  0x08001eb0   Section        0  strategy.o(i.found)
    i.getnormal_PR                           0x08002858   Section        0  strategy.o(i.getnormal_PR)
    i.kalman1_filter                         0x08002b24   Section        0  strategy.o(i.kalman1_filter)
    i.kalman1_init                           0x08002bfc   Section        0  strategy.o(i.kalman1_init)
    i.main                                   0x08002c28   Section        0  main.o(i.main)
    i.pulseprocess                           0x08002cc4   Section        0  strategy.o(i.pulseprocess)
    i.spo2process                            0x08002db8   Section        0  strategy.o(i.spo2process)
    .data                                    0x20000000   Section       28  global.o(.data)
    .data                                    0x20000020   Section      812  strategy.o(.data)
    y                                        0x20000304   Data           4  strategy.o(.data)
    flag5s                                   0x20000308   Data           1  strategy.o(.data)
    flag5s                                   0x20000309   Data           1  strategy.o(.data)
    max                                      0x2000030c   Data           4  strategy.o(.data)
    min                                      0x20000310   Data           4  strategy.o(.data)
    delta                                    0x20000314   Data           4  strategy.o(.data)
    Nordelta                                 0x20000318   Data           4  strategy.o(.data)
    test                                     0x2000031c   Data           4  strategy.o(.data)
    time                                     0x20000320   Data           2  strategy.o(.data)
    .data                                    0x2000034c   Section       10  afe4490.o(.data)
    flag                                     0x20000351   Data           1  afe4490.o(.data)
    current                                  0x20000352   Data           1  afe4490.o(.data)
    gain                                     0x20000353   Data           1  afe4490.o(.data)
    times100                                 0x20000354   Data           1  afe4490.o(.data)
    ischangeflag                             0x20000355   Data           1  afe4490.o(.data)
    .data                                    0x20000356   Section       29  ledcurrent.o(.data)
    rf                                       0x20000356   Data           7  ledcurrent.o(.data)
    rc                                       0x2000035d   Data           7  ledcurrent.o(.data)
    g_CurrentLevelMap                        0x20000364   Data          10  ledcurrent.o(.data)
    waittime                                 0x20000372   Data           1  ledcurrent.o(.data)
    .data                                    0x20000374   Section       22  uart.o(.data)
    time10s                                  0x20000380   Data           2  uart.o(.data)
    .bss                                     0x2000038c   Section    12112  strategy.o(.bss)
    buff                                     0x200025e4   Data         800  strategy.o(.bss)
    .bss                                     0x200032dc   Section      320  afe4490.o(.bss)
    .bss                                     0x2000341c   Section       30  uart.o(.bss)
    STACK                                    0x20003440   Section    30720  startup_stm32f2xx.o(STACK)

    Global Symbols

    Symbol Name                              Value     Ov Type        Size  Object(Section)

    BuildAttributes$$THM_ISAv4$P$D$K$B$S$PE$A:L22UL41UL21$X:L11$S22US41US21$IEEE1$IW$USESV6$~STKCKD$USESV7$~SHL$OTIME$ROPI$IEEEX$EBA8$MICROLIB$REQ8$PRES8$EABIv2 0x00000000   Number         0  anon$$obj.o ABSOLUTE
    __ARM_use_no_argv                        0x00000000   Number         0  main.o ABSOLUTE
    __cpp_initialize__aeabi_                  - Undefined Weak Reference
    __cxa_finalize                            - Undefined Weak Reference
    _clock_init                               - Undefined Weak Reference
    _microlib_exit                            - Undefined Weak Reference
    __Vectors_Size                           0x00000184   Number         0  startup_stm32f2xx.o ABSOLUTE
    __Vectors                                0x08000000   Data           4  startup_stm32f2xx.o(RESET)
    __Vectors_End                            0x08000184   Data           0  startup_stm32f2xx.o(RESET)
    __main                                   0x08000185   Thumb Code     0  entry.o(.ARM.Collect$$$$00000000)
    _main_stk                                0x08000185   Thumb Code     0  entry2.o(.ARM.Collect$$$$00000001)
    _main_scatterload                        0x08000189   Thumb Code     0  entry5.o(.ARM.Collect$$$$00000004)
    __main_after_scatterload                 0x0800018d   Thumb Code     0  entry5.o(.ARM.Collect$$$$00000004)
    _main_clock                              0x0800018d   Thumb Code     0  entry7b.o(.ARM.Collect$$$$00000008)
    _main_cpp_init                           0x0800018d   Thumb Code     0  entry8b.o(.ARM.Collect$$$$0000000A)
    _main_init                               0x0800018d   Thumb Code     0  entry9a.o(.ARM.Collect$$$$0000000B)
    __rt_final_cpp                           0x08000195   Thumb Code     0  entry10a.o(.ARM.Collect$$$$0000000D)
    __rt_final_exit                          0x08000195   Thumb Code     0  entry11a.o(.ARM.Collect$$$$0000000F)
    wait                                     0x08000199   Thumb Code     2  stm32f2xx_it.o(.emb_text)
    Reset_Handler                            0x0800019d   Thumb Code    14  startup_stm32f2xx.o(.text)
    ADC_IRQHandler                           0x080001bd   Thumb Code     0  startup_stm32f2xx.o(.text)
    CAN1_RX0_IRQHandler                      0x080001bd   Thumb Code     0  startup_stm32f2xx.o(.text)
    CAN1_RX1_IRQHandler                      0x080001bd   Thumb Code     0  startup_stm32f2xx.o(.text)
    CAN1_SCE_IRQHandler                      0x080001bd   Thumb Code     0  startup_stm32f2xx.o(.text)
    CAN1_TX_IRQHandler                       0x080001bd   Thumb Code     0  startup_stm32f2xx.o(.text)
    CAN2_RX0_IRQHandler                      0x080001bd   Thumb Code     0  startup_stm32f2xx.o(.text)
    CAN2_RX1_IRQHandler                      0x080001bd   Thumb Code     0  startup_stm32f2xx.o(.text)
    CAN2_SCE_IRQHandler                      0x080001bd   Thumb Code     0  startup_stm32f2xx.o(.text)
    CAN2_TX_IRQHandler                       0x080001bd   Thumb Code     0  startup_stm32f2xx.o(.text)
    CRYP_IRQHandler                          0x080001bd   Thumb Code     0  startup_stm32f2xx.o(.text)
    DCMI_IRQHandler                          0x080001bd   Thumb Code     0  startup_stm32f2xx.o(.text)
    DMA1_Stream0_IRQHandler                  0x080001bd   Thumb Code     0  startup_stm32f2xx.o(.text)
    DMA1_Stream1_IRQHandler                  0x080001bd   Thumb Code     0  startup_stm32f2xx.o(.text)
    DMA1_Stream2_IRQHandler                  0x080001bd   Thumb Code     0  startup_stm32f2xx.o(.text)
    DMA1_Stream3_IRQHandler                  0x080001bd   Thumb Code     0  startup_stm32f2xx.o(.text)
    DMA1_Stream4_IRQHandler                  0x080001bd   Thumb Code     0  startup_stm32f2xx.o(.text)
    DMA1_Stream5_IRQHandler                  0x080001bd   Thumb Code     0  startup_stm32f2xx.o(.text)
    DMA1_Stream6_IRQHandler                  0x080001bd   Thumb Code     0  startup_stm32f2xx.o(.text)
    DMA1_Stream7_IRQHandler                  0x080001bd   Thumb Code     0  startup_stm32f2xx.o(.text)
    DMA2_Stream0_IRQHandler                  0x080001bd   Thumb Code     0  startup_stm32f2xx.o(.text)
    DMA2_Stream1_IRQHandler                  0x080001bd   Thumb Code     0  startup_stm32f2xx.o(.text)
    DMA2_Stream2_IRQHandler                  0x080001bd   Thumb Code     0  startup_stm32f2xx.o(.text)
    DMA2_Stream3_IRQHandler                  0x080001bd   Thumb Code     0  startup_stm32f2xx.o(.text)
    DMA2_Stream4_IRQHandler                  0x080001bd   Thumb Code     0  startup_stm32f2xx.o(.text)
    DMA2_Stream5_IRQHandler                  0x080001bd   Thumb Code     0  startup_stm32f2xx.o(.text)
    DMA2_Stream6_IRQHandler                  0x080001bd   Thumb Code     0  startup_stm32f2xx.o(.text)
    DMA2_Stream7_IRQHandler                  0x080001bd   Thumb Code     0  startup_stm32f2xx.o(.text)
    ETH_IRQHandler                           0x080001bd   Thumb Code     0  startup_stm32f2xx.o(.text)
    ETH_WKUP_IRQHandler                      0x080001bd   Thumb Code     0  startup_stm32f2xx.o(.text)
    EXTI0_IRQHandler                         0x080001bd   Thumb Code     0  startup_stm32f2xx.o(.text)
    EXTI15_10_IRQHandler                     0x080001bd   Thumb Code     0  startup_stm32f2xx.o(.text)
    EXTI1_IRQHandler                         0x080001bd   Thumb Code     0  startup_stm32f2xx.o(.text)
    EXTI2_IRQHandler                         0x080001bd   Thumb Code     0  startup_stm32f2xx.o(.text)
    EXTI9_5_IRQHandler                       0x080001bd   Thumb Code     0  startup_stm32f2xx.o(.text)
    FLASH_IRQHandler                         0x080001bd   Thumb Code     0  startup_stm32f2xx.o(.text)
    FSMC_IRQHandler                          0x080001bd   Thumb Code     0  startup_stm32f2xx.o(.text)
    HASH_RNG_IRQHandler                      0x080001bd   Thumb Code     0  startup_stm32f2xx.o(.text)
    I2C1_ER_IRQHandler                       0x080001bd   Thumb Code     0  startup_stm32f2xx.o(.text)
    I2C1_EV_IRQHandler                       0x080001bd   Thumb Code     0  startup_stm32f2xx.o(.text)
    I2C2_ER_IRQHandler                       0x080001bd   Thumb Code     0  startup_stm32f2xx.o(.text)
    I2C2_EV_IRQHandler                       0x080001bd   Thumb Code     0  startup_stm32f2xx.o(.text)
    I2C3_ER_IRQHandler                       0x080001bd   Thumb Code     0  startup_stm32f2xx.o(.text)
    I2C3_EV_IRQHandler                       0x080001bd   Thumb Code     0  startup_stm32f2xx.o(.text)
    OTG_FS_IRQHandler                        0x080001bd   Thumb Code     0  startup_stm32f2xx.o(.text)
    OTG_FS_WKUP_IRQHandler                   0x080001bd   Thumb Code     0  startup_stm32f2xx.o(.text)
    OTG_HS_EP1_IN_IRQHandler                 0x080001bd   Thumb Code     0  startup_stm32f2xx.o(.text)
    OTG_HS_EP1_OUT_IRQHandler                0x080001bd   Thumb Code     0  startup_stm32f2xx.o(.text)
    OTG_HS_IRQHandler                        0x080001bd   Thumb Code     0  startup_stm32f2xx.o(.text)
    OTG_HS_WKUP_IRQHandler                   0x080001bd   Thumb Code     0  startup_stm32f2xx.o(.text)
    PVD_IRQHandler                           0x080001bd   Thumb Code     0  startup_stm32f2xx.o(.text)
    RCC_IRQHandler                           0x080001bd   Thumb Code     0  startup_stm32f2xx.o(.text)
    RTC_Alarm_IRQHandler                     0x080001bd   Thumb Code     0  startup_stm32f2xx.o(.text)
    RTC_WKUP_IRQHandler                      0x080001bd   Thumb Code     0  startup_stm32f2xx.o(.text)
    SDIO_IRQHandler                          0x080001bd   Thumb Code     0  startup_stm32f2xx.o(.text)
    SPI1_IRQHandler                          0x080001bd   Thumb Code     0  startup_stm32f2xx.o(.text)
    SPI2_IRQHandler                          0x080001bd   Thumb Code     0  startup_stm32f2xx.o(.text)
    SPI3_IRQHandler                          0x080001bd   Thumb Code     0  startup_stm32f2xx.o(.text)
    TAMP_STAMP_IRQHandler                    0x080001bd   Thumb Code     0  startup_stm32f2xx.o(.text)
    TIM1_BRK_TIM9_IRQHandler                 0x080001bd   Thumb Code     0  startup_stm32f2xx.o(.text)
    TIM1_TRG_COM_TIM11_IRQHandler            0x080001bd   Thumb Code     0  startup_stm32f2xx.o(.text)
    TIM1_UP_TIM10_IRQHandler                 0x080001bd   Thumb Code     0  startup_stm32f2xx.o(.text)
    TIM6_DAC_IRQHandler                      0x080001bd   Thumb Code     0  startup_stm32f2xx.o(.text)
    TIM7_IRQHandler                          0x080001bd   Thumb Code     0  startup_stm32f2xx.o(.text)
    TIM8_BRK_TIM12_IRQHandler                0x080001bd   Thumb Code     0  startup_stm32f2xx.o(.text)
    TIM8_CC_IRQHandler                       0x080001bd   Thumb Code     0  startup_stm32f2xx.o(.text)
    TIM8_TRG_COM_TIM14_IRQHandler            0x080001bd   Thumb Code     0  startup_stm32f2xx.o(.text)
    TIM8_UP_TIM13_IRQHandler                 0x080001bd   Thumb Code     0  startup_stm32f2xx.o(.text)
    WWDG_IRQHandler                          0x080001bd   Thumb Code     0  startup_stm32f2xx.o(.text)
    test                                     0x080001c9   Thumb Code     6  test.o(.text)
    __aeabi_fadd                             0x080001cf   Thumb Code   164  fadd.o(.text)
    __aeabi_fsub                             0x08000273   Thumb Code     6  fadd.o(.text)
    __aeabi_frsub                            0x08000279   Thumb Code     6  fadd.o(.text)
    __aeabi_fmul                             0x0800027f   Thumb Code   108  fmul.o(.text)
    __aeabi_fdiv                             0x080002eb   Thumb Code   128  fdiv.o(.text)
    __aeabi_dadd                             0x0800036b   Thumb Code   322  dadd.o(.text)
    __aeabi_dsub                             0x080004ad   Thumb Code     6  dadd.o(.text)
    __aeabi_drsub                            0x080004b3   Thumb Code     6  dadd.o(.text)
    __aeabi_dmul                             0x080004b9   Thumb Code   228  dmul.o(.text)
    __aeabi_ddiv                             0x0800059d   Thumb Code   222  ddiv.o(.text)
    __aeabi_i2f                              0x0800067b   Thumb Code    18  fflti.o(.text)
    __aeabi_ui2f                             0x0800068d   Thumb Code    10  ffltui.o(.text)
    __aeabi_i2d                              0x08000697   Thumb Code    34  dflti.o(.text)
    __aeabi_f2iz                             0x080006b9   Thumb Code    50  ffixi.o(.text)
    __aeabi_f2uiz                            0x080006eb   Thumb Code    40  ffixui.o(.text)
    __aeabi_d2iz                             0x08000713   Thumb Code    62  dfixi.o(.text)
    __aeabi_f2d                              0x08000751   Thumb Code    38  f2d.o(.text)
    __aeabi_cdrcmple                         0x08000779   Thumb Code    38  cdrcmple.o(.text)
    __aeabi_d2f                              0x080007a1   Thumb Code    56  d2f.o(.text)
    __aeabi_cfcmpeq                          0x080007d9   Thumb Code     0  cfcmple.o(.text)
    __aeabi_cfcmple                          0x080007d9   Thumb Code    20  cfcmple.o(.text)
    __aeabi_cfrcmple                         0x080007ed   Thumb Code    20  cfrcmple.o(.text)
    __aeabi_llsl                             0x08000801   Thumb Code    30  llshl.o(.text)
    _ll_shift_l                              0x08000801   Thumb Code     0  llshl.o(.text)
    __aeabi_llsr                             0x0800081f   Thumb Code    32  llushr.o(.text)
    _ll_ushift_r                             0x0800081f   Thumb Code     0  llushr.o(.text)
    __aeabi_lasr                             0x0800083f   Thumb Code    36  llsshr.o(.text)
    _ll_sshift_r                             0x0800083f   Thumb Code     0  llsshr.o(.text)
    __I$use$fp                               0x08000863   Thumb Code     0  iusefp.o(.text)
    _float_round                             0x08000863   Thumb Code    18  fepilogue.o(.text)
    _float_epilogue                          0x08000875   Thumb Code    90  fepilogue.o(.text)
    _double_round                            0x080008cf   Thumb Code    26  depilogue.o(.text)
    _double_epilogue                         0x080008e9   Thumb Code   164  depilogue.o(.text)
    __scatterload                            0x0800098d   Thumb Code    28  init.o(.text)
    __scatterload_rt2                        0x0800098d   Thumb Code     0  init.o(.text)
    __decompress                             0x080009b1   Thumb Code     0  __dclz77c.o(.text)
    __decompress2                            0x080009b1   Thumb Code    96  __dclz77c.o(.text)
    AFE4490_Sampling                         0x08000a11   Thumb Code   294  afe4490.o(i.AFE4490_Sampling)
    BusFault_Handler                         0x08000b69   Thumb Code     4  stm32f2xx_it.o(i.BusFault_Handler)
    DebugMon_Handler                         0x08000b6d   Thumb Code     2  stm32f2xx_it.o(i.DebugMon_Handler)
    EXTI3_IRQHandler                         0x08000b71   Thumb Code    34  stm32f2xx_it.o(i.EXTI3_IRQHandler)
    EXTI4_IRQHandler                         0x08000b9d   Thumb Code    18  stm32f2xx_it.o(i.EXTI4_IRQHandler)
    EXTI_ClearITPendingBit                   0x08000bb1   Thumb Code     6  stm32f2xx_exti.o(i.EXTI_ClearITPendingBit)
    EXTI_GetITStatus                         0x08000bbd   Thumb Code    34  stm32f2xx_exti.o(i.EXTI_GetITStatus)
    EnableWrite                              0x08000be5   Thumb Code    76  afe4490.o(i.EnableWrite)
    Fillbuffer2                              0x08000c39   Thumb Code   168  uart.o(i.Fillbuffer2)
    FreqCompare                              0x08000d0d   Thumb Code   428  strategy.o(i.FreqCompare)
    GPIO_ReadInputDataBit                    0x08000ed5   Thumb Code    18  stm32f2xx_gpio.o(i.GPIO_ReadInputDataBit)
    GPIO_ResetBits                           0x08000ee7   Thumb Code     4  stm32f2xx_gpio.o(i.GPIO_ResetBits)
    GPIO_SetBits                             0x08000eeb   Thumb Code     4  stm32f2xx_gpio.o(i.GPIO_SetBits)
    GetEnvelope2                             0x08000ef1   Thumb Code   576  strategy.o(i.GetEnvelope2)
    HardFault_Handler                        0x0800117d   Thumb Code     8  stm32f2xx_it.o(i.HardFault_Handler)
    MemManage_Handler                        0x08001185   Thumb Code     4  stm32f2xx_it.o(i.MemManage_Handler)
    NMI_Handler                              0x08001189   Thumb Code     2  stm32f2xx_it.o(i.NMI_Handler)
    PendSV_Handler                           0x0800118b   Thumb Code     2  stm32f2xx_it.o(i.PendSV_Handler)
    ReadCommand                              0x0800118d   Thumb Code    68  afe4490.o(i.ReadCommand)
    SPI1_SendByte                            0x080011d5   Thumb Code    54  afe4490.o(i.SPI1_SendByte)
    SPI_I2S_GetFlagStatus                    0x08001211   Thumb Code    18  stm32f2xx_spi.o(i.SPI_I2S_GetFlagStatus)
    SPI_I2S_ReceiveData                      0x08001223   Thumb Code     6  stm32f2xx_spi.o(i.SPI_I2S_ReceiveData)
    SPI_I2S_SendData                         0x08001229   Thumb Code     4  stm32f2xx_spi.o(i.SPI_I2S_SendData)
    SVC_Handler                              0x0800122d   Thumb Code     2  stm32f2xx_it.o(i.SVC_Handler)
    SetGain                                  0x08001231   Thumb Code    42  ledcurrent.o(i.SetGain)
    SetLedCurrent                            0x08001269   Thumb Code    78  ledcurrent.o(i.SetLedCurrent)
    SysTick_Handler                          0x08001389   Thumb Code    18  stm32f2xx_it.o(i.SysTick_Handler)
    SystemInit                               0x080013a1   Thumb Code    74  system_stm32f2xx.o(i.SystemInit)
    TIM1_CC_IRQHandler                       0x080013fd   Thumb Code    28  stm32f2xx_it.o(i.TIM1_CC_IRQHandler)
    TIM2_IRQHandler                          0x0800141d   Thumb Code    22  stm32f2xx_it.o(i.TIM2_IRQHandler)
    TIM3_IRQHandler                          0x08001435   Thumb Code    22  stm32f2xx_it.o(i.TIM3_IRQHandler)
    TIM4_IRQHandler                          0x08001451   Thumb Code    22  stm32f2xx_it.o(i.TIM4_IRQHandler)
    TIM5_IRQHandler                          0x0800146d   Thumb Code    22  stm32f2xx_it.o(i.TIM5_IRQHandler)
    TIM_ClearITPendingBit                    0x08001489   Thumb Code     6  stm32f2xx_tim.o(i.TIM_ClearITPendingBit)
    TIM_GetITStatus                          0x0800148f   Thumb Code    34  stm32f2xx_tim.o(i.TIM_GetITStatus)
    UART4_IRQHandler                         0x080014b1   Thumb Code     2  stm32f2xx_it.o(i.UART4_IRQHandler)
    UART5_IRQHandler                         0x080014b5   Thumb Code    48  stm32f2xx_it.o(i.UART5_IRQHandler)
    USART1_IRQHandler                        0x080014e9   Thumb Code     8  stm32f2xx_it.o(i.USART1_IRQHandler)
    USART2_IRQHandler                        0x080014f1   Thumb Code     2  stm32f2xx_it.o(i.USART2_IRQHandler)
    USART3_IRQHandler                        0x080014f5   Thumb Code    48  stm32f2xx_it.o(i.USART3_IRQHandler)
    USART6_IRQHandler                        0x08001529   Thumb Code     2  stm32f2xx_it.o(i.USART6_IRQHandler)
    USART_ClearITPendingBit                  0x0800152b   Thumb Code    30  stm32f2xx_usart.o(i.USART_ClearITPendingBit)
    USART_GetITStatus                        0x08001549   Thumb Code    84  stm32f2xx_usart.o(i.USART_GetITStatus)
    USART_ITConfig                           0x0800159d   Thumb Code    74  stm32f2xx_usart.o(i.USART_ITConfig)
    USART_SendData                           0x080015e7   Thumb Code     8  stm32f2xx_usart.o(i.USART_SendData)
    UsageFault_Handler                       0x080015ef   Thumb Code     4  stm32f2xx_it.o(i.UsageFault_Handler)
    WriteCommand                             0x080015f5   Thumb Code    62  afe4490.o(i.WriteCommand)
    __scatterload_copy                       0x08001639   Thumb Code    14  handlers.o(i.__scatterload_copy)
    __scatterload_null                       0x08001647   Thumb Code     2  handlers.o(i.__scatterload_null)
    __scatterload_zeroinit                   0x08001649   Thumb Code    14  handlers.o(i.__scatterload_zeroinit)
    bci_send                                 0x08001659   Thumb Code   550  uart.o(i.bci_send)
    bci_send2                                0x080018ed   Thumb Code    68  uart.o(i.bci_send2)
    bpfilter                                 0x08001941   Thumb Code  1366  strategy.o(i.bpfilter)
    found                                    0x08001eb1   Thumb Code  2454  strategy.o(i.found)
    getnormal_PR                             0x08002859   Thumb Code   654  strategy.o(i.getnormal_PR)
    kalman1_filter                           0x08002b25   Thumb Code   212  strategy.o(i.kalman1_filter)
    kalman1_init                             0x08002bfd   Thumb Code    32  strategy.o(i.kalman1_init)
    main                                     0x08002c29   Thumb Code   132  main.o(i.main)
    pulseprocess                             0x08002cc5   Thumb Code   226  strategy.o(i.pulseprocess)
    spo2process                              0x08002db9   Thumb Code   328  strategy.o(i.spo2process)
    Region$$Table$$Base                      0x08002f18   Number         0  anon$$obj.o(Region$$Table)
    Region$$Table$$Limit                     0x08002f38   Number         0  anon$$obj.o(Region$$Table)
    g_Rx0WrIdx                               0x20000000   Data           2  global.o(.data)
    g_Rx0RdIdx                               0x20000002   Data           2  global.o(.data)
    g_RspRdIdx                               0x20000004   Data           2  global.o(.data)
    g_RspWrIdx                               0x20000006   Data           2  global.o(.data)
    g_delay_tick                             0x20000008   Data           2  global.o(.data)
    g_AFE4490_DIAG_EN                        0x2000000a   Data           1  global.o(.data)
    g_ClearTimes                             0x2000000b   Data           1  global.o(.data)
    g_SpO2                                   0x2000000c   Data           1  global.o(.data)
    g_PR                                     0x2000000e   Data           2  global.o(.data)
    g_SenserOff                              0x20000010   Data           1  global.o(.data)
    g_100us_times                            0x20000011   Data           1  global.o(.data)
    g_Simulation_Process_Flag                0x20000012   Data           1  global.o(.data)
    g_PRStepInterval                         0x20000013   Data           1  global.o(.data)
    g_BakPR                                  0x20000014   Data           2  global.o(.data)
    g_CalcDataType                           0x20000016   Data           1  global.o(.data)
    g_CurrentPILevel                         0x20000017   Data           1  global.o(.data)
    dataready                                0x20000018   Data           4  global.o(.data)
    NormalRatioOld                           0x20000020   Data           4  strategy.o(.data)
    thrflag                                  0x20000024   Data           1  strategy.o(.data)
    MaxOutput2                               0x20000028   Data           4  strategy.o(.data)
    Tvalue                                   0x2000002c   Data           4  strategy.o(.data)
    Wfix                                     0x20000030   Data           1  strategy.o(.data)
    Covxy                                    0x20000034   Data           4  strategy.o(.data)
    isFake                                   0x20000038   Data           1  strategy.o(.data)
    isFake2                                  0x20000039   Data           1  strategy.o(.data)
    windowN                                  0x2000003a   Data           1  strategy.o(.data)
    Pulsecount                               0x2000003b   Data           1  strategy.o(.data)
    freqfirstflag1                           0x2000003c   Data           1  strategy.o(.data)
    freqfirstflag2                           0x2000003d   Data           1  strategy.o(.data)
    SpO2old                                  0x20000040   Data           4  strategy.o(.data)
    SpO2firstflag                            0x20000044   Data           1  strategy.o(.data)
    SpO2count                                0x20000045   Data           1  strategy.o(.data)
    SpO2readyflag                            0x20000046   Data           1  strategy.o(.data)
    ADCdatacount                             0x20000047   Data           1  strategy.o(.data)
    Afe4490Rmax                              0x20000048   Data           4  strategy.o(.data)
    Afe4490IRmax                             0x2000004c   Data           4  strategy.o(.data)
    PerI                                     0x20000050   Data           4  strategy.o(.data)
    MaxwindowAmp                             0x20000054   Data           2  strategy.o(.data)
    Bx                                       0x20000058   Data         404  strategy.o(.data)
    delta                                    0x200001ec   Data           4  strategy.o(.data)
    LMSout                                   0x200001f0   Data           4  strategy.o(.data)
    LMSout2                                  0x200001f4   Data           4  strategy.o(.data)
    e                                        0x200001f8   Data           4  strategy.o(.data)
    pn                                       0x200001fc   Data           1  strategy.o(.data)
    cfloat                                   0x20000200   Data           4  strategy.o(.data)
    Pmatrix                                  0x20000208   Data           8  strategy.o(.data)
    Wmatrix                                  0x20000210   Data           8  strategy.o(.data)
    Gmatrix                                  0x20000218   Data           8  strategy.o(.data)
    RLSout                                   0x20000220   Data           4  strategy.o(.data)
    Pmatrix2                                 0x20000228   Data           8  strategy.o(.data)
    Wmatrix2                                 0x20000230   Data           8  strategy.o(.data)
    Gmatrix2                                 0x20000238   Data           8  strategy.o(.data)
    RLSout2                                  0x20000240   Data           4  strategy.o(.data)
    Output                                   0x20000244   Data           4  strategy.o(.data)
    Output2                                  0x20000248   Data           4  strategy.o(.data)
    Output2old                               0x2000024c   Data           4  strategy.o(.data)
    NorOutput                                0x20000250   Data           4  strategy.o(.data)
    NorOutput2                               0x20000254   Data           4  strategy.o(.data)
    BmpSound                                 0x20000258   Data           1  strategy.o(.data)
    bmpsound                                 0x20000259   Data           3  strategy.o(.data)
    bmpsoundflag                             0x2000025c   Data           1  strategy.o(.data)
    SpO2                                     0x20000260   Data           4  strategy.o(.data)
    SpO2h                                    0x20000264   Data           4  strategy.o(.data)
    Pulse                                    0x20000268   Data           4  strategy.o(.data)
    Pulse1                                   0x2000026c   Data           4  strategy.o(.data)
    ORpmax                                   0x20000270   Data           4  strategy.o(.data)
    ORpmin                                   0x20000274   Data           4  strategy.o(.data)
    OIRpmax                                  0x20000278   Data           4  strategy.o(.data)
    OIRpmin                                  0x2000027c   Data           4  strategy.o(.data)
    FRpmax                                   0x20000280   Data           4  strategy.o(.data)
    FRpmin                                   0x20000284   Data           4  strategy.o(.data)
    FIRpmax                                  0x20000288   Data           4  strategy.o(.data)
    FIRpmin                                  0x2000028c   Data           4  strategy.o(.data)
    Rpmax1                                   0x20000290   Data           4  strategy.o(.data)
    Rpmax2                                   0x20000294   Data           4  strategy.o(.data)
    Rpmin1                                   0x20000298   Data           4  strategy.o(.data)
    Rpmin2                                   0x2000029c   Data           4  strategy.o(.data)
    Rt1                                      0x200002a0   Data           2  strategy.o(.data)
    Rt2                                      0x200002a2   Data           2  strategy.o(.data)
    IRpmax1                                  0x200002a4   Data           4  strategy.o(.data)
    IRpmax2                                  0x200002a8   Data           4  strategy.o(.data)
    IRpmin1                                  0x200002ac   Data           4  strategy.o(.data)
    IRpmin2                                  0x200002b0   Data           4  strategy.o(.data)
    IRt1                                     0x200002b4   Data           2  strategy.o(.data)
    IRt2                                     0x200002b6   Data           2  strategy.o(.data)
    time2560ms                               0x200002b8   Data           2  strategy.o(.data)
    Tcycle                                   0x200002ba   Data           2  strategy.o(.data)
    Ampmax                                   0x200002bc   Data           4  strategy.o(.data)
    Freq                                     0x200002c0   Data           2  strategy.o(.data)
    Freqold                                  0x200002c2   Data           2  strategy.o(.data)
    Freqrefreshflag                          0x200002c4   Data           1  strategy.o(.data)
    Freqrefreshflag2                         0x200002c5   Data           1  strategy.o(.data)
    Freq2                                    0x200002c6   Data           2  strategy.o(.data)
    Freqold2                                 0x200002c8   Data           2  strategy.o(.data)
    IRpulse                                  0x200002cc   Data           4  strategy.o(.data)
    extremefind                              0x200002d0   Data           1  strategy.o(.data)
    interpoint                               0x200002d2   Data           2  strategy.o(.data)
    extremefind2                             0x200002d4   Data           1  strategy.o(.data)
    interpoint2                              0x200002d6   Data           2  strategy.o(.data)
    SensorOff                                0x200002d8   Data           1  strategy.o(.data)
    Debounce                                 0x200002d9   Data           1  strategy.o(.data)
    lmsN                                     0x200002da   Data           2  strategy.o(.data)
    PPchange                                 0x200002dc   Data           1  strategy.o(.data)
    checkFreq                                0x200002de   Data           2  strategy.o(.data)
    checkcount                               0x200002e0   Data           1  strategy.o(.data)
    Findminflag                              0x200002e1   Data           1  strategy.o(.data)
    Findmaxflag                              0x200002e2   Data           1  strategy.o(.data)
    extremefind3                             0x200002e3   Data           1  strategy.o(.data)
    extremefind4                             0x200002e4   Data           1  strategy.o(.data)
    interpoint3                              0x200002e6   Data           2  strategy.o(.data)
    interpoint4                              0x200002e8   Data           2  strategy.o(.data)
    PPchange2                                0x200002ea   Data           1  strategy.o(.data)
    Findminflag2                             0x200002eb   Data           1  strategy.o(.data)
    Findmaxflag2                             0x200002ec   Data           1  strategy.o(.data)
    dst_ref                                  0x200002f0   Data           4  strategy.o(.data)
    testtemp                                 0x200002f4   Data           2  strategy.o(.data)
    tempflag                                 0x200002f6   Data           1  strategy.o(.data)
    MinVar                                   0x200002f8   Data           4  strategy.o(.data)
    countR                                   0x200002fc   Data           1  strategy.o(.data)
    NormalRatio                              0x200002fd   Data           1  strategy.o(.data)
    StickFigure                              0x200002fe   Data           1  strategy.o(.data)
    firstflag                                0x200002ff   Data           1  strategy.o(.data)
    Signal_Quality                           0x20000300   Data           1  strategy.o(.data)
    Rvalue                                   0x20000324   Data           4  strategy.o(.data)
    Rvalue2                                  0x20000328   Data           4  strategy.o(.data)
    Rvalue3                                  0x2000032c   Data           4  strategy.o(.data)
    OutRvalue                                0x20000330   Data           4  strategy.o(.data)
    lastRvalue                               0x20000334   Data           4  strategy.o(.data)
    lastRvalue2                              0x20000338   Data           4  strategy.o(.data)
    Bmp                                      0x2000033c   Data           2  strategy.o(.data)
    DCRatio                                  0x20000340   Data           4  strategy.o(.data)
    DCRatio2                                 0x20000344   Data           4  strategy.o(.data)
    ACRatio2                                 0x20000348   Data           4  strategy.o(.data)
    IsChangeLight                            0x2000034c   Data           1  afe4490.o(.data)
    IsChangeMin                              0x2000034d   Data           1  afe4490.o(.data)
    thrflag2                                 0x2000034e   Data           1  afe4490.o(.data)
    SampleDataNum                            0x2000034f   Data           1  afe4490.o(.data)
    SampleDataIdx                            0x20000350   Data           1  afe4490.o(.data)
    g_LedGain                                0x2000036e   Data           2  ledcurrent.o(.data)
    g_LedCurrentLevel                        0x20000370   Data           2  ledcurrent.o(.data)
    Tx_L                                     0x20000374   Data           1  uart.o(.data)
    Tx_Index                                 0x20000375   Data           1  uart.o(.data)
    pos                                      0x20000376   Data           1  uart.o(.data)
    BmpSoundflag1                            0x20000377   Data           1  uart.o(.data)
    Sp                                       0x20000378   Data           1  uart.o(.data)
    Pr                                       0x20000379   Data           1  uart.o(.data)
    Spold                                    0x2000037a   Data           1  uart.o(.data)
    Prold                                    0x2000037b   Data           1  uart.o(.data)
    fixpulse                                 0x2000037c   Data           3  uart.o(.data)
    pakege0                                  0x20000382   Data           1  uart.o(.data)
    pakege1                                  0x20000383   Data           1  uart.o(.data)
    pakege2                                  0x20000384   Data           1  uart.o(.data)
    pakege3                                  0x20000385   Data           1  uart.o(.data)
    pakege4                                  0x20000386   Data           1  uart.o(.data)
    pakege5                                  0x20000387   Data           1  uart.o(.data)
    pakege6                                  0x20000388   Data           1  uart.o(.data)
    SensorOffold                             0x20000389   Data           1  uart.o(.data)
    Findmaxbuff                              0x2000038c   Data        1200  strategy.o(.bss)
    bmpsoundbuff1                            0x2000083c   Data         150  strategy.o(.bss)
    bmpsoundbuff2                            0x200008d2   Data         150  strategy.o(.bss)
    Rdata                                    0x20000968   Data         404  strategy.o(.bss)
    IRdata                                   0x20000afc   Data         404  strategy.o(.bss)
    Amfft                                    0x20000c90   Data        1024  strategy.o(.bss)
    W                                        0x20001090   Data        1024  strategy.o(.bss)
    A                                        0x20001490   Data         404  strategy.o(.bss)
    Outputbuff                               0x20001624   Data          12  strategy.o(.bss)
    Output2buff                              0x20001630   Data          12  strategy.o(.bss)
    Outputarray                              0x2000163c   Data         444  strategy.o(.bss)
    Output2array                             0x200017f8   Data         164  strategy.o(.bss)
    ORbuff                                   0x2000189c   Data         800  strategy.o(.bss)
    OIRbuff                                  0x20001bbc   Data         800  strategy.o(.bss)
    FRbuff                                   0x20001edc   Data         800  strategy.o(.bss)
    FIRbuff                                  0x200021fc   Data         800  strategy.o(.bss)
    freqbuff                                 0x2000251c   Data          10  strategy.o(.bss)
    freq2buff                                0x20002526   Data          10  strategy.o(.bss)
    Pulse1buff                               0x20002530   Data          20  strategy.o(.bss)
    Pulse2buff                               0x20002544   Data          20  strategy.o(.bss)
    pulsebuff                                0x20002558   Data          30  strategy.o(.bss)
    spo2buff                                 0x20002576   Data          30  strategy.o(.bss)
    NormalRatioBuffer                        0x20002594   Data          80  strategy.o(.bss)
    SpO2state                                0x20002904   Data          28  strategy.o(.bss)
    Rmodelbuff                               0x20002920   Data         444  strategy.o(.bss)
    fftbuff                                  0x20002adc   Data        2048  strategy.o(.bss)
    AFE44xx_Current_Register_Settings        0x200032dc   Data         256  afe4490.o(.bss)
    Afe4490DataBuf                           0x200033dc   Data          24  afe4490.o(.bss)
    SampleData                               0x200033f4   Data          40  afe4490.o(.bss)
    uart1buffer                              0x2000341c   Data          30  uart.o(.bss)
    __initial_sp                             0x2000ac40   Data           0  startup_stm32f2xx.o(STACK)



==============================================================================

Memory Map of the image

  Image Entry point : 0x08000185

  Load Region LR_IROM1 (Base: 0x08000000, Size: 0x000032c4, Max: 0x00100000, ABSOLUTE, COMPRESSED[0x000030dc])

    Execution Region ER_IROM1 (Base: 0x08000000, Size: 0x00002f38, Max: 0x00100000, ABSOLUTE)

    Base Addr    Size         Type   Attr      Idx    E Section Name        Object

    0x08000000   0x00000184   Data   RO          214    RESET               startup_stm32f2xx.o
    0x08000184   0x00000000   Code   RO         5162  * .ARM.Collect$$$$00000000  mc_w.l(entry.o)
    0x08000184   0x00000004   Code   RO         5252    .ARM.Collect$$$$00000001  mc_w.l(entry2.o)
    0x08000188   0x00000004   Code   RO         5255    .ARM.Collect$$$$00000004  mc_w.l(entry5.o)
    0x0800018c   0x00000000   Code   RO         5257    .ARM.Collect$$$$00000008  mc_w.l(entry7b.o)
    0x0800018c   0x00000000   Code   RO         5259    .ARM.Collect$$$$0000000A  mc_w.l(entry8b.o)
    0x0800018c   0x00000008   Code   RO         5260    .ARM.Collect$$$$0000000B  mc_w.l(entry9a.o)
    0x08000194   0x00000000   Code   RO         5262    .ARM.Collect$$$$0000000D  mc_w.l(entry10a.o)
    0x08000194   0x00000000   Code   RO         5264    .ARM.Collect$$$$0000000F  mc_w.l(entry11a.o)
    0x08000194   0x00000004   Code   RO         5253    .ARM.Collect$$$$00002712  mc_w.l(entry2.o)
    0x08000198   0x00000002   Code   RO         2560    .emb_text           stm32f2xx_it.o
    0x0800019a   0x00000002   PAD
    0x0800019c   0x0000002c   Code   RO          215    .text               startup_stm32f2xx.o
    0x080001c8   0x00000006   Code   RO         5112    .text               test.lib(test.o)
    0x080001ce   0x000000b0   Code   RO         5193    .text               mf_w.l(fadd.o)
    0x0800027e   0x0000006c   Code   RO         5195    .text               mf_w.l(fmul.o)
    0x080002ea   0x00000080   Code   RO         5197    .text               mf_w.l(fdiv.o)
    0x0800036a   0x0000014e   Code   RO         5199    .text               mf_w.l(dadd.o)
    0x080004b8   0x000000e4   Code   RO         5201    .text               mf_w.l(dmul.o)
    0x0800059c   0x000000de   Code   RO         5203    .text               mf_w.l(ddiv.o)
    0x0800067a   0x00000012   Code   RO         5205    .text               mf_w.l(fflti.o)
    0x0800068c   0x0000000a   Code   RO         5207    .text               mf_w.l(ffltui.o)
    0x08000696   0x00000022   Code   RO         5209    .text               mf_w.l(dflti.o)
    0x080006b8   0x00000032   Code   RO         5213    .text               mf_w.l(ffixi.o)
    0x080006ea   0x00000028   Code   RO         5215    .text               mf_w.l(ffixui.o)
    0x08000712   0x0000003e   Code   RO         5217    .text               mf_w.l(dfixi.o)
    0x08000750   0x00000026   Code   RO         5219    .text               mf_w.l(f2d.o)
    0x08000776   0x00000002   PAD
    0x08000778   0x00000028   Code   RO         5223    .text               mf_w.l(cdrcmple.o)
    0x080007a0   0x00000038   Code   RO         5225    .text               mf_w.l(d2f.o)
    0x080007d8   0x00000014   Code   RO         5227    .text               mf_w.l(cfcmple.o)
    0x080007ec   0x00000014   Code   RO         5229    .text               mf_w.l(cfrcmple.o)
    0x08000800   0x0000001e   Code   RO         5266    .text               mc_w.l(llshl.o)
    0x0800081e   0x00000020   Code   RO         5268    .text               mc_w.l(llushr.o)
    0x0800083e   0x00000024   Code   RO         5270    .text               mc_w.l(llsshr.o)
    0x08000862   0x00000000   Code   RO         5285    .text               mc_w.l(iusefp.o)
    0x08000862   0x0000006c   Code   RO         5286    .text               mf_w.l(fepilogue.o)
    0x080008ce   0x000000be   Code   RO         5288    .text               mf_w.l(depilogue.o)
    0x0800098c   0x00000024   Code   RO         5294    .text               mc_w.l(init.o)
    0x080009b0   0x00000060   Code   RO         5304    .text               mc_w.l(__dclz77c.o)
    0x08000a10   0x00000158   Code   RO         4841    i.AFE4490_Sampling  afe4490.o
    0x08000b68   0x00000004   Code   RO         2561    i.BusFault_Handler  stm32f2xx_it.o
    0x08000b6c   0x00000002   Code   RO         2562    i.DebugMon_Handler  stm32f2xx_it.o
    0x08000b6e   0x00000002   PAD
    0x08000b70   0x0000002c   Code   RO         2563    i.EXTI3_IRQHandler  stm32f2xx_it.o
    0x08000b9c   0x00000012   Code   RO         2564    i.EXTI4_IRQHandler  stm32f2xx_it.o
    0x08000bae   0x00000002   PAD
    0x08000bb0   0x0000000c   Code   RO         1675    i.EXTI_ClearITPendingBit  stm32f2xx_exti.o
    0x08000bbc   0x00000028   Code   RO         1679    i.EXTI_GetITStatus  stm32f2xx_exti.o
    0x08000be4   0x00000054   Code   RO         4844    i.EnableWrite       afe4490.o
    0x08000c38   0x000000d4   Code   RO         5058    i.Fillbuffer2       uart.o
    0x08000d0c   0x000001c8   Code   RO          351    i.FreqCompare       strategy.o
    0x08000ed4   0x00000012   Code   RO         2073    i.GPIO_ReadInputDataBit  stm32f2xx_gpio.o
    0x08000ee6   0x00000004   Code   RO         2076    i.GPIO_ResetBits    stm32f2xx_gpio.o
    0x08000eea   0x00000004   Code   RO         2077    i.GPIO_SetBits      stm32f2xx_gpio.o
    0x08000eee   0x00000002   PAD
    0x08000ef0   0x0000028c   Code   RO          353    i.GetEnvelope2      strategy.o
    0x0800117c   0x00000008   Code   RO         2565    i.HardFault_Handler  stm32f2xx_it.o
    0x08001184   0x00000004   Code   RO         2566    i.MemManage_Handler  stm32f2xx_it.o
    0x08001188   0x00000002   Code   RO         2567    i.NMI_Handler       stm32f2xx_it.o
    0x0800118a   0x00000002   Code   RO         2568    i.PendSV_Handler    stm32f2xx_it.o
    0x0800118c   0x00000048   Code   RO         4848    i.ReadCommand       afe4490.o
    0x080011d4   0x0000003c   Code   RO         4849    i.SPI1_SendByte     afe4490.o
    0x08001210   0x00000012   Code   RO         3725    i.SPI_I2S_GetFlagStatus  stm32f2xx_spi.o
    0x08001222   0x00000006   Code   RO         3728    i.SPI_I2S_ReceiveData  stm32f2xx_spi.o
    0x08001228   0x00000004   Code   RO         3729    i.SPI_I2S_SendData  stm32f2xx_spi.o
    0x0800122c   0x00000002   Code   RO         2569    i.SVC_Handler       stm32f2xx_it.o
    0x0800122e   0x00000002   PAD
    0x08001230   0x00000038   Code   RO         4994    i.SetGain           ledcurrent.o
    0x08001268   0x00000054   Code   RO         4995    i.SetLedCurrent     ledcurrent.o
    0x080012bc   0x000000cc   Code   RO          221    i.SetSysClock       system_stm32f2xx.o
    0x08001388   0x00000018   Code   RO         2570    i.SysTick_Handler   stm32f2xx_it.o
    0x080013a0   0x0000005c   Code   RO          223    i.SystemInit        system_stm32f2xx.o
    0x080013fc   0x00000020   Code   RO         2571    i.TIM1_CC_IRQHandler  stm32f2xx_it.o
    0x0800141c   0x00000016   Code   RO         2572    i.TIM2_IRQHandler   stm32f2xx_it.o
    0x08001432   0x00000002   PAD
    0x08001434   0x0000001c   Code   RO         2573    i.TIM3_IRQHandler   stm32f2xx_it.o
    0x08001450   0x0000001c   Code   RO         2574    i.TIM4_IRQHandler   stm32f2xx_it.o
    0x0800146c   0x0000001c   Code   RO         2575    i.TIM5_IRQHandler   stm32f2xx_it.o
    0x08001488   0x00000006   Code   RO         3937    i.TIM_ClearITPendingBit  stm32f2xx_tim.o
    0x0800148e   0x00000022   Code   RO         3963    i.TIM_GetITStatus   stm32f2xx_tim.o
    0x080014b0   0x00000002   Code   RO         2576    i.UART4_IRQHandler  stm32f2xx_it.o
    0x080014b2   0x00000002   PAD
    0x080014b4   0x00000034   Code   RO         2577    i.UART5_IRQHandler  stm32f2xx_it.o
    0x080014e8   0x00000008   Code   RO         2578    i.USART1_IRQHandler  stm32f2xx_it.o
    0x080014f0   0x00000002   Code   RO         2579    i.USART2_IRQHandler  stm32f2xx_it.o
    0x080014f2   0x00000002   PAD
    0x080014f4   0x00000034   Code   RO         2580    i.USART3_IRQHandler  stm32f2xx_it.o
    0x08001528   0x00000002   Code   RO         2581    i.USART6_IRQHandler  stm32f2xx_it.o
    0x0800152a   0x0000001e   Code   RO         4492    i.USART_ClearITPendingBit  stm32f2xx_usart.o
    0x08001548   0x00000054   Code   RO         4499    i.USART_GetITStatus  stm32f2xx_usart.o
    0x0800159c   0x0000004a   Code   RO         4501    i.USART_ITConfig    stm32f2xx_usart.o
    0x080015e6   0x00000008   Code   RO         4512    i.USART_SendData    stm32f2xx_usart.o
    0x080015ee   0x00000004   Code   RO         2582    i.UsageFault_Handler  stm32f2xx_it.o
    0x080015f2   0x00000002   PAD
    0x080015f4   0x00000044   Code   RO         4851    i.WriteCommand      afe4490.o
    0x08001638   0x0000000e   Code   RO         5298    i.__scatterload_copy  mc_w.l(handlers.o)
    0x08001646   0x00000002   Code   RO         5299    i.__scatterload_null  mc_w.l(handlers.o)
    0x08001648   0x0000000e   Code   RO         5300    i.__scatterload_zeroinit  mc_w.l(handlers.o)
    0x08001656   0x00000002   PAD
    0x08001658   0x00000294   Code   RO         5061    i.bci_send          uart.o
    0x080018ec   0x00000054   Code   RO         5062    i.bci_send2         uart.o
    0x08001940   0x00000570   Code   RO          355    i.bpfilter          strategy.o
    0x08001eb0   0x000009a8   Code   RO          357    i.found             strategy.o
    0x08002858   0x000002cc   Code   RO          359    i.getnormal_PR      strategy.o
    0x08002b24   0x000000d8   Code   RO          360    i.kalman1_filter    strategy.o
    0x08002bfc   0x0000002c   Code   RO          361    i.kalman1_init      strategy.o
    0x08002c28   0x0000009c   Code   RO            3    i.main              main.o
    0x08002cc4   0x000000f4   Code   RO          362    i.pulseprocess      strategy.o
    0x08002db8   0x00000160   Code   RO          364    i.spo2process       strategy.o
    0x08002f18   0x00000020   Data   RO         5296    Region$$Table       anon$$obj.o


    Execution Region RW_IRAM1 (Base: 0x20000000, Size: 0x0000ac40, Max: 0x00020000, ABSOLUTE, COMPRESSED[0x000001a4])

    Base Addr    Size         Type   Attr      Idx    E Section Name        Object

    0x20000000   0x0000001c   Data   RW          172    .data               global.o
    0x2000001c   0x00000004   PAD
    0x20000020   0x0000032c   Data   RW          366    .data               strategy.o
    0x2000034c   0x0000000a   Data   RW         4853    .data               afe4490.o
    0x20000356   0x0000001d   Data   RW         4997    .data               ledcurrent.o
    0x20000373   0x00000001   PAD
    0x20000374   0x00000016   Data   RW         5064    .data               uart.o
    0x2000038a   0x00000002   PAD
    0x2000038c   0x00002f50   Zero   RW          365    .bss                strategy.o
    0x200032dc   0x00000140   Zero   RW         4852    .bss                afe4490.o
    0x2000341c   0x0000001e   Zero   RW         5063    .bss                uart.o
    0x2000343a   0x00000006   PAD
    0x20003440   0x00007800   Zero   RW          212    STACK               startup_stm32f2xx.o


==============================================================================

Image component sizes


      Code (inc. data)   RO Data    RW Data    ZI Data      Debug   Object Name

       628         74          0         10        320       3635   afe4490.o
         0          0          0         28          0       1148   global.o
       140         20          0         29          0       2276   ledcurrent.o
       156         24          0          0          0     221143   main.o
         0          0          0          0          0     203356   misc.o
        44         10        388          0      30720        708   startup_stm32f2xx.o
        52         12          0          0          0        976   stm32f2xx_exti.o
        26          0          0          0          0       8004   stm32f2xx_gpio.o
       372         46          0          0          0       9531   stm32f2xx_it.o
        28          0          0          0          0       9633   stm32f2xx_spi.o
        40          0          0          0          0      21278   stm32f2xx_tim.o
       196          0          0          0          0       8816   stm32f2xx_usart.o
      6544        818          0        812      12112      15210   strategy.o
       296         32          0          0          0       1169   system_stm32f2xx.o
       956        170          0         22         30       2471   uart.o

    ----------------------------------------------------------------------
      9496       1206        420        908      43188     509354   Object Totals
         0          0         32          0          0          0   (incl. Generated)
        18          0          0          7          6          0   (incl. Padding)

    ----------------------------------------------------------------------

      Code (inc. data)   RO Data    RW Data    ZI Data      Debug   Library Member Name

        96          0          0          0          0          0   __dclz77c.o
         0          0          0          0          0          0   entry.o
         0          0          0          0          0          0   entry10a.o
         0          0          0          0          0          0   entry11a.o
         8          4          0          0          0          0   entry2.o
         4          0          0          0          0          0   entry5.o
         0          0          0          0          0          0   entry7b.o
         0          0          0          0          0          0   entry8b.o
         8          4          0          0          0          0   entry9a.o
        30          0          0          0          0          0   handlers.o
        36          8          0          0          0         68   init.o
         0          0          0          0          0          0   iusefp.o
        30          0          0          0          0         68   llshl.o
        36          0          0          0          0         68   llsshr.o
        32          0          0          0          0         68   llushr.o
        40          2          0          0          0         68   cdrcmple.o
        20          0          0          0          0         68   cfcmple.o
        20          0          0          0          0         68   cfrcmple.o
        56          0          0          0          0         88   d2f.o
       334          0          0          0          0        148   dadd.o
       222          0          0          0          0        100   ddiv.o
       190          0          0          0          0        176   depilogue.o
        62          0          0          0          0         80   dfixi.o
        34          0          0          0          0         76   dflti.o
       228          0          0          0          0         96   dmul.o
        38          0          0          0          0         68   f2d.o
       176          0          0          0          0        140   fadd.o
       128          0          0          0          0         88   fdiv.o
       108          0          0          0          0        168   fepilogue.o
        50          0          0          0          0         68   ffixi.o
        40          0          0          0          0         68   ffixui.o
        18          0          0          0          0         68   fflti.o
        10          0          0          0          0         68   ffltui.o
       108          0          0          0          0         76   fmul.o
         6          0          0          0          0        331   test.o

    ----------------------------------------------------------------------
      2172         18          0          0          0       2383   Library Totals
         4          0          0          0          0          0   (incl. Padding)

    ----------------------------------------------------------------------

      Code (inc. data)   RO Data    RW Data    ZI Data      Debug   Library Name

       280         16          0          0          0        272   mc_w.l
      1882          2          0          0          0       1780   mf_w.l
         6          0          0          0          0        331   test.lib

    ----------------------------------------------------------------------
      2172         18          0          0          0       2383   Library Totals

    ----------------------------------------------------------------------

==============================================================================


      Code (inc. data)   RO Data    RW Data    ZI Data      Debug   

     11668       1224        420        908      43188     507681   Grand Totals
     11668       1224        420        420      43188     507681   ELF Image Totals (compressed)
     11668       1224        420        420          0          0   ROM Totals

==============================================================================

    Total RO  Size (Code + RO Data)                12088 (  11.80kB)
    Total RW  Size (RW Data + ZI Data)             44096 (  43.06kB)
    Total ROM Size (Code + RO Data + RW Data)      12508 (  12.21kB)

==============================================================================

