<html>
<body>
<pre>
<h1>µVision Build Log</h1>
<h2>Project:</h2>
E:\Work\Oxi\AFE4490\Soft - YinZ\AFE4490.uvproj
Project File Date:  07/21/2014

<h2>Output:</h2>
Build target 'AFE4490'
linking...
Program Size: Code=19260 RO-data=420 RW-data=1228 ZI-data=69044  
FromELF: creating hex file...
".\output\DM81.axf" - 0 Errors, 0 Warning(s).
Load "E:\\Work\\Oxi\\AFE4490\\Soft - YinZ\\output\\DM81.axf" 
Set JLink Project File to "E:\Work\Oxi\AFE4490\Soft - YinZ\JLinkSettings.ini"
 
JLink info:
------------
DLL: V4.26a, compiled Apr 28 2011 09:21:00
Firmware: J-Link ARM V8 compiled Apr 27 2011 20:42:35
Hardware: V8.00
S/N : 805306163 
Feature(s) : RDI,FlashDL,FlashBP,JFlash,GDBFull 
 
* JLink Info: TotalIRLen = 9, IRPrint = 0x0011
* JLink Info: Found Cortex-M3 r2p0, Little endian.
* JLink Info: TPIU fitted.
* JLink Info: ETM fitted.
* JLink Info:   FPUnit: 6 code (BP) slots and 2 literal slots
ROMTableAddr = 0xE00FF003
* JLink Info: TotalIRLen = 9, IRPrint = 0x0011
* JLink Info: Found Cortex-M3 r2p0, Little endian.
* JLink Info: TPIU fitted.
* JLink Info: ETM fitted.
* JLink Info:   FPUnit: 6 code (BP) slots and 2 literal slots
 
Target info:
------------
Device: STM32F205RG
VTarget = 3.313V
State of Pins: 
TCK: 1, TDI: 0, TDO: 0, TMS: 0, TRES: 1, TRST: 1
Hardware-Breakpoints: 6
Software-Breakpoints: 2048
Watchpoints:          4
JTAG speed: 2000 kHz
 
Erase Done.
Programming Done.
Verify OK.
Build target 'AFE4490'
compiling main.c...
compiling global.c...
compiling stm32f2xx_it.c...
".\output\DM81.axf" - 0 Errors, 0 Warning(s).
Project build/rebuild aborted.
Rebuild target 'AFE4490'
compiling main.c...
compiling global.c...
assembling fir_stm32.s...
assembling startup_stm32f2xx.s...
compiling system_stm32f2xx.c...
assembling iirarma_stm32.s...
compiling misc.c...
compiling stm32f2xx_adc.c...
compiling stm32f2xx_can.c...
compiling stm32f2xx_crc.c...
compiling stm32f2xx_cryp.c...
compiling stm32f2xx_cryp_aes.c...
compiling stm32f2xx_cryp_des.c...
compiling stm32f2xx_cryp_tdes.c...
compiling stm32f2xx_dac.c...
compiling stm32f2xx_dbgmcu.c...
compiling stm32f2xx_dcmi.c...
compiling stm32f2xx_dma.c...
compiling stm32f2xx_exti.c...
compiling stm32f2xx_flash.c...
compiling stm32f2xx_fsmc.c...
compiling stm32f2xx_gpio.c...
compiling stm32f2xx_hash.c...
compiling stm32f2xx_hash_md5.c...
compiling stm32f2xx_hash_sha1.c...
compiling stm32f2xx_i2c.c...
compiling stm32f2xx_it.c...
compiling stm32f2xx_iwdg.c...
compiling stm32f2xx_pwr.c...
compiling stm32f2xx_rcc.c...
compiling stm32f2xx_rng.c...
compiling stm32f2xx_rtc.c...
compiling stm32f2xx_sdio.c...
compiling stm32f2xx_spi.c...
compiling stm32f2xx_syscfg.c...
compiling stm32f2xx_tim.c...
compiling stm32f2xx_usart.c...
compiling stm32f2xx_wwdg.c...
compiling bsp.c...
compiling spo2tools.c...
compiling afe4490.c...
compiling afe4490oxiprocess.c...
compiling bciprotocol.c...
compiling algorithm.c...
compiling plethwave.c...
compiling parameterprocess.c...
compiling piprocess.c...
compiling ledcurrent.c...
compiling rtable.c...
compiling curvefitting.c...
compiling threshold.c...
compiling intcoeff.c...
compiling processpacket.c...
linking...
Program Size: Code=19372 RO-data=420 RW-data=1228 ZI-data=69044  
FromELF: creating hex file...
".\output\DM81.axf" - 0 Errors, 0 Warning(s).
Build target 'AFE4490'
linking...
Program Size: Code=19372 RO-data=420 RW-data=1228 ZI-data=69044  
FromELF: creating hex file...
".\output\OneOXI-DM82.axf" - 0 Errors, 0 Warning(s).
Rebuild target 'AFE4490'
compiling main.c...
compiling global.c...
assembling fir_stm32.s...
assembling startup_stm32f2xx.s...
compiling system_stm32f2xx.c...
assembling iirarma_stm32.s...
compiling misc.c...
compiling stm32f2xx_adc.c...
compiling stm32f2xx_can.c...
compiling stm32f2xx_crc.c...
compiling stm32f2xx_cryp.c...
compiling stm32f2xx_cryp_aes.c...
compiling stm32f2xx_cryp_des.c...
compiling stm32f2xx_cryp_tdes.c...
compiling stm32f2xx_dac.c...
compiling stm32f2xx_dbgmcu.c...
compiling stm32f2xx_dcmi.c...
compiling stm32f2xx_dma.c...
compiling stm32f2xx_exti.c...
compiling stm32f2xx_flash.c...
compiling stm32f2xx_fsmc.c...
compiling stm32f2xx_gpio.c...
compiling stm32f2xx_hash.c...
compiling stm32f2xx_hash_md5.c...
compiling stm32f2xx_hash_sha1.c...
compiling stm32f2xx_i2c.c...
compiling stm32f2xx_it.c...
compiling stm32f2xx_iwdg.c...
compiling stm32f2xx_pwr.c...
compiling stm32f2xx_rcc.c...
compiling stm32f2xx_rng.c...
compiling stm32f2xx_rtc.c...
compiling stm32f2xx_sdio.c...
compiling stm32f2xx_spi.c...
compiling stm32f2xx_syscfg.c...
compiling stm32f2xx_tim.c...
compiling stm32f2xx_usart.c...
compiling stm32f2xx_wwdg.c...
compiling bsp.c...
compiling spo2tools.c...
compiling afe4490.c...
compiling afe4490oxiprocess.c...
compiling bciprotocol.c...
compiling algorithm.c...
compiling plethwave.c...
compiling parameterprocess.c...
compiling piprocess.c...
compiling ledcurrent.c...
compiling rtable.c...
compiling curvefitting.c...
compiling threshold.c...
compiling intcoeff.c...
compiling processpacket.c...
linking...
Program Size: Code=19372 RO-data=420 RW-data=1228 ZI-data=69044  
FromELF: creating hex file...
".\output\OneOXI-DM82.axf" - 0 Errors, 0 Warning(s).
Build target 'AFE4490'
compiling main.c...
compiling global.c...
compiling stm32f2xx_it.c...
".\output\OneOXI-DM82.axf" - 0 Errors, 0 Warning(s).
Project build/rebuild aborted.
Rebuild target 'AFE4490'
compiling main.c...
compiling global.c...
assembling fir_stm32.s...
assembling startup_stm32f2xx.s...
compiling system_stm32f2xx.c...
assembling iirarma_stm32.s...
compiling misc.c...
compiling stm32f2xx_adc.c...
compiling stm32f2xx_can.c...
compiling stm32f2xx_crc.c...
compiling stm32f2xx_cryp.c...
compiling stm32f2xx_cryp_aes.c...
compiling stm32f2xx_cryp_des.c...
compiling stm32f2xx_cryp_tdes.c...
compiling stm32f2xx_dac.c...
compiling stm32f2xx_dbgmcu.c...
compiling stm32f2xx_dcmi.c...
compiling stm32f2xx_dma.c...
compiling stm32f2xx_exti.c...
compiling stm32f2xx_flash.c...
compiling stm32f2xx_fsmc.c...
compiling stm32f2xx_gpio.c...
compiling stm32f2xx_hash.c...
compiling stm32f2xx_hash_md5.c...
compiling stm32f2xx_hash_sha1.c...
compiling stm32f2xx_i2c.c...
compiling stm32f2xx_it.c...
compiling stm32f2xx_iwdg.c...
compiling stm32f2xx_pwr.c...
compiling stm32f2xx_rcc.c...
compiling stm32f2xx_rng.c...
compiling stm32f2xx_rtc.c...
compiling stm32f2xx_sdio.c...
compiling stm32f2xx_spi.c...
compiling stm32f2xx_syscfg.c...
compiling stm32f2xx_tim.c...
compiling stm32f2xx_usart.c...
compiling stm32f2xx_wwdg.c...
compiling bsp.c...
compiling spo2tools.c...
compiling afe4490.c...
compiling afe4490oxiprocess.c...
compiling bciprotocol.c...
compiling algorithm.c...
compiling plethwave.c...
compiling parameterprocess.c...
compiling piprocess.c...
compiling ledcurrent.c...
compiling rtable.c...
compiling curvefitting.c...
compiling threshold.c...
compiling intcoeff.c...
compiling processpacket.c...
linking...
Program Size: Code=19372 RO-data=420 RW-data=1228 ZI-data=69044  
FromELF: creating hex file...
".\output\OneOXI-DM82.axf" - 0 Errors, 0 Warning(s).
Load "E:\\Work\\Oxi\\AFE4490\\Soft - YinZ\\output\\OneOXI-DM82.axf" 
Set JLink Project File to "E:\Work\Oxi\AFE4490\Soft - YinZ\JLinkSettings.ini"
 
JLink info:
------------
DLL: V4.26a, compiled Apr 28 2011 09:21:00
Firmware: J-Link ARM V8 compiled Apr 27 2011 20:42:35
Hardware: V8.00
S/N : 805306163 
Feature(s) : RDI,FlashDL,FlashBP,JFlash,GDBFull 
 
* JLink Info: TotalIRLen = 9, IRPrint = 0x0011
* JLink Info: Found Cortex-M3 r2p0, Little endian.
* JLink Info: TPIU fitted.
* JLink Info: ETM fitted.
* JLink Info:   FPUnit: 6 code (BP) slots and 2 literal slots
ROMTableAddr = 0xE00FF003
* JLink Info: TotalIRLen = 9, IRPrint = 0x0011
* JLink Info: Found Cortex-M3 r2p0, Little endian.
* JLink Info: TPIU fitted.
* JLink Info: ETM fitted.
* JLink Info:   FPUnit: 6 code (BP) slots and 2 literal slots
 
Target info:
------------
Device: STM32F205RG
VTarget = 3.319V
State of Pins: 
TCK: 1, TDI: 0, TDO: 1, TMS: 0, TRES: 1, TRST: 1
Hardware-Breakpoints: 6
Software-Breakpoints: 2048
Watchpoints:          4
JTAG speed: 2000 kHz
 
Erase Done.
Programming Done.
Verify OK.
Build target 'AFE4490'
compiling main.c...
compiling global.c...
compiling stm32f2xx_it.c...
compiling bsp.c...
compiling spo2tools.c...
compiling afe4490.c...
compiling afe4490oxiprocess.c...
compiling bciprotocol.c...
compiling algorithm.c...
compiling plethwave.c...
compiling parameterprocess.c...
compiling piprocess.c...
compiling ledcurrent.c...
compiling rtable.c...
compiling curvefitting.c...
compiling threshold.c...
compiling intcoeff.c...
compiling processpacket.c...
linking...
Program Size: Code=19260 RO-data=420 RW-data=1228 ZI-data=69044  
FromELF: creating hex file...
".\output\OneOXI-DM82.axf" - 0 Errors, 0 Warning(s).
Load "E:\\Work\\Oxi\\AFE4490\\Soft - YinZ\\output\\OneOXI-DM82.axf" 
Set JLink Project File to "E:\Work\Oxi\AFE4490\Soft - YinZ\JLinkSettings.ini"
 
JLink info:
------------
DLL: V4.26a, compiled Apr 28 2011 09:21:00
Firmware: J-Link ARM V8 compiled Apr 27 2011 20:42:35
Hardware: V8.00
S/N : 805306163 
Feature(s) : RDI,FlashDL,FlashBP,JFlash,GDBFull 
 
* JLink Info: TotalIRLen = 9, IRPrint = 0x0011
* JLink Info: Found Cortex-M3 r2p0, Little endian.
* JLink Info: TPIU fitted.
* JLink Info: ETM fitted.
* JLink Info:   FPUnit: 6 code (BP) slots and 2 literal slots
ROMTableAddr = 0xE00FF003
* JLink Info: TotalIRLen = 9, IRPrint = 0x0011
* JLink Info: Found Cortex-M3 r2p0, Little endian.
* JLink Info: TPIU fitted.
* JLink Info: ETM fitted.
* JLink Info:   FPUnit: 6 code (BP) slots and 2 literal slots
 
Target info:
------------
Device: STM32F205RG
VTarget = 3.313V
State of Pins: 
TCK: 1, TDI: 0, TDO: 0, TMS: 0, TRES: 1, TRST: 1
Hardware-Breakpoints: 6
Software-Breakpoints: 2048
Watchpoints:          4
JTAG speed: 2000 kHz
 
Erase Done.
Programming Done.
Verify OK.
